Archive member included to satisfy reference by file (symbol)

/usr/lib/gcc/arm-none-eabi/14.2.1/../../../arm-none-eabi/lib/thumb/v7e-m/nofp/libg.a(libc_a-memset.o)
                              /usr/lib/gcc/arm-none-eabi/14.2.1/../../../arm-none-eabi/lib/thumb/v7e-m/nofp/crt0.o (memset)
/usr/lib/gcc/arm-none-eabi/14.2.1/../../../arm-none-eabi/lib/thumb/v7e-m/nofp/libg.a(libc_a-fini.o)
                              /usr/lib/gcc/arm-none-eabi/14.2.1/../../../arm-none-eabi/lib/thumb/v7e-m/nofp/crt0.o (__libc_fini_array)
/usr/lib/gcc/arm-none-eabi/14.2.1/../../../arm-none-eabi/lib/thumb/v7e-m/nofp/libg.a(libc_a-exit.o)
                              /usr/lib/gcc/arm-none-eabi/14.2.1/../../../arm-none-eabi/lib/thumb/v7e-m/nofp/crt0.o (exit)
/usr/lib/gcc/arm-none-eabi/14.2.1/../../../arm-none-eabi/lib/thumb/v7e-m/nofp/libg.a(libc_a-atexit.o)
                              /usr/lib/gcc/arm-none-eabi/14.2.1/../../../arm-none-eabi/lib/thumb/v7e-m/nofp/crt0.o (atexit)
/usr/lib/gcc/arm-none-eabi/14.2.1/../../../arm-none-eabi/lib/thumb/v7e-m/nofp/libg.a(libc_a-init.o)
                              /usr/lib/gcc/arm-none-eabi/14.2.1/../../../arm-none-eabi/lib/thumb/v7e-m/nofp/crt0.o (__libc_init_array)
/usr/lib/gcc/arm-none-eabi/14.2.1/../../../arm-none-eabi/lib/thumb/v7e-m/nofp/libg.a(libc_a-findfp.o)
                              /usr/lib/gcc/arm-none-eabi/14.2.1/../../../arm-none-eabi/lib/thumb/v7e-m/nofp/libg.a(libc_a-exit.o) (__stdio_exit_handler)
/usr/lib/gcc/arm-none-eabi/14.2.1/../../../arm-none-eabi/lib/thumb/v7e-m/nofp/libg.a(libc_a-fclose.o)
                              /usr/lib/gcc/arm-none-eabi/14.2.1/../../../arm-none-eabi/lib/thumb/v7e-m/nofp/libg.a(libc_a-findfp.o) (_fclose_r)
/usr/lib/gcc/arm-none-eabi/14.2.1/../../../arm-none-eabi/lib/thumb/v7e-m/nofp/libg.a(libc_a-mallocr.o)
                              /usr/lib/gcc/arm-none-eabi/14.2.1/../../../arm-none-eabi/lib/thumb/v7e-m/nofp/libg.a(libc_a-findfp.o) (_malloc_r)
/usr/lib/gcc/arm-none-eabi/14.2.1/../../../arm-none-eabi/lib/thumb/v7e-m/nofp/libg.a(libc_a-freer.o)
                              /usr/lib/gcc/arm-none-eabi/14.2.1/../../../arm-none-eabi/lib/thumb/v7e-m/nofp/libg.a(libc_a-fclose.o) (_free_r)
/usr/lib/gcc/arm-none-eabi/14.2.1/../../../arm-none-eabi/lib/thumb/v7e-m/nofp/libg.a(libc_a-__call_atexit.o)
                              /usr/lib/gcc/arm-none-eabi/14.2.1/../../../arm-none-eabi/lib/thumb/v7e-m/nofp/libg.a(libc_a-exit.o) (__call_exitprocs)
/usr/lib/gcc/arm-none-eabi/14.2.1/../../../arm-none-eabi/lib/thumb/v7e-m/nofp/libg.a(libc_a-__atexit.o)
                              /usr/lib/gcc/arm-none-eabi/14.2.1/../../../arm-none-eabi/lib/thumb/v7e-m/nofp/libg.a(libc_a-atexit.o) (__register_exitproc)
/usr/lib/gcc/arm-none-eabi/14.2.1/../../../arm-none-eabi/lib/thumb/v7e-m/nofp/libg.a(libc_a-mlock.o)
                              /usr/lib/gcc/arm-none-eabi/14.2.1/../../../arm-none-eabi/lib/thumb/v7e-m/nofp/libg.a(libc_a-mallocr.o) (__malloc_lock)
/usr/lib/gcc/arm-none-eabi/14.2.1/../../../arm-none-eabi/lib/thumb/v7e-m/nofp/libg.a(libc_a-sbrkr.o)
                              /usr/lib/gcc/arm-none-eabi/14.2.1/../../../arm-none-eabi/lib/thumb/v7e-m/nofp/libg.a(libc_a-mallocr.o) (_sbrk_r)
/usr/lib/gcc/arm-none-eabi/14.2.1/../../../arm-none-eabi/lib/thumb/v7e-m/nofp/libg.a(libc_a-stdio.o)
                              /usr/lib/gcc/arm-none-eabi/14.2.1/../../../arm-none-eabi/lib/thumb/v7e-m/nofp/libg.a(libc_a-findfp.o) (__sread)
/usr/lib/gcc/arm-none-eabi/14.2.1/../../../arm-none-eabi/lib/thumb/v7e-m/nofp/libg.a(libc_a-fflush.o)
                              /usr/lib/gcc/arm-none-eabi/14.2.1/../../../arm-none-eabi/lib/thumb/v7e-m/nofp/libg.a(libc_a-fclose.o) (__sflush_r)
/usr/lib/gcc/arm-none-eabi/14.2.1/../../../arm-none-eabi/lib/thumb/v7e-m/nofp/libg.a(libc_a-fwalk.o)
                              /usr/lib/gcc/arm-none-eabi/14.2.1/../../../arm-none-eabi/lib/thumb/v7e-m/nofp/libg.a(libc_a-findfp.o) (_fwalk_sglue)
/usr/lib/gcc/arm-none-eabi/14.2.1/../../../arm-none-eabi/lib/thumb/v7e-m/nofp/libg.a(libc_a-impure.o)
                              /usr/lib/gcc/arm-none-eabi/14.2.1/../../../arm-none-eabi/lib/thumb/v7e-m/nofp/libg.a(libc_a-fclose.o) (_impure_ptr)
/usr/lib/gcc/arm-none-eabi/14.2.1/../../../arm-none-eabi/lib/thumb/v7e-m/nofp/libg.a(libc_a-sysconf.o)
                              /usr/lib/gcc/arm-none-eabi/14.2.1/../../../arm-none-eabi/lib/thumb/v7e-m/nofp/libg.a(libc_a-mallocr.o) (sysconf)
/usr/lib/gcc/arm-none-eabi/14.2.1/../../../arm-none-eabi/lib/thumb/v7e-m/nofp/libg.a(libc_a-reent.o)
                              /usr/lib/gcc/arm-none-eabi/14.2.1/../../../arm-none-eabi/lib/thumb/v7e-m/nofp/libg.a(libc_a-sbrkr.o) (errno)
/usr/lib/gcc/arm-none-eabi/14.2.1/../../../arm-none-eabi/lib/thumb/v7e-m/nofp/libg.a(libc_a-errno.o)
                              /usr/lib/gcc/arm-none-eabi/14.2.1/../../../arm-none-eabi/lib/thumb/v7e-m/nofp/libg.a(libc_a-sysconf.o) (__errno)
/usr/lib/gcc/arm-none-eabi/14.2.1/../../../arm-none-eabi/lib/thumb/v7e-m/nofp/libg.a(libc_a-writer.o)
                              /usr/lib/gcc/arm-none-eabi/14.2.1/../../../arm-none-eabi/lib/thumb/v7e-m/nofp/libg.a(libc_a-stdio.o) (_write_r)
/usr/lib/gcc/arm-none-eabi/14.2.1/../../../arm-none-eabi/lib/thumb/v7e-m/nofp/libg.a(libc_a-closer.o)
                              /usr/lib/gcc/arm-none-eabi/14.2.1/../../../arm-none-eabi/lib/thumb/v7e-m/nofp/libg.a(libc_a-stdio.o) (_close_r)
/usr/lib/gcc/arm-none-eabi/14.2.1/../../../arm-none-eabi/lib/thumb/v7e-m/nofp/libg.a(libc_a-lseekr.o)
                              /usr/lib/gcc/arm-none-eabi/14.2.1/../../../arm-none-eabi/lib/thumb/v7e-m/nofp/libg.a(libc_a-stdio.o) (_lseek_r)
/usr/lib/gcc/arm-none-eabi/14.2.1/../../../arm-none-eabi/lib/thumb/v7e-m/nofp/libg.a(libc_a-readr.o)
                              /usr/lib/gcc/arm-none-eabi/14.2.1/../../../arm-none-eabi/lib/thumb/v7e-m/nofp/libg.a(libc_a-stdio.o) (_read_r)

Discarded input sections

 .text          0x00000000        0x0 /usr/lib/gcc/arm-none-eabi/14.2.1/thumb/v7e-m/nofp/crti.o
 .data          0x00000000        0x0 /usr/lib/gcc/arm-none-eabi/14.2.1/thumb/v7e-m/nofp/crti.o
 .bss           0x00000000        0x0 /usr/lib/gcc/arm-none-eabi/14.2.1/thumb/v7e-m/nofp/crti.o
 .text          0x00000000       0x88 /usr/lib/gcc/arm-none-eabi/14.2.1/thumb/v7e-m/nofp/crtbegin.o
 .data          0x00000000        0x4 /usr/lib/gcc/arm-none-eabi/14.2.1/thumb/v7e-m/nofp/crtbegin.o
 .bss           0x00000000       0x1c /usr/lib/gcc/arm-none-eabi/14.2.1/thumb/v7e-m/nofp/crtbegin.o
 .rodata        0x00000000       0x24 /usr/lib/gcc/arm-none-eabi/14.2.1/thumb/v7e-m/nofp/crtbegin.o
 .init_array    0x00000000        0x4 /usr/lib/gcc/arm-none-eabi/14.2.1/thumb/v7e-m/nofp/crtbegin.o
 .fini_array    0x00000000        0x4 /usr/lib/gcc/arm-none-eabi/14.2.1/thumb/v7e-m/nofp/crtbegin.o
 .eh_frame      0x00000000        0x0 /usr/lib/gcc/arm-none-eabi/14.2.1/thumb/v7e-m/nofp/crtbegin.o
 .tm_clone_table
                0x00000000        0x0 /usr/lib/gcc/arm-none-eabi/14.2.1/thumb/v7e-m/nofp/crtbegin.o
 .comment       0x00000000       0x27 /usr/lib/gcc/arm-none-eabi/14.2.1/thumb/v7e-m/nofp/crtbegin.o
 .ARM.attributes
                0x00000000       0x2e /usr/lib/gcc/arm-none-eabi/14.2.1/thumb/v7e-m/nofp/crtbegin.o
 .text          0x00000000       0x70 /usr/lib/gcc/arm-none-eabi/14.2.1/../../../arm-none-eabi/lib/thumb/v7e-m/nofp/crt0.o
 .data          0x00000000        0x0 /usr/lib/gcc/arm-none-eabi/14.2.1/../../../arm-none-eabi/lib/thumb/v7e-m/nofp/crt0.o
 .bss           0x00000000        0x0 /usr/lib/gcc/arm-none-eabi/14.2.1/../../../arm-none-eabi/lib/thumb/v7e-m/nofp/crt0.o
 .ARM.extab     0x00000000        0x0 /usr/lib/gcc/arm-none-eabi/14.2.1/../../../arm-none-eabi/lib/thumb/v7e-m/nofp/crt0.o
 .ARM.exidx     0x00000000       0x10 /usr/lib/gcc/arm-none-eabi/14.2.1/../../../arm-none-eabi/lib/thumb/v7e-m/nofp/crt0.o
 .debug_line    0x00000000       0x75 /usr/lib/gcc/arm-none-eabi/14.2.1/../../../arm-none-eabi/lib/thumb/v7e-m/nofp/crt0.o
 .debug_line_str
                0x00000000       0x83 /usr/lib/gcc/arm-none-eabi/14.2.1/../../../arm-none-eabi/lib/thumb/v7e-m/nofp/crt0.o
 .debug_info    0x00000000       0x24 /usr/lib/gcc/arm-none-eabi/14.2.1/../../../arm-none-eabi/lib/thumb/v7e-m/nofp/crt0.o
 .debug_abbrev  0x00000000       0x14 /usr/lib/gcc/arm-none-eabi/14.2.1/../../../arm-none-eabi/lib/thumb/v7e-m/nofp/crt0.o
 .debug_aranges
                0x00000000       0x20 /usr/lib/gcc/arm-none-eabi/14.2.1/../../../arm-none-eabi/lib/thumb/v7e-m/nofp/crt0.o
 .debug_str     0x00000000       0x92 /usr/lib/gcc/arm-none-eabi/14.2.1/../../../arm-none-eabi/lib/thumb/v7e-m/nofp/crt0.o
 .ARM.attributes
                0x00000000       0x1c /usr/lib/gcc/arm-none-eabi/14.2.1/../../../arm-none-eabi/lib/thumb/v7e-m/nofp/crt0.o
 .text          0x00000000        0x0 ../Build_Result/Driver/Static/Driver_Init/init_static_gdb.o
 .data          0x00000000        0x0 ../Build_Result/Driver/Static/Driver_Init/init_static_gdb.o
 .bss           0x00000000        0x0 ../Build_Result/Driver/Static/Driver_Init/init_static_gdb.o
 .text          0x00000000        0x0 ../Build_Result/Driver/Config/Communication/UART/UART_gdb.o
 .data          0x00000000        0x0 ../Build_Result/Driver/Config/Communication/UART/UART_gdb.o
 .bss           0x00000000        0x0 ../Build_Result/Driver/Config/Communication/UART/UART_gdb.o
 .rodata        0x00000000       0x18 ../Build_Result/Driver/Config/Communication/UART/UART_gdb.o
 .text.UART_init
                0x00000000      0x598 ../Build_Result/Driver/Config/Communication/UART/UART_gdb.o
 .text.UART_transmit
                0x00000000       0x9c ../Build_Result/Driver/Config/Communication/UART/UART_gdb.o
 .text.UART_Read
                0x00000000      0x2a4 ../Build_Result/Driver/Config/Communication/UART/UART_gdb.o
 .text          0x00000000        0x0 ../Build_Result/Driver/Config/Communication/I2C/I2C_gdb.o
 .data          0x00000000        0x0 ../Build_Result/Driver/Config/Communication/I2C/I2C_gdb.o
 .bss           0x00000000        0x0 ../Build_Result/Driver/Config/Communication/I2C/I2C_gdb.o
 .data.I2C1_reg
                0x00000000        0x4 ../Build_Result/Driver/Config/Communication/I2C/I2C_gdb.o
 .text.I2C_init
                0x00000000       0x16 ../Build_Result/Driver/Config/Communication/I2C/I2C_gdb.o
 .debug_info    0x00000000      0x17b ../Build_Result/Driver/Config/Communication/I2C/I2C_gdb.o
 .debug_abbrev  0x00000000       0xdd ../Build_Result/Driver/Config/Communication/I2C/I2C_gdb.o
 .debug_aranges
                0x00000000       0x20 ../Build_Result/Driver/Config/Communication/I2C/I2C_gdb.o
 .debug_rnglists
                0x00000000       0x13 ../Build_Result/Driver/Config/Communication/I2C/I2C_gdb.o
 .debug_line    0x00000000       0xd6 ../Build_Result/Driver/Config/Communication/I2C/I2C_gdb.o
 .debug_str     0x00000000      0x1f4 ../Build_Result/Driver/Config/Communication/I2C/I2C_gdb.o
 .comment       0x00000000       0x27 ../Build_Result/Driver/Config/Communication/I2C/I2C_gdb.o
 .debug_frame   0x00000000       0x38 ../Build_Result/Driver/Config/Communication/I2C/I2C_gdb.o
 .ARM.attributes
                0x00000000       0x2e ../Build_Result/Driver/Config/Communication/I2C/I2C_gdb.o
 .text          0x00000000        0x0 ../Build_Result/Driver/Config/Interrupt/Interrupt_gdb.o
 .data          0x00000000        0x0 ../Build_Result/Driver/Config/Interrupt/Interrupt_gdb.o
 .bss           0x00000000        0x0 ../Build_Result/Driver/Config/Interrupt/Interrupt_gdb.o
 .data.SYSCFG_reg
                0x00000000        0x4 ../Build_Result/Driver/Config/Interrupt/Interrupt_gdb.o
 .text.NVIC_ICER_setVal
                0x00000000       0x4c ../Build_Result/Driver/Config/Interrupt/Interrupt_gdb.o
 .text.Ex_Interrupt
                0x00000000      0x214 ../Build_Result/Driver/Config/Interrupt/Interrupt_gdb.o
 .text          0x00000000        0x0 ../Build_Result/Driver/Config/Driver_Init/init_gdb.o
 .data          0x00000000        0x0 ../Build_Result/Driver/Config/Driver_Init/init_gdb.o
 .bss           0x00000000        0x0 ../Build_Result/Driver/Config/Driver_Init/init_gdb.o
 .text          0x00000000        0x0 ../Build_Result/Driver/Config/Timer/Timer_Init_gdb.o
 .data          0x00000000        0x0 ../Build_Result/Driver/Config/Timer/Timer_Init_gdb.o
 .bss           0x00000000        0x0 ../Build_Result/Driver/Config/Timer/Timer_Init_gdb.o
 .bss.TIMxFrequency
                0x00000000        0xe ../Build_Result/Driver/Config/Timer/Timer_Init_gdb.o
 .text.Timer_init
                0x00000000      0x488 ../Build_Result/Driver/Config/Timer/Timer_Init_gdb.o
 .text          0x00000000        0x0 ../Build_Result/Driver/Config/Timer/PWM/PWM_gdb.o
 .data          0x00000000        0x0 ../Build_Result/Driver/Config/Timer/PWM/PWM_gdb.o
 .bss           0x00000000        0x0 ../Build_Result/Driver/Config/Timer/PWM/PWM_gdb.o
 .text.PWM_init
                0x00000000     0x129c ../Build_Result/Driver/Config/Timer/PWM/PWM_gdb.o
 .text          0x00000000        0x0 ../Build_Result/Driver/Config/GPIO/GPIO_gdb.o
 .data          0x00000000        0x0 ../Build_Result/Driver/Config/GPIO/GPIO_gdb.o
 .bss           0x00000000        0x0 ../Build_Result/Driver/Config/GPIO/GPIO_gdb.o
 .text.GPIO_IN_getVal
                0x00000000       0x54 ../Build_Result/Driver/Config/GPIO/GPIO_gdb.o
 .text          0x00000000        0x0 ../Build_Result/Driver/Config/Watchdog/WWDG_gdb.o
 .data          0x00000000        0x0 ../Build_Result/Driver/Config/Watchdog/WWDG_gdb.o
 .bss           0x00000000        0x0 ../Build_Result/Driver/Config/Watchdog/WWDG_gdb.o
 .text.WWDG_reset
                0x00000000       0x20 ../Build_Result/Driver/Config/Watchdog/WWDG_gdb.o
 .text          0x00000000        0x0 ../Build_Result/Driver/Config/Watchdog/IWDG_gdb.o
 .data          0x00000000        0x0 ../Build_Result/Driver/Config/Watchdog/IWDG_gdb.o
 .bss           0x00000000        0x0 ../Build_Result/Driver/Config/Watchdog/IWDG_gdb.o
 .data.IWDG_reg
                0x00000000        0x4 ../Build_Result/Driver/Config/Watchdog/IWDG_gdb.o
 .text.IWDG_init
                0x00000000       0xc4 ../Build_Result/Driver/Config/Watchdog/IWDG_gdb.o
 .text.IWDG_reset
                0x00000000       0x28 ../Build_Result/Driver/Config/Watchdog/IWDG_gdb.o
 .debug_info    0x00000000      0x17c ../Build_Result/Driver/Config/Watchdog/IWDG_gdb.o
 .debug_abbrev  0x00000000      0x107 ../Build_Result/Driver/Config/Watchdog/IWDG_gdb.o
 .debug_aranges
                0x00000000       0x28 ../Build_Result/Driver/Config/Watchdog/IWDG_gdb.o
 .debug_rnglists
                0x00000000       0x1a ../Build_Result/Driver/Config/Watchdog/IWDG_gdb.o
 .debug_line    0x00000000      0x152 ../Build_Result/Driver/Config/Watchdog/IWDG_gdb.o
 .debug_str     0x00000000      0x233 ../Build_Result/Driver/Config/Watchdog/IWDG_gdb.o
 .comment       0x00000000       0x27 ../Build_Result/Driver/Config/Watchdog/IWDG_gdb.o
 .debug_frame   0x00000000       0x58 ../Build_Result/Driver/Config/Watchdog/IWDG_gdb.o
 .ARM.attributes
                0x00000000       0x2e ../Build_Result/Driver/Config/Watchdog/IWDG_gdb.o
 .text          0x00000000        0x0 ../Build_Result/Driver/Config/DMA/DMA_gdb.o
 .data          0x00000000        0x0 ../Build_Result/Driver/Config/DMA/DMA_gdb.o
 .bss           0x00000000        0x0 ../Build_Result/Driver/Config/DMA/DMA_gdb.o
 .rodata.clearFlag_shiftBit_arr
                0x00000000        0x4 ../Build_Result/Driver/Config/DMA/DMA_gdb.o
 .text.DMA_direct_init
                0x00000000      0x5d4 ../Build_Result/Driver/Config/DMA/DMA_gdb.o
 .text.DMA_transfer
                0x00000000      0x118 ../Build_Result/Driver/Config/DMA/DMA_gdb.o
 .text.Enable_DMA_interruptLine
                0x00000000      0x148 ../Build_Result/Driver/Config/DMA/DMA_gdb.o
 .text          0x00000000        0x0 ../Build_Result/StartupCode/startup__stm32f407vet6_gdb.o
 .data          0x00000000        0x0 ../Build_Result/StartupCode/startup__stm32f407vet6_gdb.o
 .bss           0x00000000        0x0 ../Build_Result/StartupCode/startup__stm32f407vet6_gdb.o
 .text          0x00000000        0x0 ../Build_Result/Control/main_gdb.o
 .data          0x00000000        0x0 ../Build_Result/Control/main_gdb.o
 .bss           0x00000000        0x0 ../Build_Result/Control/main_gdb.o
 .text          0x00000000        0x0 ../Build_Result/Algorithm/queue/queue_gdb.o
 .data          0x00000000        0x0 ../Build_Result/Algorithm/queue/queue_gdb.o
 .bss           0x00000000        0x0 ../Build_Result/Algorithm/queue/queue_gdb.o
 .text.queue_init
                0x00000000       0x22 ../Build_Result/Algorithm/queue/queue_gdb.o
 .text.queue_enqueue
                0x00000000       0x84 ../Build_Result/Algorithm/queue/queue_gdb.o
 .text.queue_dequeue
                0x00000000       0xa8 ../Build_Result/Algorithm/queue/queue_gdb.o
 .text.queue_get_size
                0x00000000       0x64 ../Build_Result/Algorithm/queue/queue_gdb.o
 .debug_info    0x00000000      0x207 ../Build_Result/Algorithm/queue/queue_gdb.o
 .debug_abbrev  0x00000000      0x135 ../Build_Result/Algorithm/queue/queue_gdb.o
 .debug_aranges
                0x00000000       0x38 ../Build_Result/Algorithm/queue/queue_gdb.o
 .debug_rnglists
                0x00000000       0x27 ../Build_Result/Algorithm/queue/queue_gdb.o
 .debug_line    0x00000000      0x1bc ../Build_Result/Algorithm/queue/queue_gdb.o
 .debug_str     0x00000000      0x244 ../Build_Result/Algorithm/queue/queue_gdb.o
 .comment       0x00000000       0x27 ../Build_Result/Algorithm/queue/queue_gdb.o
 .debug_frame   0x00000000       0xac ../Build_Result/Algorithm/queue/queue_gdb.o
 .ARM.attributes
                0x00000000       0x2e ../Build_Result/Algorithm/queue/queue_gdb.o
 .text          0x00000000       0xa4 /usr/lib/gcc/arm-none-eabi/14.2.1/../../../arm-none-eabi/lib/thumb/v7e-m/nofp/libg.a(libc_a-memset.o)
 .data          0x00000000        0x0 /usr/lib/gcc/arm-none-eabi/14.2.1/../../../arm-none-eabi/lib/thumb/v7e-m/nofp/libg.a(libc_a-memset.o)
 .bss           0x00000000        0x0 /usr/lib/gcc/arm-none-eabi/14.2.1/../../../arm-none-eabi/lib/thumb/v7e-m/nofp/libg.a(libc_a-memset.o)
 .debug_info    0x00000000      0x135 /usr/lib/gcc/arm-none-eabi/14.2.1/../../../arm-none-eabi/lib/thumb/v7e-m/nofp/libg.a(libc_a-memset.o)
 .debug_abbrev  0x00000000       0xb7 /usr/lib/gcc/arm-none-eabi/14.2.1/../../../arm-none-eabi/lib/thumb/v7e-m/nofp/libg.a(libc_a-memset.o)
 .debug_loclists
                0x00000000      0x1c2 /usr/lib/gcc/arm-none-eabi/14.2.1/../../../arm-none-eabi/lib/thumb/v7e-m/nofp/libg.a(libc_a-memset.o)
 .debug_aranges
                0x00000000       0x20 /usr/lib/gcc/arm-none-eabi/14.2.1/../../../arm-none-eabi/lib/thumb/v7e-m/nofp/libg.a(libc_a-memset.o)
 .debug_line    0x00000000      0x1ba /usr/lib/gcc/arm-none-eabi/14.2.1/../../../arm-none-eabi/lib/thumb/v7e-m/nofp/libg.a(libc_a-memset.o)
 .debug_str     0x00000000      0x1a6 /usr/lib/gcc/arm-none-eabi/14.2.1/../../../arm-none-eabi/lib/thumb/v7e-m/nofp/libg.a(libc_a-memset.o)
 .comment       0x00000000       0x27 /usr/lib/gcc/arm-none-eabi/14.2.1/../../../arm-none-eabi/lib/thumb/v7e-m/nofp/libg.a(libc_a-memset.o)
 .debug_frame   0x00000000       0x2c /usr/lib/gcc/arm-none-eabi/14.2.1/../../../arm-none-eabi/lib/thumb/v7e-m/nofp/libg.a(libc_a-memset.o)
 .ARM.attributes
                0x00000000       0x2e /usr/lib/gcc/arm-none-eabi/14.2.1/../../../arm-none-eabi/lib/thumb/v7e-m/nofp/libg.a(libc_a-memset.o)
 .text          0x00000000       0x28 /usr/lib/gcc/arm-none-eabi/14.2.1/../../../arm-none-eabi/lib/thumb/v7e-m/nofp/libg.a(libc_a-fini.o)
 .data          0x00000000        0x0 /usr/lib/gcc/arm-none-eabi/14.2.1/../../../arm-none-eabi/lib/thumb/v7e-m/nofp/libg.a(libc_a-fini.o)
 .bss           0x00000000        0x0 /usr/lib/gcc/arm-none-eabi/14.2.1/../../../arm-none-eabi/lib/thumb/v7e-m/nofp/libg.a(libc_a-fini.o)
 .debug_info    0x00000000       0xf7 /usr/lib/gcc/arm-none-eabi/14.2.1/../../../arm-none-eabi/lib/thumb/v7e-m/nofp/libg.a(libc_a-fini.o)
 .debug_abbrev  0x00000000       0xcc /usr/lib/gcc/arm-none-eabi/14.2.1/../../../arm-none-eabi/lib/thumb/v7e-m/nofp/libg.a(libc_a-fini.o)
 .debug_loclists
                0x00000000       0x42 /usr/lib/gcc/arm-none-eabi/14.2.1/../../../arm-none-eabi/lib/thumb/v7e-m/nofp/libg.a(libc_a-fini.o)
 .debug_aranges
                0x00000000       0x20 /usr/lib/gcc/arm-none-eabi/14.2.1/../../../arm-none-eabi/lib/thumb/v7e-m/nofp/libg.a(libc_a-fini.o)
 .debug_line    0x00000000       0xd2 /usr/lib/gcc/arm-none-eabi/14.2.1/../../../arm-none-eabi/lib/thumb/v7e-m/nofp/libg.a(libc_a-fini.o)
 .debug_str     0x00000000      0x1c9 /usr/lib/gcc/arm-none-eabi/14.2.1/../../../arm-none-eabi/lib/thumb/v7e-m/nofp/libg.a(libc_a-fini.o)
 .comment       0x00000000       0x27 /usr/lib/gcc/arm-none-eabi/14.2.1/../../../arm-none-eabi/lib/thumb/v7e-m/nofp/libg.a(libc_a-fini.o)
 .debug_frame   0x00000000       0x34 /usr/lib/gcc/arm-none-eabi/14.2.1/../../../arm-none-eabi/lib/thumb/v7e-m/nofp/libg.a(libc_a-fini.o)
 .ARM.attributes
                0x00000000       0x2e /usr/lib/gcc/arm-none-eabi/14.2.1/../../../arm-none-eabi/lib/thumb/v7e-m/nofp/libg.a(libc_a-fini.o)
 .text          0x00000000       0x1c /usr/lib/gcc/arm-none-eabi/14.2.1/../../../arm-none-eabi/lib/thumb/v7e-m/nofp/libg.a(libc_a-exit.o)
 .data          0x00000000        0x0 /usr/lib/gcc/arm-none-eabi/14.2.1/../../../arm-none-eabi/lib/thumb/v7e-m/nofp/libg.a(libc_a-exit.o)
 .bss           0x00000000        0x0 /usr/lib/gcc/arm-none-eabi/14.2.1/../../../arm-none-eabi/lib/thumb/v7e-m/nofp/libg.a(libc_a-exit.o)
 .debug_info    0x00000000      0x10a /usr/lib/gcc/arm-none-eabi/14.2.1/../../../arm-none-eabi/lib/thumb/v7e-m/nofp/libg.a(libc_a-exit.o)
 .debug_abbrev  0x00000000       0xd5 /usr/lib/gcc/arm-none-eabi/14.2.1/../../../arm-none-eabi/lib/thumb/v7e-m/nofp/libg.a(libc_a-exit.o)
 .debug_loclists
                0x00000000       0x1b /usr/lib/gcc/arm-none-eabi/14.2.1/../../../arm-none-eabi/lib/thumb/v7e-m/nofp/libg.a(libc_a-exit.o)
 .debug_aranges
                0x00000000       0x20 /usr/lib/gcc/arm-none-eabi/14.2.1/../../../arm-none-eabi/lib/thumb/v7e-m/nofp/libg.a(libc_a-exit.o)
 .debug_line    0x00000000      0x141 /usr/lib/gcc/arm-none-eabi/14.2.1/../../../arm-none-eabi/lib/thumb/v7e-m/nofp/libg.a(libc_a-exit.o)
 .debug_str     0x00000000      0x1b8 /usr/lib/gcc/arm-none-eabi/14.2.1/../../../arm-none-eabi/lib/thumb/v7e-m/nofp/libg.a(libc_a-exit.o)
 .comment       0x00000000       0x27 /usr/lib/gcc/arm-none-eabi/14.2.1/../../../arm-none-eabi/lib/thumb/v7e-m/nofp/libg.a(libc_a-exit.o)
 .debug_frame   0x00000000       0x28 /usr/lib/gcc/arm-none-eabi/14.2.1/../../../arm-none-eabi/lib/thumb/v7e-m/nofp/libg.a(libc_a-exit.o)
 .ARM.attributes
                0x00000000       0x2e /usr/lib/gcc/arm-none-eabi/14.2.1/../../../arm-none-eabi/lib/thumb/v7e-m/nofp/libg.a(libc_a-exit.o)
 .text          0x00000000        0xc /usr/lib/gcc/arm-none-eabi/14.2.1/../../../arm-none-eabi/lib/thumb/v7e-m/nofp/libg.a(libc_a-atexit.o)
 .data          0x00000000        0x0 /usr/lib/gcc/arm-none-eabi/14.2.1/../../../arm-none-eabi/lib/thumb/v7e-m/nofp/libg.a(libc_a-atexit.o)
 .bss           0x00000000        0x0 /usr/lib/gcc/arm-none-eabi/14.2.1/../../../arm-none-eabi/lib/thumb/v7e-m/nofp/libg.a(libc_a-atexit.o)
 .debug_info    0x00000000      0x11e /usr/lib/gcc/arm-none-eabi/14.2.1/../../../arm-none-eabi/lib/thumb/v7e-m/nofp/libg.a(libc_a-atexit.o)
 .debug_abbrev  0x00000000       0xc1 /usr/lib/gcc/arm-none-eabi/14.2.1/../../../arm-none-eabi/lib/thumb/v7e-m/nofp/libg.a(libc_a-atexit.o)
 .debug_loclists
                0x00000000       0x2b /usr/lib/gcc/arm-none-eabi/14.2.1/../../../arm-none-eabi/lib/thumb/v7e-m/nofp/libg.a(libc_a-atexit.o)
 .debug_aranges
                0x00000000       0x20 /usr/lib/gcc/arm-none-eabi/14.2.1/../../../arm-none-eabi/lib/thumb/v7e-m/nofp/libg.a(libc_a-atexit.o)
 .debug_line    0x00000000       0xc7 /usr/lib/gcc/arm-none-eabi/14.2.1/../../../arm-none-eabi/lib/thumb/v7e-m/nofp/libg.a(libc_a-atexit.o)
 .debug_str     0x00000000      0x1cf /usr/lib/gcc/arm-none-eabi/14.2.1/../../../arm-none-eabi/lib/thumb/v7e-m/nofp/libg.a(libc_a-atexit.o)
 .comment       0x00000000       0x27 /usr/lib/gcc/arm-none-eabi/14.2.1/../../../arm-none-eabi/lib/thumb/v7e-m/nofp/libg.a(libc_a-atexit.o)
 .debug_frame   0x00000000       0x20 /usr/lib/gcc/arm-none-eabi/14.2.1/../../../arm-none-eabi/lib/thumb/v7e-m/nofp/libg.a(libc_a-atexit.o)
 .ARM.attributes
                0x00000000       0x2e /usr/lib/gcc/arm-none-eabi/14.2.1/../../../arm-none-eabi/lib/thumb/v7e-m/nofp/libg.a(libc_a-atexit.o)
 .text          0x00000000       0x50 /usr/lib/gcc/arm-none-eabi/14.2.1/../../../arm-none-eabi/lib/thumb/v7e-m/nofp/libg.a(libc_a-init.o)
 .data          0x00000000        0x0 /usr/lib/gcc/arm-none-eabi/14.2.1/../../../arm-none-eabi/lib/thumb/v7e-m/nofp/libg.a(libc_a-init.o)
 .bss           0x00000000        0x0 /usr/lib/gcc/arm-none-eabi/14.2.1/../../../arm-none-eabi/lib/thumb/v7e-m/nofp/libg.a(libc_a-init.o)
 .debug_info    0x00000000      0x10b /usr/lib/gcc/arm-none-eabi/14.2.1/../../../arm-none-eabi/lib/thumb/v7e-m/nofp/libg.a(libc_a-init.o)
 .debug_abbrev  0x00000000       0xc9 /usr/lib/gcc/arm-none-eabi/14.2.1/../../../arm-none-eabi/lib/thumb/v7e-m/nofp/libg.a(libc_a-init.o)
 .debug_loclists
                0x00000000       0x65 /usr/lib/gcc/arm-none-eabi/14.2.1/../../../arm-none-eabi/lib/thumb/v7e-m/nofp/libg.a(libc_a-init.o)
 .debug_aranges
                0x00000000       0x20 /usr/lib/gcc/arm-none-eabi/14.2.1/../../../arm-none-eabi/lib/thumb/v7e-m/nofp/libg.a(libc_a-init.o)
 .debug_line    0x00000000      0x11e /usr/lib/gcc/arm-none-eabi/14.2.1/../../../arm-none-eabi/lib/thumb/v7e-m/nofp/libg.a(libc_a-init.o)
 .debug_str     0x00000000      0x1f3 /usr/lib/gcc/arm-none-eabi/14.2.1/../../../arm-none-eabi/lib/thumb/v7e-m/nofp/libg.a(libc_a-init.o)
 .comment       0x00000000       0x27 /usr/lib/gcc/arm-none-eabi/14.2.1/../../../arm-none-eabi/lib/thumb/v7e-m/nofp/libg.a(libc_a-init.o)
 .debug_frame   0x00000000       0x2c /usr/lib/gcc/arm-none-eabi/14.2.1/../../../arm-none-eabi/lib/thumb/v7e-m/nofp/libg.a(libc_a-init.o)
 .ARM.attributes
                0x00000000       0x2e /usr/lib/gcc/arm-none-eabi/14.2.1/../../../arm-none-eabi/lib/thumb/v7e-m/nofp/libg.a(libc_a-init.o)
 .text          0x00000000      0x224 /usr/lib/gcc/arm-none-eabi/14.2.1/../../../arm-none-eabi/lib/thumb/v7e-m/nofp/libg.a(libc_a-findfp.o)
 .data          0x00000000        0xc /usr/lib/gcc/arm-none-eabi/14.2.1/../../../arm-none-eabi/lib/thumb/v7e-m/nofp/libg.a(libc_a-findfp.o)
 .bss           0x00000000      0x13c /usr/lib/gcc/arm-none-eabi/14.2.1/../../../arm-none-eabi/lib/thumb/v7e-m/nofp/libg.a(libc_a-findfp.o)
 .debug_info    0x00000000      0xec5 /usr/lib/gcc/arm-none-eabi/14.2.1/../../../arm-none-eabi/lib/thumb/v7e-m/nofp/libg.a(libc_a-findfp.o)
 .debug_abbrev  0x00000000      0x446 /usr/lib/gcc/arm-none-eabi/14.2.1/../../../arm-none-eabi/lib/thumb/v7e-m/nofp/libg.a(libc_a-findfp.o)
 .debug_loclists
                0x00000000      0x1d0 /usr/lib/gcc/arm-none-eabi/14.2.1/../../../arm-none-eabi/lib/thumb/v7e-m/nofp/libg.a(libc_a-findfp.o)
 .debug_aranges
                0x00000000       0x20 /usr/lib/gcc/arm-none-eabi/14.2.1/../../../arm-none-eabi/lib/thumb/v7e-m/nofp/libg.a(libc_a-findfp.o)
 .debug_rnglists
                0x00000000       0x77 /usr/lib/gcc/arm-none-eabi/14.2.1/../../../arm-none-eabi/lib/thumb/v7e-m/nofp/libg.a(libc_a-findfp.o)
 .debug_line    0x00000000      0x504 /usr/lib/gcc/arm-none-eabi/14.2.1/../../../arm-none-eabi/lib/thumb/v7e-m/nofp/libg.a(libc_a-findfp.o)
 .debug_str     0x00000000      0x6c2 /usr/lib/gcc/arm-none-eabi/14.2.1/../../../arm-none-eabi/lib/thumb/v7e-m/nofp/libg.a(libc_a-findfp.o)
 .comment       0x00000000       0x27 /usr/lib/gcc/arm-none-eabi/14.2.1/../../../arm-none-eabi/lib/thumb/v7e-m/nofp/libg.a(libc_a-findfp.o)
 .debug_frame   0x00000000       0xf4 /usr/lib/gcc/arm-none-eabi/14.2.1/../../../arm-none-eabi/lib/thumb/v7e-m/nofp/libg.a(libc_a-findfp.o)
 .ARM.attributes
                0x00000000       0x2e /usr/lib/gcc/arm-none-eabi/14.2.1/../../../arm-none-eabi/lib/thumb/v7e-m/nofp/libg.a(libc_a-findfp.o)
 .text          0x00000000       0x90 /usr/lib/gcc/arm-none-eabi/14.2.1/../../../arm-none-eabi/lib/thumb/v7e-m/nofp/libg.a(libc_a-fclose.o)
 .data          0x00000000        0x0 /usr/lib/gcc/arm-none-eabi/14.2.1/../../../arm-none-eabi/lib/thumb/v7e-m/nofp/libg.a(libc_a-fclose.o)
 .bss           0x00000000        0x0 /usr/lib/gcc/arm-none-eabi/14.2.1/../../../arm-none-eabi/lib/thumb/v7e-m/nofp/libg.a(libc_a-fclose.o)
 .debug_info    0x00000000      0x903 /usr/lib/gcc/arm-none-eabi/14.2.1/../../../arm-none-eabi/lib/thumb/v7e-m/nofp/libg.a(libc_a-fclose.o)
 .debug_abbrev  0x00000000      0x2ed /usr/lib/gcc/arm-none-eabi/14.2.1/../../../arm-none-eabi/lib/thumb/v7e-m/nofp/libg.a(libc_a-fclose.o)
 .debug_loclists
                0x00000000       0xf7 /usr/lib/gcc/arm-none-eabi/14.2.1/../../../arm-none-eabi/lib/thumb/v7e-m/nofp/libg.a(libc_a-fclose.o)
 .debug_aranges
                0x00000000       0x20 /usr/lib/gcc/arm-none-eabi/14.2.1/../../../arm-none-eabi/lib/thumb/v7e-m/nofp/libg.a(libc_a-fclose.o)
 .debug_rnglists
                0x00000000       0x1b /usr/lib/gcc/arm-none-eabi/14.2.1/../../../arm-none-eabi/lib/thumb/v7e-m/nofp/libg.a(libc_a-fclose.o)
 .debug_line    0x00000000      0x25b /usr/lib/gcc/arm-none-eabi/14.2.1/../../../arm-none-eabi/lib/thumb/v7e-m/nofp/libg.a(libc_a-fclose.o)
 .debug_str     0x00000000      0x519 /usr/lib/gcc/arm-none-eabi/14.2.1/../../../arm-none-eabi/lib/thumb/v7e-m/nofp/libg.a(libc_a-fclose.o)
 .comment       0x00000000       0x27 /usr/lib/gcc/arm-none-eabi/14.2.1/../../../arm-none-eabi/lib/thumb/v7e-m/nofp/libg.a(libc_a-fclose.o)
 .debug_frame   0x00000000       0x3c /usr/lib/gcc/arm-none-eabi/14.2.1/../../../arm-none-eabi/lib/thumb/v7e-m/nofp/libg.a(libc_a-fclose.o)
 .ARM.attributes
                0x00000000       0x2e /usr/lib/gcc/arm-none-eabi/14.2.1/../../../arm-none-eabi/lib/thumb/v7e-m/nofp/libg.a(libc_a-fclose.o)
 .text          0x00000000      0x558 /usr/lib/gcc/arm-none-eabi/14.2.1/../../../arm-none-eabi/lib/thumb/v7e-m/nofp/libg.a(libc_a-mallocr.o)
 .data          0x00000000      0x410 /usr/lib/gcc/arm-none-eabi/14.2.1/../../../arm-none-eabi/lib/thumb/v7e-m/nofp/libg.a(libc_a-mallocr.o)
 .bss           0x00000000       0x34 /usr/lib/gcc/arm-none-eabi/14.2.1/../../../arm-none-eabi/lib/thumb/v7e-m/nofp/libg.a(libc_a-mallocr.o)
 .debug_info    0x00000000      0xcf7 /usr/lib/gcc/arm-none-eabi/14.2.1/../../../arm-none-eabi/lib/thumb/v7e-m/nofp/libg.a(libc_a-mallocr.o)
 .debug_abbrev  0x00000000      0x2d7 /usr/lib/gcc/arm-none-eabi/14.2.1/../../../arm-none-eabi/lib/thumb/v7e-m/nofp/libg.a(libc_a-mallocr.o)
 .debug_loclists
                0x00000000      0xa29 /usr/lib/gcc/arm-none-eabi/14.2.1/../../../arm-none-eabi/lib/thumb/v7e-m/nofp/libg.a(libc_a-mallocr.o)
 .debug_aranges
                0x00000000       0x20 /usr/lib/gcc/arm-none-eabi/14.2.1/../../../arm-none-eabi/lib/thumb/v7e-m/nofp/libg.a(libc_a-mallocr.o)
 .debug_rnglists
                0x00000000       0x2b /usr/lib/gcc/arm-none-eabi/14.2.1/../../../arm-none-eabi/lib/thumb/v7e-m/nofp/libg.a(libc_a-mallocr.o)
 .debug_line    0x00000000      0x8ed /usr/lib/gcc/arm-none-eabi/14.2.1/../../../arm-none-eabi/lib/thumb/v7e-m/nofp/libg.a(libc_a-mallocr.o)
 .debug_str     0x00000000      0x6e2 /usr/lib/gcc/arm-none-eabi/14.2.1/../../../arm-none-eabi/lib/thumb/v7e-m/nofp/libg.a(libc_a-mallocr.o)
 .comment       0x00000000       0x27 /usr/lib/gcc/arm-none-eabi/14.2.1/../../../arm-none-eabi/lib/thumb/v7e-m/nofp/libg.a(libc_a-mallocr.o)
 .debug_frame   0x00000000       0x48 /usr/lib/gcc/arm-none-eabi/14.2.1/../../../arm-none-eabi/lib/thumb/v7e-m/nofp/libg.a(libc_a-mallocr.o)
 .ARM.attributes
                0x00000000       0x2e /usr/lib/gcc/arm-none-eabi/14.2.1/../../../arm-none-eabi/lib/thumb/v7e-m/nofp/libg.a(libc_a-mallocr.o)
 .text          0x00000000      0x2b0 /usr/lib/gcc/arm-none-eabi/14.2.1/../../../arm-none-eabi/lib/thumb/v7e-m/nofp/libg.a(libc_a-freer.o)
 .data          0x00000000        0x0 /usr/lib/gcc/arm-none-eabi/14.2.1/../../../arm-none-eabi/lib/thumb/v7e-m/nofp/libg.a(libc_a-freer.o)
 .bss           0x00000000        0x0 /usr/lib/gcc/arm-none-eabi/14.2.1/../../../arm-none-eabi/lib/thumb/v7e-m/nofp/libg.a(libc_a-freer.o)
 .debug_info    0x00000000      0xb73 /usr/lib/gcc/arm-none-eabi/14.2.1/../../../arm-none-eabi/lib/thumb/v7e-m/nofp/libg.a(libc_a-freer.o)
 .debug_abbrev  0x00000000      0x27f /usr/lib/gcc/arm-none-eabi/14.2.1/../../../arm-none-eabi/lib/thumb/v7e-m/nofp/libg.a(libc_a-freer.o)
 .debug_loclists
                0x00000000      0x461 /usr/lib/gcc/arm-none-eabi/14.2.1/../../../arm-none-eabi/lib/thumb/v7e-m/nofp/libg.a(libc_a-freer.o)
 .debug_aranges
                0x00000000       0x20 /usr/lib/gcc/arm-none-eabi/14.2.1/../../../arm-none-eabi/lib/thumb/v7e-m/nofp/libg.a(libc_a-freer.o)
 .debug_line    0x00000000      0x54c /usr/lib/gcc/arm-none-eabi/14.2.1/../../../arm-none-eabi/lib/thumb/v7e-m/nofp/libg.a(libc_a-freer.o)
 .debug_str     0x00000000      0x62a /usr/lib/gcc/arm-none-eabi/14.2.1/../../../arm-none-eabi/lib/thumb/v7e-m/nofp/libg.a(libc_a-freer.o)
 .comment       0x00000000       0x27 /usr/lib/gcc/arm-none-eabi/14.2.1/../../../arm-none-eabi/lib/thumb/v7e-m/nofp/libg.a(libc_a-freer.o)
 .debug_frame   0x00000000       0x78 /usr/lib/gcc/arm-none-eabi/14.2.1/../../../arm-none-eabi/lib/thumb/v7e-m/nofp/libg.a(libc_a-freer.o)
 .ARM.attributes
                0x00000000       0x2e /usr/lib/gcc/arm-none-eabi/14.2.1/../../../arm-none-eabi/lib/thumb/v7e-m/nofp/libg.a(libc_a-freer.o)
 .text          0x00000000       0xb0 /usr/lib/gcc/arm-none-eabi/14.2.1/../../../arm-none-eabi/lib/thumb/v7e-m/nofp/libg.a(libc_a-__call_atexit.o)
 .data          0x00000000        0x0 /usr/lib/gcc/arm-none-eabi/14.2.1/../../../arm-none-eabi/lib/thumb/v7e-m/nofp/libg.a(libc_a-__call_atexit.o)
 .bss           0x00000000        0x4 /usr/lib/gcc/arm-none-eabi/14.2.1/../../../arm-none-eabi/lib/thumb/v7e-m/nofp/libg.a(libc_a-__call_atexit.o)
 .text.startup  0x00000000       0x14 /usr/lib/gcc/arm-none-eabi/14.2.1/../../../arm-none-eabi/lib/thumb/v7e-m/nofp/libg.a(libc_a-__call_atexit.o)
 .init_array.00000
                0x00000000        0x4 /usr/lib/gcc/arm-none-eabi/14.2.1/../../../arm-none-eabi/lib/thumb/v7e-m/nofp/libg.a(libc_a-__call_atexit.o)
 .debug_info    0x00000000      0x284 /usr/lib/gcc/arm-none-eabi/14.2.1/../../../arm-none-eabi/lib/thumb/v7e-m/nofp/libg.a(libc_a-__call_atexit.o)
 .debug_abbrev  0x00000000      0x1dd /usr/lib/gcc/arm-none-eabi/14.2.1/../../../arm-none-eabi/lib/thumb/v7e-m/nofp/libg.a(libc_a-__call_atexit.o)
 .debug_loclists
                0x00000000      0x102 /usr/lib/gcc/arm-none-eabi/14.2.1/../../../arm-none-eabi/lib/thumb/v7e-m/nofp/libg.a(libc_a-__call_atexit.o)
 .debug_aranges
                0x00000000       0x28 /usr/lib/gcc/arm-none-eabi/14.2.1/../../../arm-none-eabi/lib/thumb/v7e-m/nofp/libg.a(libc_a-__call_atexit.o)
 .debug_rnglists
                0x00000000       0x3a /usr/lib/gcc/arm-none-eabi/14.2.1/../../../arm-none-eabi/lib/thumb/v7e-m/nofp/libg.a(libc_a-__call_atexit.o)
 .debug_line    0x00000000      0x287 /usr/lib/gcc/arm-none-eabi/14.2.1/../../../arm-none-eabi/lib/thumb/v7e-m/nofp/libg.a(libc_a-__call_atexit.o)
 .debug_str     0x00000000      0x25c /usr/lib/gcc/arm-none-eabi/14.2.1/../../../arm-none-eabi/lib/thumb/v7e-m/nofp/libg.a(libc_a-__call_atexit.o)
 .comment       0x00000000       0x27 /usr/lib/gcc/arm-none-eabi/14.2.1/../../../arm-none-eabi/lib/thumb/v7e-m/nofp/libg.a(libc_a-__call_atexit.o)
 .debug_frame   0x00000000       0x54 /usr/lib/gcc/arm-none-eabi/14.2.1/../../../arm-none-eabi/lib/thumb/v7e-m/nofp/libg.a(libc_a-__call_atexit.o)
 .ARM.attributes
                0x00000000       0x2e /usr/lib/gcc/arm-none-eabi/14.2.1/../../../arm-none-eabi/lib/thumb/v7e-m/nofp/libg.a(libc_a-__call_atexit.o)
 .text          0x00000000       0x64 /usr/lib/gcc/arm-none-eabi/14.2.1/../../../arm-none-eabi/lib/thumb/v7e-m/nofp/libg.a(libc_a-__atexit.o)
 .data          0x00000000        0x0 /usr/lib/gcc/arm-none-eabi/14.2.1/../../../arm-none-eabi/lib/thumb/v7e-m/nofp/libg.a(libc_a-__atexit.o)
 .bss           0x00000000      0x190 /usr/lib/gcc/arm-none-eabi/14.2.1/../../../arm-none-eabi/lib/thumb/v7e-m/nofp/libg.a(libc_a-__atexit.o)
 .debug_info    0x00000000      0x1fd /usr/lib/gcc/arm-none-eabi/14.2.1/../../../arm-none-eabi/lib/thumb/v7e-m/nofp/libg.a(libc_a-__atexit.o)
 .debug_abbrev  0x00000000      0x157 /usr/lib/gcc/arm-none-eabi/14.2.1/../../../arm-none-eabi/lib/thumb/v7e-m/nofp/libg.a(libc_a-__atexit.o)
 .debug_loclists
                0x00000000       0xe6 /usr/lib/gcc/arm-none-eabi/14.2.1/../../../arm-none-eabi/lib/thumb/v7e-m/nofp/libg.a(libc_a-__atexit.o)
 .debug_aranges
                0x00000000       0x20 /usr/lib/gcc/arm-none-eabi/14.2.1/../../../arm-none-eabi/lib/thumb/v7e-m/nofp/libg.a(libc_a-__atexit.o)
 .debug_line    0x00000000      0x153 /usr/lib/gcc/arm-none-eabi/14.2.1/../../../arm-none-eabi/lib/thumb/v7e-m/nofp/libg.a(libc_a-__atexit.o)
 .debug_str     0x00000000      0x23a /usr/lib/gcc/arm-none-eabi/14.2.1/../../../arm-none-eabi/lib/thumb/v7e-m/nofp/libg.a(libc_a-__atexit.o)
 .comment       0x00000000       0x27 /usr/lib/gcc/arm-none-eabi/14.2.1/../../../arm-none-eabi/lib/thumb/v7e-m/nofp/libg.a(libc_a-__atexit.o)
 .debug_frame   0x00000000       0x34 /usr/lib/gcc/arm-none-eabi/14.2.1/../../../arm-none-eabi/lib/thumb/v7e-m/nofp/libg.a(libc_a-__atexit.o)
 .ARM.attributes
                0x00000000       0x2e /usr/lib/gcc/arm-none-eabi/14.2.1/../../../arm-none-eabi/lib/thumb/v7e-m/nofp/libg.a(libc_a-__atexit.o)
 .text          0x00000000        0x8 /usr/lib/gcc/arm-none-eabi/14.2.1/../../../arm-none-eabi/lib/thumb/v7e-m/nofp/libg.a(libc_a-mlock.o)
 .data          0x00000000        0x0 /usr/lib/gcc/arm-none-eabi/14.2.1/../../../arm-none-eabi/lib/thumb/v7e-m/nofp/libg.a(libc_a-mlock.o)
 .bss           0x00000000        0x0 /usr/lib/gcc/arm-none-eabi/14.2.1/../../../arm-none-eabi/lib/thumb/v7e-m/nofp/libg.a(libc_a-mlock.o)
 .debug_info    0x00000000      0x757 /usr/lib/gcc/arm-none-eabi/14.2.1/../../../arm-none-eabi/lib/thumb/v7e-m/nofp/libg.a(libc_a-mlock.o)
 .debug_abbrev  0x00000000      0x1ce /usr/lib/gcc/arm-none-eabi/14.2.1/../../../arm-none-eabi/lib/thumb/v7e-m/nofp/libg.a(libc_a-mlock.o)
 .debug_aranges
                0x00000000       0x20 /usr/lib/gcc/arm-none-eabi/14.2.1/../../../arm-none-eabi/lib/thumb/v7e-m/nofp/libg.a(libc_a-mlock.o)
 .debug_line    0x00000000      0x15b /usr/lib/gcc/arm-none-eabi/14.2.1/../../../arm-none-eabi/lib/thumb/v7e-m/nofp/libg.a(libc_a-mlock.o)
 .debug_str     0x00000000      0x4d8 /usr/lib/gcc/arm-none-eabi/14.2.1/../../../arm-none-eabi/lib/thumb/v7e-m/nofp/libg.a(libc_a-mlock.o)
 .comment       0x00000000       0x27 /usr/lib/gcc/arm-none-eabi/14.2.1/../../../arm-none-eabi/lib/thumb/v7e-m/nofp/libg.a(libc_a-mlock.o)
 .debug_frame   0x00000000       0x30 /usr/lib/gcc/arm-none-eabi/14.2.1/../../../arm-none-eabi/lib/thumb/v7e-m/nofp/libg.a(libc_a-mlock.o)
 .ARM.attributes
                0x00000000       0x2e /usr/lib/gcc/arm-none-eabi/14.2.1/../../../arm-none-eabi/lib/thumb/v7e-m/nofp/libg.a(libc_a-mlock.o)
 .text          0x00000000       0x24 /usr/lib/gcc/arm-none-eabi/14.2.1/../../../arm-none-eabi/lib/thumb/v7e-m/nofp/libg.a(libc_a-sbrkr.o)
 .data          0x00000000        0x0 /usr/lib/gcc/arm-none-eabi/14.2.1/../../../arm-none-eabi/lib/thumb/v7e-m/nofp/libg.a(libc_a-sbrkr.o)
 .bss           0x00000000        0x0 /usr/lib/gcc/arm-none-eabi/14.2.1/../../../arm-none-eabi/lib/thumb/v7e-m/nofp/libg.a(libc_a-sbrkr.o)
 .debug_info    0x00000000      0x7b3 /usr/lib/gcc/arm-none-eabi/14.2.1/../../../arm-none-eabi/lib/thumb/v7e-m/nofp/libg.a(libc_a-sbrkr.o)
 .debug_abbrev  0x00000000      0x216 /usr/lib/gcc/arm-none-eabi/14.2.1/../../../arm-none-eabi/lib/thumb/v7e-m/nofp/libg.a(libc_a-sbrkr.o)
 .debug_loclists
                0x00000000       0x4b /usr/lib/gcc/arm-none-eabi/14.2.1/../../../arm-none-eabi/lib/thumb/v7e-m/nofp/libg.a(libc_a-sbrkr.o)
 .debug_aranges
                0x00000000       0x20 /usr/lib/gcc/arm-none-eabi/14.2.1/../../../arm-none-eabi/lib/thumb/v7e-m/nofp/libg.a(libc_a-sbrkr.o)
 .debug_line    0x00000000      0x19b /usr/lib/gcc/arm-none-eabi/14.2.1/../../../arm-none-eabi/lib/thumb/v7e-m/nofp/libg.a(libc_a-sbrkr.o)
 .debug_str     0x00000000      0x4c3 /usr/lib/gcc/arm-none-eabi/14.2.1/../../../arm-none-eabi/lib/thumb/v7e-m/nofp/libg.a(libc_a-sbrkr.o)
 .comment       0x00000000       0x27 /usr/lib/gcc/arm-none-eabi/14.2.1/../../../arm-none-eabi/lib/thumb/v7e-m/nofp/libg.a(libc_a-sbrkr.o)
 .debug_frame   0x00000000       0x2c /usr/lib/gcc/arm-none-eabi/14.2.1/../../../arm-none-eabi/lib/thumb/v7e-m/nofp/libg.a(libc_a-sbrkr.o)
 .ARM.attributes
                0x00000000       0x2e /usr/lib/gcc/arm-none-eabi/14.2.1/../../../arm-none-eabi/lib/thumb/v7e-m/nofp/libg.a(libc_a-sbrkr.o)
 .text          0x00000000       0x94 /usr/lib/gcc/arm-none-eabi/14.2.1/../../../arm-none-eabi/lib/thumb/v7e-m/nofp/libg.a(libc_a-stdio.o)
 .data          0x00000000        0x0 /usr/lib/gcc/arm-none-eabi/14.2.1/../../../arm-none-eabi/lib/thumb/v7e-m/nofp/libg.a(libc_a-stdio.o)
 .bss           0x00000000        0x0 /usr/lib/gcc/arm-none-eabi/14.2.1/../../../arm-none-eabi/lib/thumb/v7e-m/nofp/libg.a(libc_a-stdio.o)
 .debug_info    0x00000000      0xabb /usr/lib/gcc/arm-none-eabi/14.2.1/../../../arm-none-eabi/lib/thumb/v7e-m/nofp/libg.a(libc_a-stdio.o)
 .debug_abbrev  0x00000000      0x260 /usr/lib/gcc/arm-none-eabi/14.2.1/../../../arm-none-eabi/lib/thumb/v7e-m/nofp/libg.a(libc_a-stdio.o)
 .debug_loclists
                0x00000000      0x23b /usr/lib/gcc/arm-none-eabi/14.2.1/../../../arm-none-eabi/lib/thumb/v7e-m/nofp/libg.a(libc_a-stdio.o)
 .debug_aranges
                0x00000000       0x20 /usr/lib/gcc/arm-none-eabi/14.2.1/../../../arm-none-eabi/lib/thumb/v7e-m/nofp/libg.a(libc_a-stdio.o)
 .debug_line    0x00000000      0x233 /usr/lib/gcc/arm-none-eabi/14.2.1/../../../arm-none-eabi/lib/thumb/v7e-m/nofp/libg.a(libc_a-stdio.o)
 .debug_str     0x00000000      0x527 /usr/lib/gcc/arm-none-eabi/14.2.1/../../../arm-none-eabi/lib/thumb/v7e-m/nofp/libg.a(libc_a-stdio.o)
 .comment       0x00000000       0x27 /usr/lib/gcc/arm-none-eabi/14.2.1/../../../arm-none-eabi/lib/thumb/v7e-m/nofp/libg.a(libc_a-stdio.o)
 .debug_frame   0x00000000       0x8c /usr/lib/gcc/arm-none-eabi/14.2.1/../../../arm-none-eabi/lib/thumb/v7e-m/nofp/libg.a(libc_a-stdio.o)
 .ARM.attributes
                0x00000000       0x2e /usr/lib/gcc/arm-none-eabi/14.2.1/../../../arm-none-eabi/lib/thumb/v7e-m/nofp/libg.a(libc_a-stdio.o)
 .text          0x00000000      0x19c /usr/lib/gcc/arm-none-eabi/14.2.1/../../../arm-none-eabi/lib/thumb/v7e-m/nofp/libg.a(libc_a-fflush.o)
 .data          0x00000000        0x0 /usr/lib/gcc/arm-none-eabi/14.2.1/../../../arm-none-eabi/lib/thumb/v7e-m/nofp/libg.a(libc_a-fflush.o)
 .bss           0x00000000        0x0 /usr/lib/gcc/arm-none-eabi/14.2.1/../../../arm-none-eabi/lib/thumb/v7e-m/nofp/libg.a(libc_a-fflush.o)
 .debug_info    0x00000000      0xa69 /usr/lib/gcc/arm-none-eabi/14.2.1/../../../arm-none-eabi/lib/thumb/v7e-m/nofp/libg.a(libc_a-fflush.o)
 .debug_abbrev  0x00000000      0x31f /usr/lib/gcc/arm-none-eabi/14.2.1/../../../arm-none-eabi/lib/thumb/v7e-m/nofp/libg.a(libc_a-fflush.o)
 .debug_loclists
                0x00000000      0x2a4 /usr/lib/gcc/arm-none-eabi/14.2.1/../../../arm-none-eabi/lib/thumb/v7e-m/nofp/libg.a(libc_a-fflush.o)
 .debug_aranges
                0x00000000       0x20 /usr/lib/gcc/arm-none-eabi/14.2.1/../../../arm-none-eabi/lib/thumb/v7e-m/nofp/libg.a(libc_a-fflush.o)
 .debug_rnglists
                0x00000000       0x59 /usr/lib/gcc/arm-none-eabi/14.2.1/../../../arm-none-eabi/lib/thumb/v7e-m/nofp/libg.a(libc_a-fflush.o)
 .debug_line    0x00000000      0x46c /usr/lib/gcc/arm-none-eabi/14.2.1/../../../arm-none-eabi/lib/thumb/v7e-m/nofp/libg.a(libc_a-fflush.o)
 .debug_str     0x00000000      0x541 /usr/lib/gcc/arm-none-eabi/14.2.1/../../../arm-none-eabi/lib/thumb/v7e-m/nofp/libg.a(libc_a-fflush.o)
 .comment       0x00000000       0x27 /usr/lib/gcc/arm-none-eabi/14.2.1/../../../arm-none-eabi/lib/thumb/v7e-m/nofp/libg.a(libc_a-fflush.o)
 .debug_frame   0x00000000       0x88 /usr/lib/gcc/arm-none-eabi/14.2.1/../../../arm-none-eabi/lib/thumb/v7e-m/nofp/libg.a(libc_a-fflush.o)
 .ARM.attributes
                0x00000000       0x2e /usr/lib/gcc/arm-none-eabi/14.2.1/../../../arm-none-eabi/lib/thumb/v7e-m/nofp/libg.a(libc_a-fflush.o)
 .text          0x00000000       0x44 /usr/lib/gcc/arm-none-eabi/14.2.1/../../../arm-none-eabi/lib/thumb/v7e-m/nofp/libg.a(libc_a-fwalk.o)
 .data          0x00000000        0x0 /usr/lib/gcc/arm-none-eabi/14.2.1/../../../arm-none-eabi/lib/thumb/v7e-m/nofp/libg.a(libc_a-fwalk.o)
 .bss           0x00000000        0x0 /usr/lib/gcc/arm-none-eabi/14.2.1/../../../arm-none-eabi/lib/thumb/v7e-m/nofp/libg.a(libc_a-fwalk.o)
 .debug_info    0x00000000      0x801 /usr/lib/gcc/arm-none-eabi/14.2.1/../../../arm-none-eabi/lib/thumb/v7e-m/nofp/libg.a(libc_a-fwalk.o)
 .debug_abbrev  0x00000000      0x1d9 /usr/lib/gcc/arm-none-eabi/14.2.1/../../../arm-none-eabi/lib/thumb/v7e-m/nofp/libg.a(libc_a-fwalk.o)
 .debug_loclists
                0x00000000       0x87 /usr/lib/gcc/arm-none-eabi/14.2.1/../../../arm-none-eabi/lib/thumb/v7e-m/nofp/libg.a(libc_a-fwalk.o)
 .debug_aranges
                0x00000000       0x20 /usr/lib/gcc/arm-none-eabi/14.2.1/../../../arm-none-eabi/lib/thumb/v7e-m/nofp/libg.a(libc_a-fwalk.o)
 .debug_line    0x00000000      0x1d9 /usr/lib/gcc/arm-none-eabi/14.2.1/../../../arm-none-eabi/lib/thumb/v7e-m/nofp/libg.a(libc_a-fwalk.o)
 .debug_str     0x00000000      0x4ca /usr/lib/gcc/arm-none-eabi/14.2.1/../../../arm-none-eabi/lib/thumb/v7e-m/nofp/libg.a(libc_a-fwalk.o)
 .comment       0x00000000       0x27 /usr/lib/gcc/arm-none-eabi/14.2.1/../../../arm-none-eabi/lib/thumb/v7e-m/nofp/libg.a(libc_a-fwalk.o)
 .debug_frame   0x00000000       0x34 /usr/lib/gcc/arm-none-eabi/14.2.1/../../../arm-none-eabi/lib/thumb/v7e-m/nofp/libg.a(libc_a-fwalk.o)
 .ARM.attributes
                0x00000000       0x2e /usr/lib/gcc/arm-none-eabi/14.2.1/../../../arm-none-eabi/lib/thumb/v7e-m/nofp/libg.a(libc_a-fwalk.o)
 .text          0x00000000        0x0 /usr/lib/gcc/arm-none-eabi/14.2.1/../../../arm-none-eabi/lib/thumb/v7e-m/nofp/libg.a(libc_a-impure.o)
 .data          0x00000000      0x148 /usr/lib/gcc/arm-none-eabi/14.2.1/../../../arm-none-eabi/lib/thumb/v7e-m/nofp/libg.a(libc_a-impure.o)
 .bss           0x00000000        0x0 /usr/lib/gcc/arm-none-eabi/14.2.1/../../../arm-none-eabi/lib/thumb/v7e-m/nofp/libg.a(libc_a-impure.o)
 .debug_info    0x00000000      0x746 /usr/lib/gcc/arm-none-eabi/14.2.1/../../../arm-none-eabi/lib/thumb/v7e-m/nofp/libg.a(libc_a-impure.o)
 .debug_abbrev  0x00000000      0x185 /usr/lib/gcc/arm-none-eabi/14.2.1/../../../arm-none-eabi/lib/thumb/v7e-m/nofp/libg.a(libc_a-impure.o)
 .debug_aranges
                0x00000000       0x18 /usr/lib/gcc/arm-none-eabi/14.2.1/../../../arm-none-eabi/lib/thumb/v7e-m/nofp/libg.a(libc_a-impure.o)
 .debug_line    0x00000000       0xeb /usr/lib/gcc/arm-none-eabi/14.2.1/../../../arm-none-eabi/lib/thumb/v7e-m/nofp/libg.a(libc_a-impure.o)
 .debug_str     0x00000000      0x4bf /usr/lib/gcc/arm-none-eabi/14.2.1/../../../arm-none-eabi/lib/thumb/v7e-m/nofp/libg.a(libc_a-impure.o)
 .comment       0x00000000       0x27 /usr/lib/gcc/arm-none-eabi/14.2.1/../../../arm-none-eabi/lib/thumb/v7e-m/nofp/libg.a(libc_a-impure.o)
 .ARM.attributes
                0x00000000       0x2e /usr/lib/gcc/arm-none-eabi/14.2.1/../../../arm-none-eabi/lib/thumb/v7e-m/nofp/libg.a(libc_a-impure.o)
 .text          0x00000000       0x1c /usr/lib/gcc/arm-none-eabi/14.2.1/../../../arm-none-eabi/lib/thumb/v7e-m/nofp/libg.a(libc_a-sysconf.o)
 .data          0x00000000        0x0 /usr/lib/gcc/arm-none-eabi/14.2.1/../../../arm-none-eabi/lib/thumb/v7e-m/nofp/libg.a(libc_a-sysconf.o)
 .bss           0x00000000        0x0 /usr/lib/gcc/arm-none-eabi/14.2.1/../../../arm-none-eabi/lib/thumb/v7e-m/nofp/libg.a(libc_a-sysconf.o)
 .debug_info    0x00000000       0xc1 /usr/lib/gcc/arm-none-eabi/14.2.1/../../../arm-none-eabi/lib/thumb/v7e-m/nofp/libg.a(libc_a-sysconf.o)
 .debug_abbrev  0x00000000       0x80 /usr/lib/gcc/arm-none-eabi/14.2.1/../../../arm-none-eabi/lib/thumb/v7e-m/nofp/libg.a(libc_a-sysconf.o)
 .debug_loclists
                0x00000000       0x3b /usr/lib/gcc/arm-none-eabi/14.2.1/../../../arm-none-eabi/lib/thumb/v7e-m/nofp/libg.a(libc_a-sysconf.o)
 .debug_aranges
                0x00000000       0x20 /usr/lib/gcc/arm-none-eabi/14.2.1/../../../arm-none-eabi/lib/thumb/v7e-m/nofp/libg.a(libc_a-sysconf.o)
 .debug_line    0x00000000       0xea /usr/lib/gcc/arm-none-eabi/14.2.1/../../../arm-none-eabi/lib/thumb/v7e-m/nofp/libg.a(libc_a-sysconf.o)
 .debug_str     0x00000000      0x19b /usr/lib/gcc/arm-none-eabi/14.2.1/../../../arm-none-eabi/lib/thumb/v7e-m/nofp/libg.a(libc_a-sysconf.o)
 .comment       0x00000000       0x27 /usr/lib/gcc/arm-none-eabi/14.2.1/../../../arm-none-eabi/lib/thumb/v7e-m/nofp/libg.a(libc_a-sysconf.o)
 .debug_frame   0x00000000       0x28 /usr/lib/gcc/arm-none-eabi/14.2.1/../../../arm-none-eabi/lib/thumb/v7e-m/nofp/libg.a(libc_a-sysconf.o)
 .ARM.attributes
                0x00000000       0x2e /usr/lib/gcc/arm-none-eabi/14.2.1/../../../arm-none-eabi/lib/thumb/v7e-m/nofp/libg.a(libc_a-sysconf.o)
 .text          0x00000000       0x6c /usr/lib/gcc/arm-none-eabi/14.2.1/../../../arm-none-eabi/lib/thumb/v7e-m/nofp/libg.a(libc_a-reent.o)
 .data          0x00000000        0x0 /usr/lib/gcc/arm-none-eabi/14.2.1/../../../arm-none-eabi/lib/thumb/v7e-m/nofp/libg.a(libc_a-reent.o)
 .bss           0x00000000        0x4 /usr/lib/gcc/arm-none-eabi/14.2.1/../../../arm-none-eabi/lib/thumb/v7e-m/nofp/libg.a(libc_a-reent.o)
 .debug_info    0x00000000      0x84e /usr/lib/gcc/arm-none-eabi/14.2.1/../../../arm-none-eabi/lib/thumb/v7e-m/nofp/libg.a(libc_a-reent.o)
 .debug_abbrev  0x00000000      0x22a /usr/lib/gcc/arm-none-eabi/14.2.1/../../../arm-none-eabi/lib/thumb/v7e-m/nofp/libg.a(libc_a-reent.o)
 .debug_loclists
                0x00000000       0x6e /usr/lib/gcc/arm-none-eabi/14.2.1/../../../arm-none-eabi/lib/thumb/v7e-m/nofp/libg.a(libc_a-reent.o)
 .debug_aranges
                0x00000000       0x20 /usr/lib/gcc/arm-none-eabi/14.2.1/../../../arm-none-eabi/lib/thumb/v7e-m/nofp/libg.a(libc_a-reent.o)
 .debug_line    0x00000000      0x1f8 /usr/lib/gcc/arm-none-eabi/14.2.1/../../../arm-none-eabi/lib/thumb/v7e-m/nofp/libg.a(libc_a-reent.o)
 .debug_str     0x00000000      0x4d9 /usr/lib/gcc/arm-none-eabi/14.2.1/../../../arm-none-eabi/lib/thumb/v7e-m/nofp/libg.a(libc_a-reent.o)
 .comment       0x00000000       0x27 /usr/lib/gcc/arm-none-eabi/14.2.1/../../../arm-none-eabi/lib/thumb/v7e-m/nofp/libg.a(libc_a-reent.o)
 .debug_frame   0x00000000       0x3c /usr/lib/gcc/arm-none-eabi/14.2.1/../../../arm-none-eabi/lib/thumb/v7e-m/nofp/libg.a(libc_a-reent.o)
 .ARM.attributes
                0x00000000       0x2e /usr/lib/gcc/arm-none-eabi/14.2.1/../../../arm-none-eabi/lib/thumb/v7e-m/nofp/libg.a(libc_a-reent.o)
 .text          0x00000000        0xc /usr/lib/gcc/arm-none-eabi/14.2.1/../../../arm-none-eabi/lib/thumb/v7e-m/nofp/libg.a(libc_a-errno.o)
 .data          0x00000000        0x0 /usr/lib/gcc/arm-none-eabi/14.2.1/../../../arm-none-eabi/lib/thumb/v7e-m/nofp/libg.a(libc_a-errno.o)
 .bss           0x00000000        0x0 /usr/lib/gcc/arm-none-eabi/14.2.1/../../../arm-none-eabi/lib/thumb/v7e-m/nofp/libg.a(libc_a-errno.o)
 .debug_info    0x00000000      0x72c /usr/lib/gcc/arm-none-eabi/14.2.1/../../../arm-none-eabi/lib/thumb/v7e-m/nofp/libg.a(libc_a-errno.o)
 .debug_abbrev  0x00000000      0x19a /usr/lib/gcc/arm-none-eabi/14.2.1/../../../arm-none-eabi/lib/thumb/v7e-m/nofp/libg.a(libc_a-errno.o)
 .debug_aranges
                0x00000000       0x20 /usr/lib/gcc/arm-none-eabi/14.2.1/../../../arm-none-eabi/lib/thumb/v7e-m/nofp/libg.a(libc_a-errno.o)
 .debug_line    0x00000000      0x110 /usr/lib/gcc/arm-none-eabi/14.2.1/../../../arm-none-eabi/lib/thumb/v7e-m/nofp/libg.a(libc_a-errno.o)
 .debug_str     0x00000000      0x4b4 /usr/lib/gcc/arm-none-eabi/14.2.1/../../../arm-none-eabi/lib/thumb/v7e-m/nofp/libg.a(libc_a-errno.o)
 .comment       0x00000000       0x27 /usr/lib/gcc/arm-none-eabi/14.2.1/../../../arm-none-eabi/lib/thumb/v7e-m/nofp/libg.a(libc_a-errno.o)
 .debug_frame   0x00000000       0x20 /usr/lib/gcc/arm-none-eabi/14.2.1/../../../arm-none-eabi/lib/thumb/v7e-m/nofp/libg.a(libc_a-errno.o)
 .ARM.attributes
                0x00000000       0x2e /usr/lib/gcc/arm-none-eabi/14.2.1/../../../arm-none-eabi/lib/thumb/v7e-m/nofp/libg.a(libc_a-errno.o)
 .text          0x00000000       0x2c /usr/lib/gcc/arm-none-eabi/14.2.1/../../../arm-none-eabi/lib/thumb/v7e-m/nofp/libg.a(libc_a-writer.o)
 .data          0x00000000        0x0 /usr/lib/gcc/arm-none-eabi/14.2.1/../../../arm-none-eabi/lib/thumb/v7e-m/nofp/libg.a(libc_a-writer.o)
 .bss           0x00000000        0x0 /usr/lib/gcc/arm-none-eabi/14.2.1/../../../arm-none-eabi/lib/thumb/v7e-m/nofp/libg.a(libc_a-writer.o)
 .debug_info    0x00000000      0x7f6 /usr/lib/gcc/arm-none-eabi/14.2.1/../../../arm-none-eabi/lib/thumb/v7e-m/nofp/libg.a(libc_a-writer.o)
 .debug_abbrev  0x00000000      0x1f1 /usr/lib/gcc/arm-none-eabi/14.2.1/../../../arm-none-eabi/lib/thumb/v7e-m/nofp/libg.a(libc_a-writer.o)
 .debug_loclists
                0x00000000       0x9e /usr/lib/gcc/arm-none-eabi/14.2.1/../../../arm-none-eabi/lib/thumb/v7e-m/nofp/libg.a(libc_a-writer.o)
 .debug_aranges
                0x00000000       0x20 /usr/lib/gcc/arm-none-eabi/14.2.1/../../../arm-none-eabi/lib/thumb/v7e-m/nofp/libg.a(libc_a-writer.o)
 .debug_line    0x00000000      0x1a1 /usr/lib/gcc/arm-none-eabi/14.2.1/../../../arm-none-eabi/lib/thumb/v7e-m/nofp/libg.a(libc_a-writer.o)
 .debug_str     0x00000000      0x4c0 /usr/lib/gcc/arm-none-eabi/14.2.1/../../../arm-none-eabi/lib/thumb/v7e-m/nofp/libg.a(libc_a-writer.o)
 .comment       0x00000000       0x27 /usr/lib/gcc/arm-none-eabi/14.2.1/../../../arm-none-eabi/lib/thumb/v7e-m/nofp/libg.a(libc_a-writer.o)
 .debug_frame   0x00000000       0x2c /usr/lib/gcc/arm-none-eabi/14.2.1/../../../arm-none-eabi/lib/thumb/v7e-m/nofp/libg.a(libc_a-writer.o)
 .ARM.attributes
                0x00000000       0x2e /usr/lib/gcc/arm-none-eabi/14.2.1/../../../arm-none-eabi/lib/thumb/v7e-m/nofp/libg.a(libc_a-writer.o)
 .text          0x00000000       0x24 /usr/lib/gcc/arm-none-eabi/14.2.1/../../../arm-none-eabi/lib/thumb/v7e-m/nofp/libg.a(libc_a-closer.o)
 .data          0x00000000        0x0 /usr/lib/gcc/arm-none-eabi/14.2.1/../../../arm-none-eabi/lib/thumb/v7e-m/nofp/libg.a(libc_a-closer.o)
 .bss           0x00000000        0x0 /usr/lib/gcc/arm-none-eabi/14.2.1/../../../arm-none-eabi/lib/thumb/v7e-m/nofp/libg.a(libc_a-closer.o)
 .debug_info    0x00000000      0x78e /usr/lib/gcc/arm-none-eabi/14.2.1/../../../arm-none-eabi/lib/thumb/v7e-m/nofp/libg.a(libc_a-closer.o)
 .debug_abbrev  0x00000000      0x1ec /usr/lib/gcc/arm-none-eabi/14.2.1/../../../arm-none-eabi/lib/thumb/v7e-m/nofp/libg.a(libc_a-closer.o)
 .debug_loclists
                0x00000000       0x4b /usr/lib/gcc/arm-none-eabi/14.2.1/../../../arm-none-eabi/lib/thumb/v7e-m/nofp/libg.a(libc_a-closer.o)
 .debug_aranges
                0x00000000       0x20 /usr/lib/gcc/arm-none-eabi/14.2.1/../../../arm-none-eabi/lib/thumb/v7e-m/nofp/libg.a(libc_a-closer.o)
 .debug_line    0x00000000      0x19b /usr/lib/gcc/arm-none-eabi/14.2.1/../../../arm-none-eabi/lib/thumb/v7e-m/nofp/libg.a(libc_a-closer.o)
 .debug_str     0x00000000      0x4b0 /usr/lib/gcc/arm-none-eabi/14.2.1/../../../arm-none-eabi/lib/thumb/v7e-m/nofp/libg.a(libc_a-closer.o)
 .comment       0x00000000       0x27 /usr/lib/gcc/arm-none-eabi/14.2.1/../../../arm-none-eabi/lib/thumb/v7e-m/nofp/libg.a(libc_a-closer.o)
 .debug_frame   0x00000000       0x2c /usr/lib/gcc/arm-none-eabi/14.2.1/../../../arm-none-eabi/lib/thumb/v7e-m/nofp/libg.a(libc_a-closer.o)
 .ARM.attributes
                0x00000000       0x2e /usr/lib/gcc/arm-none-eabi/14.2.1/../../../arm-none-eabi/lib/thumb/v7e-m/nofp/libg.a(libc_a-closer.o)
 .text          0x00000000       0x2c /usr/lib/gcc/arm-none-eabi/14.2.1/../../../arm-none-eabi/lib/thumb/v7e-m/nofp/libg.a(libc_a-lseekr.o)
 .data          0x00000000        0x0 /usr/lib/gcc/arm-none-eabi/14.2.1/../../../arm-none-eabi/lib/thumb/v7e-m/nofp/libg.a(libc_a-lseekr.o)
 .bss           0x00000000        0x0 /usr/lib/gcc/arm-none-eabi/14.2.1/../../../arm-none-eabi/lib/thumb/v7e-m/nofp/libg.a(libc_a-lseekr.o)
 .debug_info    0x00000000      0x7d9 /usr/lib/gcc/arm-none-eabi/14.2.1/../../../arm-none-eabi/lib/thumb/v7e-m/nofp/libg.a(libc_a-lseekr.o)
 .debug_abbrev  0x00000000      0x200 /usr/lib/gcc/arm-none-eabi/14.2.1/../../../arm-none-eabi/lib/thumb/v7e-m/nofp/libg.a(libc_a-lseekr.o)
 .debug_loclists
                0x00000000       0x9e /usr/lib/gcc/arm-none-eabi/14.2.1/../../../arm-none-eabi/lib/thumb/v7e-m/nofp/libg.a(libc_a-lseekr.o)
 .debug_aranges
                0x00000000       0x20 /usr/lib/gcc/arm-none-eabi/14.2.1/../../../arm-none-eabi/lib/thumb/v7e-m/nofp/libg.a(libc_a-lseekr.o)
 .debug_line    0x00000000      0x1a1 /usr/lib/gcc/arm-none-eabi/14.2.1/../../../arm-none-eabi/lib/thumb/v7e-m/nofp/libg.a(libc_a-lseekr.o)
 .debug_str     0x00000000      0x4be /usr/lib/gcc/arm-none-eabi/14.2.1/../../../arm-none-eabi/lib/thumb/v7e-m/nofp/libg.a(libc_a-lseekr.o)
 .comment       0x00000000       0x27 /usr/lib/gcc/arm-none-eabi/14.2.1/../../../arm-none-eabi/lib/thumb/v7e-m/nofp/libg.a(libc_a-lseekr.o)
 .debug_frame   0x00000000       0x2c /usr/lib/gcc/arm-none-eabi/14.2.1/../../../arm-none-eabi/lib/thumb/v7e-m/nofp/libg.a(libc_a-lseekr.o)
 .ARM.attributes
                0x00000000       0x2e /usr/lib/gcc/arm-none-eabi/14.2.1/../../../arm-none-eabi/lib/thumb/v7e-m/nofp/libg.a(libc_a-lseekr.o)
 .text          0x00000000       0x2c /usr/lib/gcc/arm-none-eabi/14.2.1/../../../arm-none-eabi/lib/thumb/v7e-m/nofp/libg.a(libc_a-readr.o)
 .data          0x00000000        0x0 /usr/lib/gcc/arm-none-eabi/14.2.1/../../../arm-none-eabi/lib/thumb/v7e-m/nofp/libg.a(libc_a-readr.o)
 .bss           0x00000000        0x0 /usr/lib/gcc/arm-none-eabi/14.2.1/../../../arm-none-eabi/lib/thumb/v7e-m/nofp/libg.a(libc_a-readr.o)
 .debug_info    0x00000000      0x7f0 /usr/lib/gcc/arm-none-eabi/14.2.1/../../../arm-none-eabi/lib/thumb/v7e-m/nofp/libg.a(libc_a-readr.o)
 .debug_abbrev  0x00000000      0x1ec /usr/lib/gcc/arm-none-eabi/14.2.1/../../../arm-none-eabi/lib/thumb/v7e-m/nofp/libg.a(libc_a-readr.o)
 .debug_loclists
                0x00000000       0x9e /usr/lib/gcc/arm-none-eabi/14.2.1/../../../arm-none-eabi/lib/thumb/v7e-m/nofp/libg.a(libc_a-readr.o)
 .debug_aranges
                0x00000000       0x20 /usr/lib/gcc/arm-none-eabi/14.2.1/../../../arm-none-eabi/lib/thumb/v7e-m/nofp/libg.a(libc_a-readr.o)
 .debug_line    0x00000000      0x1a0 /usr/lib/gcc/arm-none-eabi/14.2.1/../../../arm-none-eabi/lib/thumb/v7e-m/nofp/libg.a(libc_a-readr.o)
 .debug_str     0x00000000      0x4be /usr/lib/gcc/arm-none-eabi/14.2.1/../../../arm-none-eabi/lib/thumb/v7e-m/nofp/libg.a(libc_a-readr.o)
 .comment       0x00000000       0x27 /usr/lib/gcc/arm-none-eabi/14.2.1/../../../arm-none-eabi/lib/thumb/v7e-m/nofp/libg.a(libc_a-readr.o)
 .debug_frame   0x00000000       0x2c /usr/lib/gcc/arm-none-eabi/14.2.1/../../../arm-none-eabi/lib/thumb/v7e-m/nofp/libg.a(libc_a-readr.o)
 .ARM.attributes
                0x00000000       0x2e /usr/lib/gcc/arm-none-eabi/14.2.1/../../../arm-none-eabi/lib/thumb/v7e-m/nofp/libg.a(libc_a-readr.o)
 .text          0x00000000        0x0 /usr/lib/gcc/arm-none-eabi/14.2.1/thumb/v7e-m/nofp/crtend.o
 .data          0x00000000        0x0 /usr/lib/gcc/arm-none-eabi/14.2.1/thumb/v7e-m/nofp/crtend.o
 .bss           0x00000000        0x0 /usr/lib/gcc/arm-none-eabi/14.2.1/thumb/v7e-m/nofp/crtend.o
 .rodata        0x00000000       0x24 /usr/lib/gcc/arm-none-eabi/14.2.1/thumb/v7e-m/nofp/crtend.o
 .eh_frame      0x00000000        0x4 /usr/lib/gcc/arm-none-eabi/14.2.1/thumb/v7e-m/nofp/crtend.o
 .tm_clone_table
                0x00000000        0x0 /usr/lib/gcc/arm-none-eabi/14.2.1/thumb/v7e-m/nofp/crtend.o
 .comment       0x00000000       0x27 /usr/lib/gcc/arm-none-eabi/14.2.1/thumb/v7e-m/nofp/crtend.o
 .ARM.attributes
                0x00000000       0x2e /usr/lib/gcc/arm-none-eabi/14.2.1/thumb/v7e-m/nofp/crtend.o
 .text          0x00000000        0x0 /usr/lib/gcc/arm-none-eabi/14.2.1/thumb/v7e-m/nofp/crtn.o
 .data          0x00000000        0x0 /usr/lib/gcc/arm-none-eabi/14.2.1/thumb/v7e-m/nofp/crtn.o
 .bss           0x00000000        0x0 /usr/lib/gcc/arm-none-eabi/14.2.1/thumb/v7e-m/nofp/crtn.o

Memory Configuration

Name             Origin             Length             Attributes
FLASH            0x08000000         0x00100000         xr
SRAM             0x20000000         0x00020000         xrw
CCMRAM           0x10000000         0x00010000         xrw
*default*        0x00000000         0xffffffff

Linker script and memory map

LOAD /usr/lib/gcc/arm-none-eabi/14.2.1/thumb/v7e-m/nofp/crti.o
LOAD /usr/lib/gcc/arm-none-eabi/14.2.1/thumb/v7e-m/nofp/crtbegin.o
LOAD /usr/lib/gcc/arm-none-eabi/14.2.1/../../../arm-none-eabi/lib/thumb/v7e-m/nofp/crt0.o
LOAD ../Build_Result/Driver/Static/Driver_Init/init_static_gdb.o
LOAD ../Build_Result/Driver/Config/Communication/UART/UART_gdb.o
LOAD ../Build_Result/Driver/Config/Communication/I2C/I2C_gdb.o
LOAD ../Build_Result/Driver/Config/Interrupt/Interrupt_gdb.o
LOAD ../Build_Result/Driver/Config/Driver_Init/init_gdb.o
LOAD ../Build_Result/Driver/Config/Timer/Timer_Init_gdb.o
LOAD ../Build_Result/Driver/Config/Timer/PWM/PWM_gdb.o
LOAD ../Build_Result/Driver/Config/GPIO/GPIO_gdb.o
LOAD ../Build_Result/Driver/Config/Watchdog/WWDG_gdb.o
LOAD ../Build_Result/Driver/Config/Watchdog/IWDG_gdb.o
LOAD ../Build_Result/Driver/Config/DMA/DMA_gdb.o
LOAD ../Build_Result/StartupCode/startup__stm32f407vet6_gdb.o
LOAD ../Build_Result/Control/main_gdb.o
LOAD ../Build_Result/Algorithm/queue/queue_gdb.o
START GROUP
LOAD /usr/lib/gcc/arm-none-eabi/14.2.1/thumb/v7e-m/nofp/libgcc.a
LOAD /usr/lib/gcc/arm-none-eabi/14.2.1/../../../arm-none-eabi/lib/thumb/v7e-m/nofp/libg.a
LOAD /usr/lib/gcc/arm-none-eabi/14.2.1/../../../arm-none-eabi/lib/thumb/v7e-m/nofp/libc.a
END GROUP
LOAD /usr/lib/gcc/arm-none-eabi/14.2.1/thumb/v7e-m/nofp/crtend.o
LOAD /usr/lib/gcc/arm-none-eabi/14.2.1/thumb/v7e-m/nofp/crtn.o
                0x00000200                        _Min_heap_size = 0x200
                0x00000400                        _Min_stack_size = 0x400

.isr_vector     0x08000000      0x188
                0x08000000                        . = ALIGN (0x4)
 *(.isr_vector)
 .isr_vector    0x08000000      0x188 ../Build_Result/StartupCode/startup__stm32f407vet6_gdb.o
                0x08000000                isr_vector_arr
                0x08000188                        . = ALIGN (0x4)

.text           0x08000188     0x1964
                0x08000188                        . = ALIGN (0x4)
 *(.text)
 *(.text*)
 .text.initConfig
                0x08000188       0x4e ../Build_Result/Driver/Static/Driver_Init/init_static_gdb.o
                0x08000188                initConfig
 *fill*         0x080001d6        0x2 
 .text.prioritySetup
                0x080001d8       0x88 ../Build_Result/Driver/Static/Driver_Init/init_static_gdb.o
 .text.initTick
                0x08000260       0x94 ../Build_Result/Driver/Static/Driver_Init/init_static_gdb.o
 .text.getPriorityVal
                0x080002f4       0xdc ../Build_Result/Driver/Static/Driver_Init/init_static_gdb.o
 .text.oscSetup
                0x080003d0      0x32c ../Build_Result/Driver/Static/Driver_Init/init_static_gdb.o
 .text.clockSetup
                0x080006fc      0x35c ../Build_Result/Driver/Static/Driver_Init/init_static_gdb.o
 .text.flashLatency_Setup
                0x08000a58       0x8c ../Build_Result/Driver/Static/Driver_Init/init_static_gdb.o
 .text.NVIC_ISER_setVal
                0x08000ae4       0x48 ../Build_Result/Driver/Config/Interrupt/Interrupt_gdb.o
                0x08000ae4                NVIC_ISER_setVal
 .text.SystemInit
                0x08000b2c       0x60 ../Build_Result/Driver/Config/Driver_Init/init_gdb.o
                0x08000b2c                SystemInit
 .text.PWM_Generation
                0x08000b8c      0x754 ../Build_Result/Driver/Config/Timer/PWM/PWM_gdb.o
                0x08000b8c                PWM_Generation
 .text.GPIO_setup
                0x080012e0      0x280 ../Build_Result/Driver/Config/GPIO/GPIO_gdb.o
                0x080012e0                GPIO_setup
 .text.GPIO_OUT_setVal
                0x08001560       0x80 ../Build_Result/Driver/Config/GPIO/GPIO_gdb.o
                0x08001560                GPIO_OUT_setVal
 .text.GPIO_init
                0x080015e0       0x2c ../Build_Result/Driver/Config/GPIO/GPIO_gdb.o
 .text.WWDG_init
                0x0800160c      0x100 ../Build_Result/Driver/Config/Watchdog/WWDG_gdb.o
                0x0800160c                WWDG_init
 .text.Reset_Handler
                0x0800170c       0x6c ../Build_Result/StartupCode/startup__stm32f407vet6_gdb.o
                0x0800170c                Reset_Handler
 .text.EXTI3_Handler
                0x08001778       0x38 ../Build_Result/StartupCode/startup__stm32f407vet6_gdb.o
                0x08001778                EXTI3_Handler
 .text.EXTI4_Handler
                0x080017b0       0x38 ../Build_Result/StartupCode/startup__stm32f407vet6_gdb.o
                0x080017b0                EXTI4_Handler
 .text.USART1_Handler
                0x080017e8      0x130 ../Build_Result/StartupCode/startup__stm32f407vet6_gdb.o
                0x080017e8                USART1_Handler
 .text.DMA2_Stream5_Handler
                0x08001918       0x50 ../Build_Result/StartupCode/startup__stm32f407vet6_gdb.o
                0x08001918                DMA2_Stream5_Handler
 .text.DMA2_Stream7_Handler
                0x08001968       0x5c ../Build_Result/StartupCode/startup__stm32f407vet6_gdb.o
                0x08001968                DMA2_Stream7_Handler
 .text.SysTick_Handler
                0x080019c4       0x1c ../Build_Result/StartupCode/startup__stm32f407vet6_gdb.o
                0x080019c4                SysTick_Handler
 .text.Default_Handler
                0x080019e0        0x8 ../Build_Result/StartupCode/startup__stm32f407vet6_gdb.o
                0x080019e0                RTC_WKUP_Handler
                0x080019e0                FLASH_Handler
                0x080019e0                SVCall_Handler
                0x080019e0                OTG_HS_Handler
                0x080019e0                HardFault_Handler
                0x080019e0                DMA2_Stream3_Handler
                0x080019e0                USART3_Handler
                0x080019e0                PendSV_Handler
                0x080019e0                NMI_Handler
                0x080019e0                TIM6_DAC_Handler
                0x080019e0                CAN1_RX1_Handler
                0x080019e0                EXTI15_10_Handler
                0x080019e0                ADC_Handler
                0x080019e0                HASH_RNG_Handler
                0x080019e0                I2C1_EV_Handler
                0x080019e0                TAMP_STAMP_Handler
                0x080019e0                I2C3_ER_Handler
                0x080019e0                WWDG_Handler
                0x080019e0                I2C3_EV_Handler
                0x080019e0                DMA1_Stream1_Handler
                0x080019e0                DMA2_Stream4_Handler
                0x080019e0                DMA1_Stream7_Handler
                0x080019e0                OTG_FS_Handler
                0x080019e0                ETH_WKUP_Handler
                0x080019e0                TIM1_BRK_TIM9_Handler
                0x080019e0                I2C1_ER_Handler
                0x080019e0                DMA1_Stream3_Handler
                0x080019e0                UsageFault_Handler
                0x080019e0                TIM1_UP_TIM10_Handler
                0x080019e0                CAN1_RX0_Handler
                0x080019e0                TIM1_CC_Handler
                0x080019e0                I2C2_ER_Handler
                0x080019e0                USART6_Handler
                0x080019e0                TIM8_CC_Handler
                0x080019e0                CAN1_SCE_Handler
                0x080019e0                DMA1_Stream0_Handler
                0x080019e0                OTG_HS_EP1_OUT_Handler
                0x080019e0                FSMC_Handler
                0x080019e0                EXTI1_Handler
                0x080019e0                CRYP_Handler
                0x080019e0                EXTI2_Handler
                0x080019e0                UART4_Handler
                0x080019e0                CAN2_RX1_Handler
                0x080019e0                EXTI9_5_Handler
                0x080019e0                TIM2_Handler
                0x080019e0                CAN2_SCE_Handler
                0x080019e0                TIM3_Handler
                0x080019e0                DMA2_Stream6_Handler
                0x080019e0                Default_Handler
                0x080019e0                DCMI_Handler
                0x080019e0                TIM1_TRG_COM_TIM11_Handler
                0x080019e0                RTC_Alarm_Handler
                0x080019e0                TIM4_Handler
                0x080019e0                TIM8_UP_TIM13_Handler
                0x080019e0                CAN2_TX_Handler
                0x080019e0                SPI2_Handler
                0x080019e0                DMA2_Stream1_Handler
                0x080019e0                DMA1_Stream2_Handler
                0x080019e0                Debug_Handler
                0x080019e0                MemManage_Handler
                0x080019e0                EXTI0_Handler
                0x080019e0                TIM8_BRK_TIM12_Handler
                0x080019e0                CAN2_RX0_Handler
                0x080019e0                DMA1_Stream6_Handler
                0x080019e0                SDIO_Handler
                0x080019e0                USART2_Handler
                0x080019e0                ETH_Handler
                0x080019e0                SPI1_Handler
                0x080019e0                I2C2_EV_Handler
                0x080019e0                DMA2_Stream2_Handler
                0x080019e0                SPI3_Handler
                0x080019e0                DMA2_Stream0_Handler
                0x080019e0                RCC_Handler
                0x080019e0                PVD_Handler
                0x080019e0                UART5_Handler
                0x080019e0                DMA1_Stream5_Handler
                0x080019e0                TIM5_Handler
                0x080019e0                TIM7_Handler
                0x080019e0                TIM8_TRG_COM_TIM14_Handler
                0x080019e0                CAN1_TX_Handler
                0x080019e0                FPU_Handler
                0x080019e0                BusFault_Handler
                0x080019e0                DMA1_Stream4_Handler
                0x080019e0                OTG_HS_WKUP_Handler
                0x080019e0                OTG_FS_WKUP_Handler
                0x080019e0                OTG_HS_EP1_IN_Handler
 .text.LMAtoVMA
                0x080019e8       0x32 ../Build_Result/StartupCode/startup__stm32f407vet6_gdb.o
 .text.clear_bss
                0x08001a1a       0x2a ../Build_Result/StartupCode/startup__stm32f407vet6_gdb.o
 .text.main     0x08001a44       0x78 ../Build_Result/Control/main_gdb.o
                0x08001a44                main
 *(.init)
 .init          0x08001abc        0x4 /usr/lib/gcc/arm-none-eabi/14.2.1/thumb/v7e-m/nofp/crti.o
                0x08001abc                _init
 .init          0x08001ac0        0x8 /usr/lib/gcc/arm-none-eabi/14.2.1/thumb/v7e-m/nofp/crtn.o
 *(.fini)
 .fini          0x08001ac8        0x4 /usr/lib/gcc/arm-none-eabi/14.2.1/thumb/v7e-m/nofp/crti.o
                0x08001ac8                _fini
 .fini          0x08001acc        0x8 /usr/lib/gcc/arm-none-eabi/14.2.1/thumb/v7e-m/nofp/crtn.o
 *(.rodata)
 .rodata        0x08001ad4        0x8 ../Build_Result/Driver/Config/Driver_Init/init_gdb.o
 *(.rodata*)
 .rodata.WWDG_prescaler_u8
                0x08001adc       0x10 ../Build_Result/Driver/Config/Watchdog/WWDG_gdb.o
                0x08001adc                WWDG_prescaler_u8
 *(.ARM.exidx .ARM.exidx.*)
                0x08001aec                        . = ALIGN (0x4)
                0x08001aec                        _etext = .
                0x08001aec                        _sidata = _etext

.glue_7         0x08001aec        0x0
 .glue_7        0x08001aec        0x0 linker stubs

.glue_7t        0x08001aec        0x0
 .glue_7t       0x08001aec        0x0 linker stubs

.vfp11_veneer   0x08001aec        0x0
 .vfp11_veneer  0x08001aec        0x0 linker stubs

.v4_bx          0x08001aec        0x0
 .v4_bx         0x08001aec        0x0 linker stubs

.iplt           0x08001aec        0x0
 .iplt          0x08001aec        0x0 ../Build_Result/Driver/Static/Driver_Init/init_static_gdb.o

.rel.dyn        0x08001aec        0x0
 .rel.iplt      0x08001aec        0x0 ../Build_Result/Driver/Static/Driver_Init/init_static_gdb.o

.data           0x20000000       0x90 load address 0x08001aec
                0x20000000                        . = ALIGN (0x4)
                0x20000000                        _sdata = .
 *(.data)
 *(.data*)
 .data.FLASH_reg
                0x20000000        0x4 ../Build_Result/Driver/Static/Driver_Init/init_static_gdb.o
                0x20000000                FLASH_reg
 .data.SCB_reg  0x20000004        0x4 ../Build_Result/Driver/Static/Driver_Init/init_static_gdb.o
                0x20000004                SCB_reg
 .data.SYSTICK_reg
                0x20000008        0x4 ../Build_Result/Driver/Static/Driver_Init/init_static_gdb.o
                0x20000008                SYSTICK_reg
 .data.PWR_reg  0x2000000c        0x4 ../Build_Result/Driver/Static/Driver_Init/init_static_gdb.o
                0x2000000c                PWR_reg
 .data.RCC_reg  0x20000010        0x4 ../Build_Result/Driver/Static/Driver_Init/init_static_gdb.o
                0x20000010                RCC_reg
 .data.SysClock_Freq
                0x20000014        0x4 ../Build_Result/Driver/Static/Driver_Init/init_static_gdb.o
                0x20000014                SysClock_Freq
 .data.AHB_freq
                0x20000018        0x4 ../Build_Result/Driver/Static/Driver_Init/init_static_gdb.o
                0x20000018                AHB_freq
 .data.USART_reg
                0x2000001c       0x18 ../Build_Result/Driver/Config/Communication/UART/UART_gdb.o
                0x2000001c                USART_reg
 .data.NVIC_reg
                0x20000034        0x4 ../Build_Result/Driver/Config/Interrupt/Interrupt_gdb.o
                0x20000034                NVIC_reg
 .data.EXTI_reg
                0x20000038        0x4 ../Build_Result/Driver/Config/Interrupt/Interrupt_gdb.o
                0x20000038                EXTI_reg
 .data.TIM1_reg
                0x2000003c        0x4 ../Build_Result/Driver/Config/Timer/Timer_Init_gdb.o
                0x2000003c                TIM1_reg
 .data.TIM2_reg
                0x20000040        0x4 ../Build_Result/Driver/Config/Timer/Timer_Init_gdb.o
                0x20000040                TIM2_reg
 .data.TIM3_reg
                0x20000044        0x4 ../Build_Result/Driver/Config/Timer/Timer_Init_gdb.o
                0x20000044                TIM3_reg
 .data.TIM4_reg
                0x20000048        0x4 ../Build_Result/Driver/Config/Timer/Timer_Init_gdb.o
                0x20000048                TIM4_reg
 .data.TIM8_reg
                0x2000004c        0x4 ../Build_Result/Driver/Config/Timer/Timer_Init_gdb.o
                0x2000004c                TIM8_reg
 .data.TIM9_reg
                0x20000050        0x4 ../Build_Result/Driver/Config/Timer/Timer_Init_gdb.o
                0x20000050                TIM9_reg
 .data.TIM10_reg
                0x20000054        0x4 ../Build_Result/Driver/Config/Timer/Timer_Init_gdb.o
                0x20000054                TIM10_reg
 .data.TIM11_reg
                0x20000058        0x4 ../Build_Result/Driver/Config/Timer/Timer_Init_gdb.o
                0x20000058                TIM11_reg
 .data.TIM12_reg
                0x2000005c        0x4 ../Build_Result/Driver/Config/Timer/Timer_Init_gdb.o
                0x2000005c                TIM12_reg
 .data.GPIO_reg
                0x20000060       0x24 ../Build_Result/Driver/Config/GPIO/GPIO_gdb.o
                0x20000060                GPIO_reg
 .data.WWDG_reg
                0x20000084        0x4 ../Build_Result/Driver/Config/Watchdog/WWDG_gdb.o
                0x20000084                WWDG_reg
 .data.DMA_reg  0x20000088        0x8 ../Build_Result/Driver/Config/DMA/DMA_gdb.o
                0x20000088                DMA_reg
                0x20000090                        . = ALIGN (0x4)
                0x20000090                        _edata = .

.igot.plt       0x20000090        0x0 load address 0x08001b7c
 .igot.plt      0x20000090        0x0 ../Build_Result/Driver/Static/Driver_Init/init_static_gdb.o

.bss            0x20000090      0x374 load address 0x08001b7c
                0x20000090                        . = ALIGN (0x4)
                0x20000090                        _sbss = .
 *(COMMON)
 *(.bss)
 *(.bss*)
 .bss.APB1_freq
                0x20000090        0x4 ../Build_Result/Driver/Static/Driver_Init/init_static_gdb.o
                0x20000090                APB1_freq
 .bss.APB2_freq
                0x20000094        0x4 ../Build_Result/Driver/Static/Driver_Init/init_static_gdb.o
                0x20000094                APB2_freq
 .bss.UART_recv_buf
                0x20000098      0x324 ../Build_Result/Driver/Config/Communication/UART/UART_gdb.o
                0x20000098                UART_recv_buf
 .bss.is_timerInit
                0x200003bc        0xe ../Build_Result/Driver/Config/Timer/Timer_Init_gdb.o
                0x200003bc                is_timerInit
 *fill*         0x200003ca        0x2 
 .bss.is_PWMinit
                0x200003cc       0x38 ../Build_Result/Driver/Config/Timer/PWM/PWM_gdb.o
                0x200003cc                is_PWMinit
                0x20000404                        . = ALIGN (0x4)
                0x20000404                        _ebss = .
                0x08001b7c                        _sccm_lma = (_sidata + SIZEOF (.data))
                0x08001b7c                        _ccmram_sidata = _sccm_lma

.ccmram_data    0x10000000       0x20 load address 0x08001b7c
                0x10000000                        _ccmram_sdata = .
 *(.ccmram_data*)
 .ccmram_data   0x10000000       0x1e ../Build_Result/Driver/Config/Communication/UART/UART_gdb.o
                0x10000000                isUpdated_UART
                0x10000008                UART_init_state
                0x10000010                UART_state_tx
                0x10000018                UART_state_rx
                0x10000020                        . = ALIGN (0x4)
 *fill*         0x1000001e        0x2 
                0x10000020                        _ccmram_edata = .

.ccmram_bss     0x10000020        0x4 load address 0x08001b9c
                0x10000020                        _ccmram_sbss = .
 *(.ccmram_bss*)
 .ccmram_bss    0x10000020        0x4 ../Build_Result/StartupCode/startup__stm32f407vet6_gdb.o
                0x10000020                SysTick_cnt_u32
                0x10000024                        . = ALIGN (0x4)
                0x10000024                        _ccmram_ebss = .

.heap           0x20000404      0x204 load address 0x08001ef0
                0x20000408                        . = ALIGN (0x8)
 *fill*         0x20000404        0x4 
                0x20000408                        _heap_start = .
                0x20000608                        . = (. + _Min_heap_size)
 *fill*         0x20000408      0x200 
                0x20000608                        . = ALIGN (0x8)
                0x20000608                        _heap_end = .

.stack          0x20000608    0x1f9f8 load address 0x080020f4
                0x20020000                        _estack = (ORIGIN (SRAM) + LENGTH (SRAM))
                0x2001fc00                        _stack_start = (_estack - _Min_stack_size)
                0x2001fc00                        . = _stack_start
 *fill*         0x20000608    0x1f5f8 
                0x20020000                        . = (. + _Min_stack_size)
 *fill*         0x2001fc00      0x400 
                0x00000001                        ASSERT ((_heap_end <= _stack_start), Heap and stack collision)
                0x00000001                        ASSERT (((((SIZEOF (.isr_vector) + SIZEOF (.text)) + SIZEOF (.data)) + SIZEOF (.ccmram_data)) <= LENGTH (FLASH)), Not enough FLASH)
                0x00000001                        ASSERT (((((SIZEOF (.data) + SIZEOF (.bss)) + _Min_heap_size) + _Min_stack_size) <= LENGTH (SRAM)), Not enough SRAM)
                0x00000001                        ASSERT (((SIZEOF (.ccmram_data) + SIZEOF (.ccmram_bss)) <= LENGTH (CCMRAM)), Not enough CCMRAM)
OUTPUT(../Build_Result/Hexapod_Robot_gdb.elf elf32-littlearm)
LOAD linker stubs

.ARM.attributes
                0x00000000       0x2a
 .ARM.attributes
                0x00000000       0x1e /usr/lib/gcc/arm-none-eabi/14.2.1/thumb/v7e-m/nofp/crti.o
 .ARM.attributes
                0x0000001e       0x2e ../Build_Result/Driver/Static/Driver_Init/init_static_gdb.o
 .ARM.attributes
                0x0000004c       0x2e ../Build_Result/Driver/Config/Communication/UART/UART_gdb.o
 .ARM.attributes
                0x0000007a       0x2e ../Build_Result/Driver/Config/Interrupt/Interrupt_gdb.o
 .ARM.attributes
                0x000000a8       0x2e ../Build_Result/Driver/Config/Driver_Init/init_gdb.o
 .ARM.attributes
                0x000000d6       0x2e ../Build_Result/Driver/Config/Timer/Timer_Init_gdb.o
 .ARM.attributes
                0x00000104       0x2e ../Build_Result/Driver/Config/Timer/PWM/PWM_gdb.o
 .ARM.attributes
                0x00000132       0x2e ../Build_Result/Driver/Config/GPIO/GPIO_gdb.o
 .ARM.attributes
                0x00000160       0x2e ../Build_Result/Driver/Config/Watchdog/WWDG_gdb.o
 .ARM.attributes
                0x0000018e       0x2e ../Build_Result/Driver/Config/DMA/DMA_gdb.o
 .ARM.attributes
                0x000001bc       0x2e ../Build_Result/StartupCode/startup__stm32f407vet6_gdb.o
 .ARM.attributes
                0x000001ea       0x2e ../Build_Result/Control/main_gdb.o
 .ARM.attributes
                0x00000218       0x1e /usr/lib/gcc/arm-none-eabi/14.2.1/thumb/v7e-m/nofp/crtn.o

.comment        0x00000000       0x26
 .comment       0x00000000       0x26 ../Build_Result/Driver/Static/Driver_Init/init_static_gdb.o
                                 0x27 (size before relaxing)
 .comment       0x00000026       0x27 ../Build_Result/Driver/Config/Communication/UART/UART_gdb.o
 .comment       0x00000026       0x27 ../Build_Result/Driver/Config/Interrupt/Interrupt_gdb.o
 .comment       0x00000026       0x27 ../Build_Result/Driver/Config/Driver_Init/init_gdb.o
 .comment       0x00000026       0x27 ../Build_Result/Driver/Config/Timer/Timer_Init_gdb.o
 .comment       0x00000026       0x27 ../Build_Result/Driver/Config/Timer/PWM/PWM_gdb.o
 .comment       0x00000026       0x27 ../Build_Result/Driver/Config/GPIO/GPIO_gdb.o
 .comment       0x00000026       0x27 ../Build_Result/Driver/Config/Watchdog/WWDG_gdb.o
 .comment       0x00000026       0x27 ../Build_Result/Driver/Config/DMA/DMA_gdb.o
 .comment       0x00000026       0x27 ../Build_Result/StartupCode/startup__stm32f407vet6_gdb.o
 .comment       0x00000026       0x27 ../Build_Result/Control/main_gdb.o

.debug_info     0x00000000     0x50e4
 .debug_info    0x00000000      0x8fd ../Build_Result/Driver/Static/Driver_Init/init_static_gdb.o
 .debug_info    0x000008fd      0xdf4 ../Build_Result/Driver/Config/Communication/UART/UART_gdb.o
 .debug_info    0x000016f1      0x913 ../Build_Result/Driver/Config/Interrupt/Interrupt_gdb.o
 .debug_info    0x00002004      0x2ec ../Build_Result/Driver/Config/Driver_Init/init_gdb.o
 .debug_info    0x000022f0      0x887 ../Build_Result/Driver/Config/Timer/Timer_Init_gdb.o
 .debug_info    0x00002b77      0x7e1 ../Build_Result/Driver/Config/Timer/PWM/PWM_gdb.o
 .debug_info    0x00003358      0x5a7 ../Build_Result/Driver/Config/GPIO/GPIO_gdb.o
 .debug_info    0x000038ff      0x555 ../Build_Result/Driver/Config/Watchdog/WWDG_gdb.o
 .debug_info    0x00003e54      0x942 ../Build_Result/Driver/Config/DMA/DMA_gdb.o
 .debug_info    0x00004796      0x6ab ../Build_Result/StartupCode/startup__stm32f407vet6_gdb.o
 .debug_info    0x00004e41      0x2a3 ../Build_Result/Control/main_gdb.o

.debug_abbrev   0x00000000      0xfef
 .debug_abbrev  0x00000000      0x1d4 ../Build_Result/Driver/Static/Driver_Init/init_static_gdb.o
 .debug_abbrev  0x000001d4      0x204 ../Build_Result/Driver/Config/Communication/UART/UART_gdb.o
 .debug_abbrev  0x000003d8      0x1c0 ../Build_Result/Driver/Config/Interrupt/Interrupt_gdb.o
 .debug_abbrev  0x00000598       0xe1 ../Build_Result/Driver/Config/Driver_Init/init_gdb.o
 .debug_abbrev  0x00000679      0x10f ../Build_Result/Driver/Config/Timer/Timer_Init_gdb.o
 .debug_abbrev  0x00000788      0x181 ../Build_Result/Driver/Config/Timer/PWM/PWM_gdb.o
 .debug_abbrev  0x00000909      0x154 ../Build_Result/Driver/Config/GPIO/GPIO_gdb.o
 .debug_abbrev  0x00000a5d      0x15b ../Build_Result/Driver/Config/Watchdog/WWDG_gdb.o
 .debug_abbrev  0x00000bb8      0x195 ../Build_Result/Driver/Config/DMA/DMA_gdb.o
 .debug_abbrev  0x00000d4d      0x1dc ../Build_Result/StartupCode/startup__stm32f407vet6_gdb.o
 .debug_abbrev  0x00000f29       0xc6 ../Build_Result/Control/main_gdb.o

.debug_aranges  0x00000000      0x230
 .debug_aranges
                0x00000000       0x50 ../Build_Result/Driver/Static/Driver_Init/init_static_gdb.o
 .debug_aranges
                0x00000050       0x30 ../Build_Result/Driver/Config/Communication/UART/UART_gdb.o
 .debug_aranges
                0x00000080       0x30 ../Build_Result/Driver/Config/Interrupt/Interrupt_gdb.o
 .debug_aranges
                0x000000b0       0x20 ../Build_Result/Driver/Config/Driver_Init/init_gdb.o
 .debug_aranges
                0x000000d0       0x20 ../Build_Result/Driver/Config/Timer/Timer_Init_gdb.o
 .debug_aranges
                0x000000f0       0x28 ../Build_Result/Driver/Config/Timer/PWM/PWM_gdb.o
 .debug_aranges
                0x00000118       0x38 ../Build_Result/Driver/Config/GPIO/GPIO_gdb.o
 .debug_aranges
                0x00000150       0x28 ../Build_Result/Driver/Config/Watchdog/WWDG_gdb.o
 .debug_aranges
                0x00000178       0x30 ../Build_Result/Driver/Config/DMA/DMA_gdb.o
 .debug_aranges
                0x000001a8       0x68 ../Build_Result/StartupCode/startup__stm32f407vet6_gdb.o
 .debug_aranges
                0x00000210       0x20 ../Build_Result/Control/main_gdb.o

.debug_rnglists
                0x00000000      0x19c
 .debug_rnglists
                0x00000000       0x3d ../Build_Result/Driver/Static/Driver_Init/init_static_gdb.o
 .debug_rnglists
                0x0000003d       0x3d ../Build_Result/Driver/Config/Communication/UART/UART_gdb.o
 .debug_rnglists
                0x0000007a       0x20 ../Build_Result/Driver/Config/Interrupt/Interrupt_gdb.o
 .debug_rnglists
                0x0000009a       0x13 ../Build_Result/Driver/Config/Driver_Init/init_gdb.o
 .debug_rnglists
                0x000000ad       0x14 ../Build_Result/Driver/Config/Timer/Timer_Init_gdb.o
 .debug_rnglists
                0x000000c1       0x1b ../Build_Result/Driver/Config/Timer/PWM/PWM_gdb.o
 .debug_rnglists
                0x000000dc       0x27 ../Build_Result/Driver/Config/GPIO/GPIO_gdb.o
 .debug_rnglists
                0x00000103       0x1a ../Build_Result/Driver/Config/Watchdog/WWDG_gdb.o
 .debug_rnglists
                0x0000011d       0x22 ../Build_Result/Driver/Config/DMA/DMA_gdb.o
 .debug_rnglists
                0x0000013f       0x4a ../Build_Result/StartupCode/startup__stm32f407vet6_gdb.o
 .debug_rnglists
                0x00000189       0x13 ../Build_Result/Control/main_gdb.o

.debug_line     0x00000000     0x22bf
 .debug_line    0x00000000      0x54a ../Build_Result/Driver/Static/Driver_Init/init_static_gdb.o
 .debug_line    0x0000054a      0x457 ../Build_Result/Driver/Config/Communication/UART/UART_gdb.o
 .debug_line    0x000009a1      0x1d6 ../Build_Result/Driver/Config/Interrupt/Interrupt_gdb.o
 .debug_line    0x00000b77       0xd9 ../Build_Result/Driver/Config/Driver_Init/init_gdb.o
 .debug_line    0x00000c50      0x29e ../Build_Result/Driver/Config/Timer/Timer_Init_gdb.o
 .debug_line    0x00000eee      0x8b1 ../Build_Result/Driver/Config/Timer/PWM/PWM_gdb.o
 .debug_line    0x0000179f      0x1b4 ../Build_Result/Driver/Config/GPIO/GPIO_gdb.o
 .debug_line    0x00001953      0x19c ../Build_Result/Driver/Config/Watchdog/WWDG_gdb.o
 .debug_line    0x00001aef      0x298 ../Build_Result/Driver/Config/DMA/DMA_gdb.o
 .debug_line    0x00001d87      0x3f6 ../Build_Result/StartupCode/startup__stm32f407vet6_gdb.o
 .debug_line    0x0000217d      0x142 ../Build_Result/Control/main_gdb.o

.debug_str      0x00000000     0x1788
 .debug_str     0x00000000     0x1788 ../Build_Result/Driver/Static/Driver_Init/init_static_gdb.o
                                0x71e (size before relaxing)
 .debug_str     0x00001788      0xb8c ../Build_Result/Driver/Config/Communication/UART/UART_gdb.o
 .debug_str     0x00001788      0x863 ../Build_Result/Driver/Config/Interrupt/Interrupt_gdb.o
 .debug_str     0x00001788      0x40c ../Build_Result/Driver/Config/Driver_Init/init_gdb.o
 .debug_str     0x00001788      0x486 ../Build_Result/Driver/Config/Timer/Timer_Init_gdb.o
 .debug_str     0x00001788      0x46f ../Build_Result/Driver/Config/Timer/PWM/PWM_gdb.o
 .debug_str     0x00001788      0x47e ../Build_Result/Driver/Config/GPIO/GPIO_gdb.o
 .debug_str     0x00001788      0x6aa ../Build_Result/Driver/Config/Watchdog/WWDG_gdb.o
 .debug_str     0x00001788      0x99f ../Build_Result/Driver/Config/DMA/DMA_gdb.o
 .debug_str     0x00001788      0x4c2 ../Build_Result/StartupCode/startup__stm32f407vet6_gdb.o
 .debug_str     0x00001788      0x2bf ../Build_Result/Control/main_gdb.o

.debug_frame    0x00000000      0x60c
 .debug_frame   0x00000000      0x124 ../Build_Result/Driver/Static/Driver_Init/init_static_gdb.o
 .debug_frame   0x00000124       0x84 ../Build_Result/Driver/Config/Communication/UART/UART_gdb.o
 .debug_frame   0x000001a8       0x88 ../Build_Result/Driver/Config/Interrupt/Interrupt_gdb.o
 .debug_frame   0x00000230       0x34 ../Build_Result/Driver/Config/Driver_Init/init_gdb.o
 .debug_frame   0x00000264       0x38 ../Build_Result/Driver/Config/Timer/Timer_Init_gdb.o
 .debug_frame   0x0000029c       0x64 ../Build_Result/Driver/Config/Timer/PWM/PWM_gdb.o
 .debug_frame   0x00000300       0xb0 ../Build_Result/Driver/Config/GPIO/GPIO_gdb.o
 .debug_frame   0x000003b0       0x54 ../Build_Result/Driver/Config/Watchdog/WWDG_gdb.o
 .debug_frame   0x00000404       0x84 ../Build_Result/Driver/Config/DMA/DMA_gdb.o
 .debug_frame   0x00000488      0x154 ../Build_Result/StartupCode/startup__stm32f407vet6_gdb.o
 .debug_frame   0x000005dc       0x30 ../Build_Result/Control/main_gdb.o
