Archive member included to satisfy reference by file (symbol)

/usr/lib/gcc/arm-none-eabi/14.2.1/../../../arm-none-eabi/lib/thumb/v7e-m/nofp/libg.a(libc_a-memset.o)
                              /usr/lib/gcc/arm-none-eabi/14.2.1/../../../arm-none-eabi/lib/thumb/v7e-m/nofp/crt0.o (memset)
/usr/lib/gcc/arm-none-eabi/14.2.1/../../../arm-none-eabi/lib/thumb/v7e-m/nofp/libg.a(libc_a-fini.o)
                              /usr/lib/gcc/arm-none-eabi/14.2.1/../../../arm-none-eabi/lib/thumb/v7e-m/nofp/crt0.o (__libc_fini_array)
/usr/lib/gcc/arm-none-eabi/14.2.1/../../../arm-none-eabi/lib/thumb/v7e-m/nofp/libg.a(libc_a-exit.o)
                              /usr/lib/gcc/arm-none-eabi/14.2.1/../../../arm-none-eabi/lib/thumb/v7e-m/nofp/crt0.o (exit)
/usr/lib/gcc/arm-none-eabi/14.2.1/../../../arm-none-eabi/lib/thumb/v7e-m/nofp/libg.a(libc_a-atexit.o)
                              /usr/lib/gcc/arm-none-eabi/14.2.1/../../../arm-none-eabi/lib/thumb/v7e-m/nofp/crt0.o (atexit)
/usr/lib/gcc/arm-none-eabi/14.2.1/../../../arm-none-eabi/lib/thumb/v7e-m/nofp/libg.a(libc_a-init.o)
                              /usr/lib/gcc/arm-none-eabi/14.2.1/../../../arm-none-eabi/lib/thumb/v7e-m/nofp/crt0.o (__libc_init_array)
/usr/lib/gcc/arm-none-eabi/14.2.1/../../../arm-none-eabi/lib/thumb/v7e-m/nofp/libg.a(libc_a-findfp.o)
                              /usr/lib/gcc/arm-none-eabi/14.2.1/../../../arm-none-eabi/lib/thumb/v7e-m/nofp/libg.a(libc_a-exit.o) (__stdio_exit_handler)
/usr/lib/gcc/arm-none-eabi/14.2.1/../../../arm-none-eabi/lib/thumb/v7e-m/nofp/libg.a(libc_a-fclose.o)
                              /usr/lib/gcc/arm-none-eabi/14.2.1/../../../arm-none-eabi/lib/thumb/v7e-m/nofp/libg.a(libc_a-findfp.o) (_fclose_r)
/usr/lib/gcc/arm-none-eabi/14.2.1/../../../arm-none-eabi/lib/thumb/v7e-m/nofp/libg.a(libc_a-mallocr.o)
                              /usr/lib/gcc/arm-none-eabi/14.2.1/../../../arm-none-eabi/lib/thumb/v7e-m/nofp/libg.a(libc_a-findfp.o) (_malloc_r)
/usr/lib/gcc/arm-none-eabi/14.2.1/../../../arm-none-eabi/lib/thumb/v7e-m/nofp/libg.a(libc_a-freer.o)
                              /usr/lib/gcc/arm-none-eabi/14.2.1/../../../arm-none-eabi/lib/thumb/v7e-m/nofp/libg.a(libc_a-fclose.o) (_free_r)
/usr/lib/gcc/arm-none-eabi/14.2.1/../../../arm-none-eabi/lib/thumb/v7e-m/nofp/libg.a(libc_a-__call_atexit.o)
                              /usr/lib/gcc/arm-none-eabi/14.2.1/../../../arm-none-eabi/lib/thumb/v7e-m/nofp/libg.a(libc_a-exit.o) (__call_exitprocs)
/usr/lib/gcc/arm-none-eabi/14.2.1/../../../arm-none-eabi/lib/thumb/v7e-m/nofp/libg.a(libc_a-__atexit.o)
                              /usr/lib/gcc/arm-none-eabi/14.2.1/../../../arm-none-eabi/lib/thumb/v7e-m/nofp/libg.a(libc_a-atexit.o) (__register_exitproc)
/usr/lib/gcc/arm-none-eabi/14.2.1/../../../arm-none-eabi/lib/thumb/v7e-m/nofp/libg.a(libc_a-mlock.o)
                              /usr/lib/gcc/arm-none-eabi/14.2.1/../../../arm-none-eabi/lib/thumb/v7e-m/nofp/libg.a(libc_a-mallocr.o) (__malloc_lock)
/usr/lib/gcc/arm-none-eabi/14.2.1/../../../arm-none-eabi/lib/thumb/v7e-m/nofp/libg.a(libc_a-sbrkr.o)
                              /usr/lib/gcc/arm-none-eabi/14.2.1/../../../arm-none-eabi/lib/thumb/v7e-m/nofp/libg.a(libc_a-mallocr.o) (_sbrk_r)
/usr/lib/gcc/arm-none-eabi/14.2.1/../../../arm-none-eabi/lib/thumb/v7e-m/nofp/libg.a(libc_a-stdio.o)
                              /usr/lib/gcc/arm-none-eabi/14.2.1/../../../arm-none-eabi/lib/thumb/v7e-m/nofp/libg.a(libc_a-findfp.o) (__sread)
/usr/lib/gcc/arm-none-eabi/14.2.1/../../../arm-none-eabi/lib/thumb/v7e-m/nofp/libg.a(libc_a-fflush.o)
                              /usr/lib/gcc/arm-none-eabi/14.2.1/../../../arm-none-eabi/lib/thumb/v7e-m/nofp/libg.a(libc_a-fclose.o) (__sflush_r)
/usr/lib/gcc/arm-none-eabi/14.2.1/../../../arm-none-eabi/lib/thumb/v7e-m/nofp/libg.a(libc_a-fwalk.o)
                              /usr/lib/gcc/arm-none-eabi/14.2.1/../../../arm-none-eabi/lib/thumb/v7e-m/nofp/libg.a(libc_a-findfp.o) (_fwalk_sglue)
/usr/lib/gcc/arm-none-eabi/14.2.1/../../../arm-none-eabi/lib/thumb/v7e-m/nofp/libg.a(libc_a-impure.o)
                              /usr/lib/gcc/arm-none-eabi/14.2.1/../../../arm-none-eabi/lib/thumb/v7e-m/nofp/libg.a(libc_a-fclose.o) (_impure_ptr)
/usr/lib/gcc/arm-none-eabi/14.2.1/../../../arm-none-eabi/lib/thumb/v7e-m/nofp/libg.a(libc_a-sysconf.o)
                              /usr/lib/gcc/arm-none-eabi/14.2.1/../../../arm-none-eabi/lib/thumb/v7e-m/nofp/libg.a(libc_a-mallocr.o) (sysconf)
/usr/lib/gcc/arm-none-eabi/14.2.1/../../../arm-none-eabi/lib/thumb/v7e-m/nofp/libg.a(libc_a-reent.o)
                              /usr/lib/gcc/arm-none-eabi/14.2.1/../../../arm-none-eabi/lib/thumb/v7e-m/nofp/libg.a(libc_a-sbrkr.o) (errno)
/usr/lib/gcc/arm-none-eabi/14.2.1/../../../arm-none-eabi/lib/thumb/v7e-m/nofp/libg.a(libc_a-errno.o)
                              /usr/lib/gcc/arm-none-eabi/14.2.1/../../../arm-none-eabi/lib/thumb/v7e-m/nofp/libg.a(libc_a-sysconf.o) (__errno)
/usr/lib/gcc/arm-none-eabi/14.2.1/../../../arm-none-eabi/lib/thumb/v7e-m/nofp/libg.a(libc_a-writer.o)
                              /usr/lib/gcc/arm-none-eabi/14.2.1/../../../arm-none-eabi/lib/thumb/v7e-m/nofp/libg.a(libc_a-stdio.o) (_write_r)
/usr/lib/gcc/arm-none-eabi/14.2.1/../../../arm-none-eabi/lib/thumb/v7e-m/nofp/libg.a(libc_a-closer.o)
                              /usr/lib/gcc/arm-none-eabi/14.2.1/../../../arm-none-eabi/lib/thumb/v7e-m/nofp/libg.a(libc_a-stdio.o) (_close_r)
/usr/lib/gcc/arm-none-eabi/14.2.1/../../../arm-none-eabi/lib/thumb/v7e-m/nofp/libg.a(libc_a-lseekr.o)
                              /usr/lib/gcc/arm-none-eabi/14.2.1/../../../arm-none-eabi/lib/thumb/v7e-m/nofp/libg.a(libc_a-stdio.o) (_lseek_r)
/usr/lib/gcc/arm-none-eabi/14.2.1/../../../arm-none-eabi/lib/thumb/v7e-m/nofp/libg.a(libc_a-readr.o)
                              /usr/lib/gcc/arm-none-eabi/14.2.1/../../../arm-none-eabi/lib/thumb/v7e-m/nofp/libg.a(libc_a-stdio.o) (_read_r)

Discarded input sections

 .text          0x00000000        0x0 /usr/lib/gcc/arm-none-eabi/14.2.1/thumb/v7e-m/nofp/crti.o
 .data          0x00000000        0x0 /usr/lib/gcc/arm-none-eabi/14.2.1/thumb/v7e-m/nofp/crti.o
 .bss           0x00000000        0x0 /usr/lib/gcc/arm-none-eabi/14.2.1/thumb/v7e-m/nofp/crti.o
 .text          0x00000000       0x88 /usr/lib/gcc/arm-none-eabi/14.2.1/thumb/v7e-m/nofp/crtbegin.o
 .data          0x00000000        0x4 /usr/lib/gcc/arm-none-eabi/14.2.1/thumb/v7e-m/nofp/crtbegin.o
 .bss           0x00000000       0x1c /usr/lib/gcc/arm-none-eabi/14.2.1/thumb/v7e-m/nofp/crtbegin.o
 .rodata        0x00000000       0x24 /usr/lib/gcc/arm-none-eabi/14.2.1/thumb/v7e-m/nofp/crtbegin.o
 .init_array    0x00000000        0x4 /usr/lib/gcc/arm-none-eabi/14.2.1/thumb/v7e-m/nofp/crtbegin.o
 .fini_array    0x00000000        0x4 /usr/lib/gcc/arm-none-eabi/14.2.1/thumb/v7e-m/nofp/crtbegin.o
 .eh_frame      0x00000000        0x0 /usr/lib/gcc/arm-none-eabi/14.2.1/thumb/v7e-m/nofp/crtbegin.o
 .tm_clone_table
                0x00000000        0x0 /usr/lib/gcc/arm-none-eabi/14.2.1/thumb/v7e-m/nofp/crtbegin.o
 .comment       0x00000000       0x27 /usr/lib/gcc/arm-none-eabi/14.2.1/thumb/v7e-m/nofp/crtbegin.o
 .ARM.attributes
                0x00000000       0x2e /usr/lib/gcc/arm-none-eabi/14.2.1/thumb/v7e-m/nofp/crtbegin.o
 .text          0x00000000       0x70 /usr/lib/gcc/arm-none-eabi/14.2.1/../../../arm-none-eabi/lib/thumb/v7e-m/nofp/crt0.o
 .data          0x00000000        0x0 /usr/lib/gcc/arm-none-eabi/14.2.1/../../../arm-none-eabi/lib/thumb/v7e-m/nofp/crt0.o
 .bss           0x00000000        0x0 /usr/lib/gcc/arm-none-eabi/14.2.1/../../../arm-none-eabi/lib/thumb/v7e-m/nofp/crt0.o
 .ARM.extab     0x00000000        0x0 /usr/lib/gcc/arm-none-eabi/14.2.1/../../../arm-none-eabi/lib/thumb/v7e-m/nofp/crt0.o
 .ARM.exidx     0x00000000       0x10 /usr/lib/gcc/arm-none-eabi/14.2.1/../../../arm-none-eabi/lib/thumb/v7e-m/nofp/crt0.o
 .debug_line    0x00000000       0x75 /usr/lib/gcc/arm-none-eabi/14.2.1/../../../arm-none-eabi/lib/thumb/v7e-m/nofp/crt0.o
 .debug_line_str
                0x00000000       0x83 /usr/lib/gcc/arm-none-eabi/14.2.1/../../../arm-none-eabi/lib/thumb/v7e-m/nofp/crt0.o
 .debug_info    0x00000000       0x24 /usr/lib/gcc/arm-none-eabi/14.2.1/../../../arm-none-eabi/lib/thumb/v7e-m/nofp/crt0.o
 .debug_abbrev  0x00000000       0x14 /usr/lib/gcc/arm-none-eabi/14.2.1/../../../arm-none-eabi/lib/thumb/v7e-m/nofp/crt0.o
 .debug_aranges
                0x00000000       0x20 /usr/lib/gcc/arm-none-eabi/14.2.1/../../../arm-none-eabi/lib/thumb/v7e-m/nofp/crt0.o
 .debug_str     0x00000000       0x92 /usr/lib/gcc/arm-none-eabi/14.2.1/../../../arm-none-eabi/lib/thumb/v7e-m/nofp/crt0.o
 .ARM.attributes
                0x00000000       0x1c /usr/lib/gcc/arm-none-eabi/14.2.1/../../../arm-none-eabi/lib/thumb/v7e-m/nofp/crt0.o
 .text          0x00000000        0x0 ../Build_Result/Control/main_gdb.o
 .data          0x00000000        0x0 ../Build_Result/Control/main_gdb.o
 .bss           0x00000000        0x0 ../Build_Result/Control/main_gdb.o
 .text          0x00000000        0x0 ../Build_Result/Driver/Static/Driver_Init/init_static_gdb.o
 .data          0x00000000        0x0 ../Build_Result/Driver/Static/Driver_Init/init_static_gdb.o
 .bss           0x00000000        0x0 ../Build_Result/Driver/Static/Driver_Init/init_static_gdb.o
 .text          0x00000000        0x0 ../Build_Result/Driver/Config/Watchdog/IWDG_gdb.o
 .data          0x00000000        0x0 ../Build_Result/Driver/Config/Watchdog/IWDG_gdb.o
 .bss           0x00000000        0x0 ../Build_Result/Driver/Config/Watchdog/IWDG_gdb.o
 .data.IWDG_reg
                0x00000000        0x4 ../Build_Result/Driver/Config/Watchdog/IWDG_gdb.o
 .text.IWDG_init
                0x00000000       0xc0 ../Build_Result/Driver/Config/Watchdog/IWDG_gdb.o
 .text.IWDG_reset
                0x00000000       0x28 ../Build_Result/Driver/Config/Watchdog/IWDG_gdb.o
 .debug_info    0x00000000      0x17c ../Build_Result/Driver/Config/Watchdog/IWDG_gdb.o
 .debug_abbrev  0x00000000      0x107 ../Build_Result/Driver/Config/Watchdog/IWDG_gdb.o
 .debug_aranges
                0x00000000       0x28 ../Build_Result/Driver/Config/Watchdog/IWDG_gdb.o
 .debug_rnglists
                0x00000000       0x1a ../Build_Result/Driver/Config/Watchdog/IWDG_gdb.o
 .debug_line    0x00000000      0x155 ../Build_Result/Driver/Config/Watchdog/IWDG_gdb.o
 .debug_str     0x00000000      0x233 ../Build_Result/Driver/Config/Watchdog/IWDG_gdb.o
 .comment       0x00000000       0x27 ../Build_Result/Driver/Config/Watchdog/IWDG_gdb.o
 .debug_frame   0x00000000       0x58 ../Build_Result/Driver/Config/Watchdog/IWDG_gdb.o
 .ARM.attributes
                0x00000000       0x2e ../Build_Result/Driver/Config/Watchdog/IWDG_gdb.o
 .text          0x00000000        0x0 ../Build_Result/Driver/Config/Watchdog/WWDG_gdb.o
 .data          0x00000000        0x0 ../Build_Result/Driver/Config/Watchdog/WWDG_gdb.o
 .bss           0x00000000        0x0 ../Build_Result/Driver/Config/Watchdog/WWDG_gdb.o
 .data.WWDG_reg
                0x00000000        0x4 ../Build_Result/Driver/Config/Watchdog/WWDG_gdb.o
 .rodata.WWDG_prescaler_u8
                0x00000000       0x10 ../Build_Result/Driver/Config/Watchdog/WWDG_gdb.o
 .text.WWDG_init
                0x00000000      0x100 ../Build_Result/Driver/Config/Watchdog/WWDG_gdb.o
 .text.WWDG_reset
                0x00000000       0x20 ../Build_Result/Driver/Config/Watchdog/WWDG_gdb.o
 .debug_info    0x00000000      0x555 ../Build_Result/Driver/Config/Watchdog/WWDG_gdb.o
 .debug_abbrev  0x00000000      0x15b ../Build_Result/Driver/Config/Watchdog/WWDG_gdb.o
 .debug_aranges
                0x00000000       0x28 ../Build_Result/Driver/Config/Watchdog/WWDG_gdb.o
 .debug_rnglists
                0x00000000       0x1a ../Build_Result/Driver/Config/Watchdog/WWDG_gdb.o
 .debug_line    0x00000000      0x19c ../Build_Result/Driver/Config/Watchdog/WWDG_gdb.o
 .debug_str     0x00000000      0x6a8 ../Build_Result/Driver/Config/Watchdog/WWDG_gdb.o
 .comment       0x00000000       0x27 ../Build_Result/Driver/Config/Watchdog/WWDG_gdb.o
 .debug_frame   0x00000000       0x54 ../Build_Result/Driver/Config/Watchdog/WWDG_gdb.o
 .ARM.attributes
                0x00000000       0x2e ../Build_Result/Driver/Config/Watchdog/WWDG_gdb.o
 .text          0x00000000        0x0 ../Build_Result/Driver/Config/Interrupt/Interrupt_gdb.o
 .data          0x00000000        0x0 ../Build_Result/Driver/Config/Interrupt/Interrupt_gdb.o
 .bss           0x00000000        0x0 ../Build_Result/Driver/Config/Interrupt/Interrupt_gdb.o
 .data.SYSCFG_reg
                0x00000000        0x4 ../Build_Result/Driver/Config/Interrupt/Interrupt_gdb.o
 .text.NVIC_ICER_setVal
                0x00000000       0x4c ../Build_Result/Driver/Config/Interrupt/Interrupt_gdb.o
 .text.Ex_Interrupt
                0x00000000      0x214 ../Build_Result/Driver/Config/Interrupt/Interrupt_gdb.o
 .text          0x00000000        0x0 ../Build_Result/Driver/Config/Timer/PWM/PWM_gdb.o
 .data          0x00000000        0x0 ../Build_Result/Driver/Config/Timer/PWM/PWM_gdb.o
 .bss           0x00000000        0x0 ../Build_Result/Driver/Config/Timer/PWM/PWM_gdb.o
 .text.PWM_init
                0x00000000     0x129c ../Build_Result/Driver/Config/Timer/PWM/PWM_gdb.o
 .text          0x00000000        0x0 ../Build_Result/Driver/Config/Timer/Timer_Init_gdb.o
 .data          0x00000000        0x0 ../Build_Result/Driver/Config/Timer/Timer_Init_gdb.o
 .bss           0x00000000        0x0 ../Build_Result/Driver/Config/Timer/Timer_Init_gdb.o
 .bss.TIMxFrequency
                0x00000000        0xe ../Build_Result/Driver/Config/Timer/Timer_Init_gdb.o
 .text.Timer_init
                0x00000000      0x488 ../Build_Result/Driver/Config/Timer/Timer_Init_gdb.o
 .text          0x00000000        0x0 ../Build_Result/Driver/Config/Communication/I2C/I2C_gdb.o
 .data          0x00000000        0x0 ../Build_Result/Driver/Config/Communication/I2C/I2C_gdb.o
 .bss           0x00000000        0x0 ../Build_Result/Driver/Config/Communication/I2C/I2C_gdb.o
 .text.I2C_master_send
                0x00000000      0x1c8 ../Build_Result/Driver/Config/Communication/I2C/I2C_gdb.o
 .text          0x00000000        0x0 ../Build_Result/Driver/Config/Communication/UART/UART_gdb.o
 .data          0x00000000        0x0 ../Build_Result/Driver/Config/Communication/UART/UART_gdb.o
 .bss           0x00000000        0x0 ../Build_Result/Driver/Config/Communication/UART/UART_gdb.o
 .rodata        0x00000000       0x18 ../Build_Result/Driver/Config/Communication/UART/UART_gdb.o
 .text.UART_init
                0x00000000      0x670 ../Build_Result/Driver/Config/Communication/UART/UART_gdb.o
 .text.UART_transmit
                0x00000000       0xf0 ../Build_Result/Driver/Config/Communication/UART/UART_gdb.o
 .text.UART_Read
                0x00000000      0x2a4 ../Build_Result/Driver/Config/Communication/UART/UART_gdb.o
 .text          0x00000000        0x0 ../Build_Result/Driver/Config/GPIO/GPIO_gdb.o
 .data          0x00000000        0x0 ../Build_Result/Driver/Config/GPIO/GPIO_gdb.o
 .bss           0x00000000        0x0 ../Build_Result/Driver/Config/GPIO/GPIO_gdb.o
 .text          0x00000000        0x0 ../Build_Result/Driver/Config/Driver_Init/init_gdb.o
 .data          0x00000000        0x0 ../Build_Result/Driver/Config/Driver_Init/init_gdb.o
 .bss           0x00000000        0x0 ../Build_Result/Driver/Config/Driver_Init/init_gdb.o
 .text          0x00000000        0x0 ../Build_Result/Driver/Config/DMA/DMA_gdb.o
 .data          0x00000000        0x0 ../Build_Result/Driver/Config/DMA/DMA_gdb.o
 .bss           0x00000000        0x0 ../Build_Result/Driver/Config/DMA/DMA_gdb.o
 .text.DMA_FIFO_init
                0x00000000      0x720 ../Build_Result/Driver/Config/DMA/DMA_gdb.o
 .text          0x00000000        0x0 ../Build_Result/Algorithm/delay_us/delay_us_gdb.o
 .data          0x00000000        0x0 ../Build_Result/Algorithm/delay_us/delay_us_gdb.o
 .bss           0x00000000        0x0 ../Build_Result/Algorithm/delay_us/delay_us_gdb.o
 .text          0x00000000        0x0 ../Build_Result/Algorithm/queue/queue_gdb.o
 .data          0x00000000        0x0 ../Build_Result/Algorithm/queue/queue_gdb.o
 .bss           0x00000000        0x0 ../Build_Result/Algorithm/queue/queue_gdb.o
 .text.queue_init
                0x00000000       0x22 ../Build_Result/Algorithm/queue/queue_gdb.o
 .text.queue_enqueue
                0x00000000       0x84 ../Build_Result/Algorithm/queue/queue_gdb.o
 .text.queue_dequeue
                0x00000000       0xa8 ../Build_Result/Algorithm/queue/queue_gdb.o
 .text.queue_get_size
                0x00000000       0x64 ../Build_Result/Algorithm/queue/queue_gdb.o
 .debug_info    0x00000000      0x207 ../Build_Result/Algorithm/queue/queue_gdb.o
 .debug_abbrev  0x00000000      0x135 ../Build_Result/Algorithm/queue/queue_gdb.o
 .debug_aranges
                0x00000000       0x38 ../Build_Result/Algorithm/queue/queue_gdb.o
 .debug_rnglists
                0x00000000       0x27 ../Build_Result/Algorithm/queue/queue_gdb.o
 .debug_line    0x00000000      0x1bc ../Build_Result/Algorithm/queue/queue_gdb.o
 .debug_str     0x00000000      0x242 ../Build_Result/Algorithm/queue/queue_gdb.o
 .comment       0x00000000       0x27 ../Build_Result/Algorithm/queue/queue_gdb.o
 .debug_frame   0x00000000       0xac ../Build_Result/Algorithm/queue/queue_gdb.o
 .ARM.attributes
                0x00000000       0x2e ../Build_Result/Algorithm/queue/queue_gdb.o
 .text          0x00000000        0x0 ../Build_Result/StartupCode/startup__stm32f407vet6_gdb.o
 .data          0x00000000        0x0 ../Build_Result/StartupCode/startup__stm32f407vet6_gdb.o
 .bss           0x00000000        0x0 ../Build_Result/StartupCode/startup__stm32f407vet6_gdb.o
 .data          0x00000000        0x0 /usr/lib/gcc/arm-none-eabi/14.2.1/../../../arm-none-eabi/lib/thumb/v7e-m/nofp/libg.a(libc_a-memset.o)
 .bss           0x00000000        0x0 /usr/lib/gcc/arm-none-eabi/14.2.1/../../../arm-none-eabi/lib/thumb/v7e-m/nofp/libg.a(libc_a-memset.o)
 .text          0x00000000       0x28 /usr/lib/gcc/arm-none-eabi/14.2.1/../../../arm-none-eabi/lib/thumb/v7e-m/nofp/libg.a(libc_a-fini.o)
 .data          0x00000000        0x0 /usr/lib/gcc/arm-none-eabi/14.2.1/../../../arm-none-eabi/lib/thumb/v7e-m/nofp/libg.a(libc_a-fini.o)
 .bss           0x00000000        0x0 /usr/lib/gcc/arm-none-eabi/14.2.1/../../../arm-none-eabi/lib/thumb/v7e-m/nofp/libg.a(libc_a-fini.o)
 .debug_info    0x00000000       0xf7 /usr/lib/gcc/arm-none-eabi/14.2.1/../../../arm-none-eabi/lib/thumb/v7e-m/nofp/libg.a(libc_a-fini.o)
 .debug_abbrev  0x00000000       0xcc /usr/lib/gcc/arm-none-eabi/14.2.1/../../../arm-none-eabi/lib/thumb/v7e-m/nofp/libg.a(libc_a-fini.o)
 .debug_loclists
                0x00000000       0x42 /usr/lib/gcc/arm-none-eabi/14.2.1/../../../arm-none-eabi/lib/thumb/v7e-m/nofp/libg.a(libc_a-fini.o)
 .debug_aranges
                0x00000000       0x20 /usr/lib/gcc/arm-none-eabi/14.2.1/../../../arm-none-eabi/lib/thumb/v7e-m/nofp/libg.a(libc_a-fini.o)
 .debug_line    0x00000000       0xd2 /usr/lib/gcc/arm-none-eabi/14.2.1/../../../arm-none-eabi/lib/thumb/v7e-m/nofp/libg.a(libc_a-fini.o)
 .debug_str     0x00000000      0x1c9 /usr/lib/gcc/arm-none-eabi/14.2.1/../../../arm-none-eabi/lib/thumb/v7e-m/nofp/libg.a(libc_a-fini.o)
 .comment       0x00000000       0x27 /usr/lib/gcc/arm-none-eabi/14.2.1/../../../arm-none-eabi/lib/thumb/v7e-m/nofp/libg.a(libc_a-fini.o)
 .debug_frame   0x00000000       0x34 /usr/lib/gcc/arm-none-eabi/14.2.1/../../../arm-none-eabi/lib/thumb/v7e-m/nofp/libg.a(libc_a-fini.o)
 .ARM.attributes
                0x00000000       0x2e /usr/lib/gcc/arm-none-eabi/14.2.1/../../../arm-none-eabi/lib/thumb/v7e-m/nofp/libg.a(libc_a-fini.o)
 .text          0x00000000       0x1c /usr/lib/gcc/arm-none-eabi/14.2.1/../../../arm-none-eabi/lib/thumb/v7e-m/nofp/libg.a(libc_a-exit.o)
 .data          0x00000000        0x0 /usr/lib/gcc/arm-none-eabi/14.2.1/../../../arm-none-eabi/lib/thumb/v7e-m/nofp/libg.a(libc_a-exit.o)
 .bss           0x00000000        0x0 /usr/lib/gcc/arm-none-eabi/14.2.1/../../../arm-none-eabi/lib/thumb/v7e-m/nofp/libg.a(libc_a-exit.o)
 .debug_info    0x00000000      0x10a /usr/lib/gcc/arm-none-eabi/14.2.1/../../../arm-none-eabi/lib/thumb/v7e-m/nofp/libg.a(libc_a-exit.o)
 .debug_abbrev  0x00000000       0xd5 /usr/lib/gcc/arm-none-eabi/14.2.1/../../../arm-none-eabi/lib/thumb/v7e-m/nofp/libg.a(libc_a-exit.o)
 .debug_loclists
                0x00000000       0x1b /usr/lib/gcc/arm-none-eabi/14.2.1/../../../arm-none-eabi/lib/thumb/v7e-m/nofp/libg.a(libc_a-exit.o)
 .debug_aranges
                0x00000000       0x20 /usr/lib/gcc/arm-none-eabi/14.2.1/../../../arm-none-eabi/lib/thumb/v7e-m/nofp/libg.a(libc_a-exit.o)
 .debug_line    0x00000000      0x141 /usr/lib/gcc/arm-none-eabi/14.2.1/../../../arm-none-eabi/lib/thumb/v7e-m/nofp/libg.a(libc_a-exit.o)
 .debug_str     0x00000000      0x1b8 /usr/lib/gcc/arm-none-eabi/14.2.1/../../../arm-none-eabi/lib/thumb/v7e-m/nofp/libg.a(libc_a-exit.o)
 .comment       0x00000000       0x27 /usr/lib/gcc/arm-none-eabi/14.2.1/../../../arm-none-eabi/lib/thumb/v7e-m/nofp/libg.a(libc_a-exit.o)
 .debug_frame   0x00000000       0x28 /usr/lib/gcc/arm-none-eabi/14.2.1/../../../arm-none-eabi/lib/thumb/v7e-m/nofp/libg.a(libc_a-exit.o)
 .ARM.attributes
                0x00000000       0x2e /usr/lib/gcc/arm-none-eabi/14.2.1/../../../arm-none-eabi/lib/thumb/v7e-m/nofp/libg.a(libc_a-exit.o)
 .text          0x00000000        0xc /usr/lib/gcc/arm-none-eabi/14.2.1/../../../arm-none-eabi/lib/thumb/v7e-m/nofp/libg.a(libc_a-atexit.o)
 .data          0x00000000        0x0 /usr/lib/gcc/arm-none-eabi/14.2.1/../../../arm-none-eabi/lib/thumb/v7e-m/nofp/libg.a(libc_a-atexit.o)
 .bss           0x00000000        0x0 /usr/lib/gcc/arm-none-eabi/14.2.1/../../../arm-none-eabi/lib/thumb/v7e-m/nofp/libg.a(libc_a-atexit.o)
 .debug_info    0x00000000      0x11e /usr/lib/gcc/arm-none-eabi/14.2.1/../../../arm-none-eabi/lib/thumb/v7e-m/nofp/libg.a(libc_a-atexit.o)
 .debug_abbrev  0x00000000       0xc1 /usr/lib/gcc/arm-none-eabi/14.2.1/../../../arm-none-eabi/lib/thumb/v7e-m/nofp/libg.a(libc_a-atexit.o)
 .debug_loclists
                0x00000000       0x2b /usr/lib/gcc/arm-none-eabi/14.2.1/../../../arm-none-eabi/lib/thumb/v7e-m/nofp/libg.a(libc_a-atexit.o)
 .debug_aranges
                0x00000000       0x20 /usr/lib/gcc/arm-none-eabi/14.2.1/../../../arm-none-eabi/lib/thumb/v7e-m/nofp/libg.a(libc_a-atexit.o)
 .debug_line    0x00000000       0xc7 /usr/lib/gcc/arm-none-eabi/14.2.1/../../../arm-none-eabi/lib/thumb/v7e-m/nofp/libg.a(libc_a-atexit.o)
 .debug_str     0x00000000      0x1cf /usr/lib/gcc/arm-none-eabi/14.2.1/../../../arm-none-eabi/lib/thumb/v7e-m/nofp/libg.a(libc_a-atexit.o)
 .comment       0x00000000       0x27 /usr/lib/gcc/arm-none-eabi/14.2.1/../../../arm-none-eabi/lib/thumb/v7e-m/nofp/libg.a(libc_a-atexit.o)
 .debug_frame   0x00000000       0x20 /usr/lib/gcc/arm-none-eabi/14.2.1/../../../arm-none-eabi/lib/thumb/v7e-m/nofp/libg.a(libc_a-atexit.o)
 .ARM.attributes
                0x00000000       0x2e /usr/lib/gcc/arm-none-eabi/14.2.1/../../../arm-none-eabi/lib/thumb/v7e-m/nofp/libg.a(libc_a-atexit.o)
 .text          0x00000000       0x50 /usr/lib/gcc/arm-none-eabi/14.2.1/../../../arm-none-eabi/lib/thumb/v7e-m/nofp/libg.a(libc_a-init.o)
 .data          0x00000000        0x0 /usr/lib/gcc/arm-none-eabi/14.2.1/../../../arm-none-eabi/lib/thumb/v7e-m/nofp/libg.a(libc_a-init.o)
 .bss           0x00000000        0x0 /usr/lib/gcc/arm-none-eabi/14.2.1/../../../arm-none-eabi/lib/thumb/v7e-m/nofp/libg.a(libc_a-init.o)
 .debug_info    0x00000000      0x10b /usr/lib/gcc/arm-none-eabi/14.2.1/../../../arm-none-eabi/lib/thumb/v7e-m/nofp/libg.a(libc_a-init.o)
 .debug_abbrev  0x00000000       0xc9 /usr/lib/gcc/arm-none-eabi/14.2.1/../../../arm-none-eabi/lib/thumb/v7e-m/nofp/libg.a(libc_a-init.o)
 .debug_loclists
                0x00000000       0x65 /usr/lib/gcc/arm-none-eabi/14.2.1/../../../arm-none-eabi/lib/thumb/v7e-m/nofp/libg.a(libc_a-init.o)
 .debug_aranges
                0x00000000       0x20 /usr/lib/gcc/arm-none-eabi/14.2.1/../../../arm-none-eabi/lib/thumb/v7e-m/nofp/libg.a(libc_a-init.o)
 .debug_line    0x00000000      0x11e /usr/lib/gcc/arm-none-eabi/14.2.1/../../../arm-none-eabi/lib/thumb/v7e-m/nofp/libg.a(libc_a-init.o)
 .debug_str     0x00000000      0x1f3 /usr/lib/gcc/arm-none-eabi/14.2.1/../../../arm-none-eabi/lib/thumb/v7e-m/nofp/libg.a(libc_a-init.o)
 .comment       0x00000000       0x27 /usr/lib/gcc/arm-none-eabi/14.2.1/../../../arm-none-eabi/lib/thumb/v7e-m/nofp/libg.a(libc_a-init.o)
 .debug_frame   0x00000000       0x2c /usr/lib/gcc/arm-none-eabi/14.2.1/../../../arm-none-eabi/lib/thumb/v7e-m/nofp/libg.a(libc_a-init.o)
 .ARM.attributes
                0x00000000       0x2e /usr/lib/gcc/arm-none-eabi/14.2.1/../../../arm-none-eabi/lib/thumb/v7e-m/nofp/libg.a(libc_a-init.o)
 .text          0x00000000      0x224 /usr/lib/gcc/arm-none-eabi/14.2.1/../../../arm-none-eabi/lib/thumb/v7e-m/nofp/libg.a(libc_a-findfp.o)
 .data          0x00000000        0xc /usr/lib/gcc/arm-none-eabi/14.2.1/../../../arm-none-eabi/lib/thumb/v7e-m/nofp/libg.a(libc_a-findfp.o)
 .bss           0x00000000      0x13c /usr/lib/gcc/arm-none-eabi/14.2.1/../../../arm-none-eabi/lib/thumb/v7e-m/nofp/libg.a(libc_a-findfp.o)
 .debug_info    0x00000000      0xec5 /usr/lib/gcc/arm-none-eabi/14.2.1/../../../arm-none-eabi/lib/thumb/v7e-m/nofp/libg.a(libc_a-findfp.o)
 .debug_abbrev  0x00000000      0x446 /usr/lib/gcc/arm-none-eabi/14.2.1/../../../arm-none-eabi/lib/thumb/v7e-m/nofp/libg.a(libc_a-findfp.o)
 .debug_loclists
                0x00000000      0x1d0 /usr/lib/gcc/arm-none-eabi/14.2.1/../../../arm-none-eabi/lib/thumb/v7e-m/nofp/libg.a(libc_a-findfp.o)
 .debug_aranges
                0x00000000       0x20 /usr/lib/gcc/arm-none-eabi/14.2.1/../../../arm-none-eabi/lib/thumb/v7e-m/nofp/libg.a(libc_a-findfp.o)
 .debug_rnglists
                0x00000000       0x77 /usr/lib/gcc/arm-none-eabi/14.2.1/../../../arm-none-eabi/lib/thumb/v7e-m/nofp/libg.a(libc_a-findfp.o)
 .debug_line    0x00000000      0x504 /usr/lib/gcc/arm-none-eabi/14.2.1/../../../arm-none-eabi/lib/thumb/v7e-m/nofp/libg.a(libc_a-findfp.o)
 .debug_str     0x00000000      0x6c2 /usr/lib/gcc/arm-none-eabi/14.2.1/../../../arm-none-eabi/lib/thumb/v7e-m/nofp/libg.a(libc_a-findfp.o)
 .comment       0x00000000       0x27 /usr/lib/gcc/arm-none-eabi/14.2.1/../../../arm-none-eabi/lib/thumb/v7e-m/nofp/libg.a(libc_a-findfp.o)
 .debug_frame   0x00000000       0xf4 /usr/lib/gcc/arm-none-eabi/14.2.1/../../../arm-none-eabi/lib/thumb/v7e-m/nofp/libg.a(libc_a-findfp.o)
 .ARM.attributes
                0x00000000       0x2e /usr/lib/gcc/arm-none-eabi/14.2.1/../../../arm-none-eabi/lib/thumb/v7e-m/nofp/libg.a(libc_a-findfp.o)
 .text          0x00000000       0x90 /usr/lib/gcc/arm-none-eabi/14.2.1/../../../arm-none-eabi/lib/thumb/v7e-m/nofp/libg.a(libc_a-fclose.o)
 .data          0x00000000        0x0 /usr/lib/gcc/arm-none-eabi/14.2.1/../../../arm-none-eabi/lib/thumb/v7e-m/nofp/libg.a(libc_a-fclose.o)
 .bss           0x00000000        0x0 /usr/lib/gcc/arm-none-eabi/14.2.1/../../../arm-none-eabi/lib/thumb/v7e-m/nofp/libg.a(libc_a-fclose.o)
 .debug_info    0x00000000      0x903 /usr/lib/gcc/arm-none-eabi/14.2.1/../../../arm-none-eabi/lib/thumb/v7e-m/nofp/libg.a(libc_a-fclose.o)
 .debug_abbrev  0x00000000      0x2ed /usr/lib/gcc/arm-none-eabi/14.2.1/../../../arm-none-eabi/lib/thumb/v7e-m/nofp/libg.a(libc_a-fclose.o)
 .debug_loclists
                0x00000000       0xf7 /usr/lib/gcc/arm-none-eabi/14.2.1/../../../arm-none-eabi/lib/thumb/v7e-m/nofp/libg.a(libc_a-fclose.o)
 .debug_aranges
                0x00000000       0x20 /usr/lib/gcc/arm-none-eabi/14.2.1/../../../arm-none-eabi/lib/thumb/v7e-m/nofp/libg.a(libc_a-fclose.o)
 .debug_rnglists
                0x00000000       0x1b /usr/lib/gcc/arm-none-eabi/14.2.1/../../../arm-none-eabi/lib/thumb/v7e-m/nofp/libg.a(libc_a-fclose.o)
 .debug_line    0x00000000      0x25b /usr/lib/gcc/arm-none-eabi/14.2.1/../../../arm-none-eabi/lib/thumb/v7e-m/nofp/libg.a(libc_a-fclose.o)
 .debug_str     0x00000000      0x519 /usr/lib/gcc/arm-none-eabi/14.2.1/../../../arm-none-eabi/lib/thumb/v7e-m/nofp/libg.a(libc_a-fclose.o)
 .comment       0x00000000       0x27 /usr/lib/gcc/arm-none-eabi/14.2.1/../../../arm-none-eabi/lib/thumb/v7e-m/nofp/libg.a(libc_a-fclose.o)
 .debug_frame   0x00000000       0x3c /usr/lib/gcc/arm-none-eabi/14.2.1/../../../arm-none-eabi/lib/thumb/v7e-m/nofp/libg.a(libc_a-fclose.o)
 .ARM.attributes
                0x00000000       0x2e /usr/lib/gcc/arm-none-eabi/14.2.1/../../../arm-none-eabi/lib/thumb/v7e-m/nofp/libg.a(libc_a-fclose.o)
 .text          0x00000000      0x558 /usr/lib/gcc/arm-none-eabi/14.2.1/../../../arm-none-eabi/lib/thumb/v7e-m/nofp/libg.a(libc_a-mallocr.o)
 .data          0x00000000      0x410 /usr/lib/gcc/arm-none-eabi/14.2.1/../../../arm-none-eabi/lib/thumb/v7e-m/nofp/libg.a(libc_a-mallocr.o)
 .bss           0x00000000       0x34 /usr/lib/gcc/arm-none-eabi/14.2.1/../../../arm-none-eabi/lib/thumb/v7e-m/nofp/libg.a(libc_a-mallocr.o)
 .debug_info    0x00000000      0xcf7 /usr/lib/gcc/arm-none-eabi/14.2.1/../../../arm-none-eabi/lib/thumb/v7e-m/nofp/libg.a(libc_a-mallocr.o)
 .debug_abbrev  0x00000000      0x2d7 /usr/lib/gcc/arm-none-eabi/14.2.1/../../../arm-none-eabi/lib/thumb/v7e-m/nofp/libg.a(libc_a-mallocr.o)
 .debug_loclists
                0x00000000      0xa29 /usr/lib/gcc/arm-none-eabi/14.2.1/../../../arm-none-eabi/lib/thumb/v7e-m/nofp/libg.a(libc_a-mallocr.o)
 .debug_aranges
                0x00000000       0x20 /usr/lib/gcc/arm-none-eabi/14.2.1/../../../arm-none-eabi/lib/thumb/v7e-m/nofp/libg.a(libc_a-mallocr.o)
 .debug_rnglists
                0x00000000       0x2b /usr/lib/gcc/arm-none-eabi/14.2.1/../../../arm-none-eabi/lib/thumb/v7e-m/nofp/libg.a(libc_a-mallocr.o)
 .debug_line    0x00000000      0x8ed /usr/lib/gcc/arm-none-eabi/14.2.1/../../../arm-none-eabi/lib/thumb/v7e-m/nofp/libg.a(libc_a-mallocr.o)
 .debug_str     0x00000000      0x6e2 /usr/lib/gcc/arm-none-eabi/14.2.1/../../../arm-none-eabi/lib/thumb/v7e-m/nofp/libg.a(libc_a-mallocr.o)
 .comment       0x00000000       0x27 /usr/lib/gcc/arm-none-eabi/14.2.1/../../../arm-none-eabi/lib/thumb/v7e-m/nofp/libg.a(libc_a-mallocr.o)
 .debug_frame   0x00000000       0x48 /usr/lib/gcc/arm-none-eabi/14.2.1/../../../arm-none-eabi/lib/thumb/v7e-m/nofp/libg.a(libc_a-mallocr.o)
 .ARM.attributes
                0x00000000       0x2e /usr/lib/gcc/arm-none-eabi/14.2.1/../../../arm-none-eabi/lib/thumb/v7e-m/nofp/libg.a(libc_a-mallocr.o)
 .text          0x00000000      0x2b0 /usr/lib/gcc/arm-none-eabi/14.2.1/../../../arm-none-eabi/lib/thumb/v7e-m/nofp/libg.a(libc_a-freer.o)
 .data          0x00000000        0x0 /usr/lib/gcc/arm-none-eabi/14.2.1/../../../arm-none-eabi/lib/thumb/v7e-m/nofp/libg.a(libc_a-freer.o)
 .bss           0x00000000        0x0 /usr/lib/gcc/arm-none-eabi/14.2.1/../../../arm-none-eabi/lib/thumb/v7e-m/nofp/libg.a(libc_a-freer.o)
 .debug_info    0x00000000      0xb73 /usr/lib/gcc/arm-none-eabi/14.2.1/../../../arm-none-eabi/lib/thumb/v7e-m/nofp/libg.a(libc_a-freer.o)
 .debug_abbrev  0x00000000      0x27f /usr/lib/gcc/arm-none-eabi/14.2.1/../../../arm-none-eabi/lib/thumb/v7e-m/nofp/libg.a(libc_a-freer.o)
 .debug_loclists
                0x00000000      0x461 /usr/lib/gcc/arm-none-eabi/14.2.1/../../../arm-none-eabi/lib/thumb/v7e-m/nofp/libg.a(libc_a-freer.o)
 .debug_aranges
                0x00000000       0x20 /usr/lib/gcc/arm-none-eabi/14.2.1/../../../arm-none-eabi/lib/thumb/v7e-m/nofp/libg.a(libc_a-freer.o)
 .debug_line    0x00000000      0x54c /usr/lib/gcc/arm-none-eabi/14.2.1/../../../arm-none-eabi/lib/thumb/v7e-m/nofp/libg.a(libc_a-freer.o)
 .debug_str     0x00000000      0x62a /usr/lib/gcc/arm-none-eabi/14.2.1/../../../arm-none-eabi/lib/thumb/v7e-m/nofp/libg.a(libc_a-freer.o)
 .comment       0x00000000       0x27 /usr/lib/gcc/arm-none-eabi/14.2.1/../../../arm-none-eabi/lib/thumb/v7e-m/nofp/libg.a(libc_a-freer.o)
 .debug_frame   0x00000000       0x78 /usr/lib/gcc/arm-none-eabi/14.2.1/../../../arm-none-eabi/lib/thumb/v7e-m/nofp/libg.a(libc_a-freer.o)
 .ARM.attributes
                0x00000000       0x2e /usr/lib/gcc/arm-none-eabi/14.2.1/../../../arm-none-eabi/lib/thumb/v7e-m/nofp/libg.a(libc_a-freer.o)
 .text          0x00000000       0xb0 /usr/lib/gcc/arm-none-eabi/14.2.1/../../../arm-none-eabi/lib/thumb/v7e-m/nofp/libg.a(libc_a-__call_atexit.o)
 .data          0x00000000        0x0 /usr/lib/gcc/arm-none-eabi/14.2.1/../../../arm-none-eabi/lib/thumb/v7e-m/nofp/libg.a(libc_a-__call_atexit.o)
 .bss           0x00000000        0x4 /usr/lib/gcc/arm-none-eabi/14.2.1/../../../arm-none-eabi/lib/thumb/v7e-m/nofp/libg.a(libc_a-__call_atexit.o)
 .text.startup  0x00000000       0x14 /usr/lib/gcc/arm-none-eabi/14.2.1/../../../arm-none-eabi/lib/thumb/v7e-m/nofp/libg.a(libc_a-__call_atexit.o)
 .init_array.00000
                0x00000000        0x4 /usr/lib/gcc/arm-none-eabi/14.2.1/../../../arm-none-eabi/lib/thumb/v7e-m/nofp/libg.a(libc_a-__call_atexit.o)
 .debug_info    0x00000000      0x284 /usr/lib/gcc/arm-none-eabi/14.2.1/../../../arm-none-eabi/lib/thumb/v7e-m/nofp/libg.a(libc_a-__call_atexit.o)
 .debug_abbrev  0x00000000      0x1dd /usr/lib/gcc/arm-none-eabi/14.2.1/../../../arm-none-eabi/lib/thumb/v7e-m/nofp/libg.a(libc_a-__call_atexit.o)
 .debug_loclists
                0x00000000      0x102 /usr/lib/gcc/arm-none-eabi/14.2.1/../../../arm-none-eabi/lib/thumb/v7e-m/nofp/libg.a(libc_a-__call_atexit.o)
 .debug_aranges
                0x00000000       0x28 /usr/lib/gcc/arm-none-eabi/14.2.1/../../../arm-none-eabi/lib/thumb/v7e-m/nofp/libg.a(libc_a-__call_atexit.o)
 .debug_rnglists
                0x00000000       0x3a /usr/lib/gcc/arm-none-eabi/14.2.1/../../../arm-none-eabi/lib/thumb/v7e-m/nofp/libg.a(libc_a-__call_atexit.o)
 .debug_line    0x00000000      0x287 /usr/lib/gcc/arm-none-eabi/14.2.1/../../../arm-none-eabi/lib/thumb/v7e-m/nofp/libg.a(libc_a-__call_atexit.o)
 .debug_str     0x00000000      0x25c /usr/lib/gcc/arm-none-eabi/14.2.1/../../../arm-none-eabi/lib/thumb/v7e-m/nofp/libg.a(libc_a-__call_atexit.o)
 .comment       0x00000000       0x27 /usr/lib/gcc/arm-none-eabi/14.2.1/../../../arm-none-eabi/lib/thumb/v7e-m/nofp/libg.a(libc_a-__call_atexit.o)
 .debug_frame   0x00000000       0x54 /usr/lib/gcc/arm-none-eabi/14.2.1/../../../arm-none-eabi/lib/thumb/v7e-m/nofp/libg.a(libc_a-__call_atexit.o)
 .ARM.attributes
                0x00000000       0x2e /usr/lib/gcc/arm-none-eabi/14.2.1/../../../arm-none-eabi/lib/thumb/v7e-m/nofp/libg.a(libc_a-__call_atexit.o)
 .text          0x00000000       0x64 /usr/lib/gcc/arm-none-eabi/14.2.1/../../../arm-none-eabi/lib/thumb/v7e-m/nofp/libg.a(libc_a-__atexit.o)
 .data          0x00000000        0x0 /usr/lib/gcc/arm-none-eabi/14.2.1/../../../arm-none-eabi/lib/thumb/v7e-m/nofp/libg.a(libc_a-__atexit.o)
 .bss           0x00000000      0x190 /usr/lib/gcc/arm-none-eabi/14.2.1/../../../arm-none-eabi/lib/thumb/v7e-m/nofp/libg.a(libc_a-__atexit.o)
 .debug_info    0x00000000      0x1fd /usr/lib/gcc/arm-none-eabi/14.2.1/../../../arm-none-eabi/lib/thumb/v7e-m/nofp/libg.a(libc_a-__atexit.o)
 .debug_abbrev  0x00000000      0x157 /usr/lib/gcc/arm-none-eabi/14.2.1/../../../arm-none-eabi/lib/thumb/v7e-m/nofp/libg.a(libc_a-__atexit.o)
 .debug_loclists
                0x00000000       0xe6 /usr/lib/gcc/arm-none-eabi/14.2.1/../../../arm-none-eabi/lib/thumb/v7e-m/nofp/libg.a(libc_a-__atexit.o)
 .debug_aranges
                0x00000000       0x20 /usr/lib/gcc/arm-none-eabi/14.2.1/../../../arm-none-eabi/lib/thumb/v7e-m/nofp/libg.a(libc_a-__atexit.o)
 .debug_line    0x00000000      0x153 /usr/lib/gcc/arm-none-eabi/14.2.1/../../../arm-none-eabi/lib/thumb/v7e-m/nofp/libg.a(libc_a-__atexit.o)
 .debug_str     0x00000000      0x23a /usr/lib/gcc/arm-none-eabi/14.2.1/../../../arm-none-eabi/lib/thumb/v7e-m/nofp/libg.a(libc_a-__atexit.o)
 .comment       0x00000000       0x27 /usr/lib/gcc/arm-none-eabi/14.2.1/../../../arm-none-eabi/lib/thumb/v7e-m/nofp/libg.a(libc_a-__atexit.o)
 .debug_frame   0x00000000       0x34 /usr/lib/gcc/arm-none-eabi/14.2.1/../../../arm-none-eabi/lib/thumb/v7e-m/nofp/libg.a(libc_a-__atexit.o)
 .ARM.attributes
                0x00000000       0x2e /usr/lib/gcc/arm-none-eabi/14.2.1/../../../arm-none-eabi/lib/thumb/v7e-m/nofp/libg.a(libc_a-__atexit.o)
 .text          0x00000000        0x8 /usr/lib/gcc/arm-none-eabi/14.2.1/../../../arm-none-eabi/lib/thumb/v7e-m/nofp/libg.a(libc_a-mlock.o)
 .data          0x00000000        0x0 /usr/lib/gcc/arm-none-eabi/14.2.1/../../../arm-none-eabi/lib/thumb/v7e-m/nofp/libg.a(libc_a-mlock.o)
 .bss           0x00000000        0x0 /usr/lib/gcc/arm-none-eabi/14.2.1/../../../arm-none-eabi/lib/thumb/v7e-m/nofp/libg.a(libc_a-mlock.o)
 .debug_info    0x00000000      0x757 /usr/lib/gcc/arm-none-eabi/14.2.1/../../../arm-none-eabi/lib/thumb/v7e-m/nofp/libg.a(libc_a-mlock.o)
 .debug_abbrev  0x00000000      0x1ce /usr/lib/gcc/arm-none-eabi/14.2.1/../../../arm-none-eabi/lib/thumb/v7e-m/nofp/libg.a(libc_a-mlock.o)
 .debug_aranges
                0x00000000       0x20 /usr/lib/gcc/arm-none-eabi/14.2.1/../../../arm-none-eabi/lib/thumb/v7e-m/nofp/libg.a(libc_a-mlock.o)
 .debug_line    0x00000000      0x15b /usr/lib/gcc/arm-none-eabi/14.2.1/../../../arm-none-eabi/lib/thumb/v7e-m/nofp/libg.a(libc_a-mlock.o)
 .debug_str     0x00000000      0x4d8 /usr/lib/gcc/arm-none-eabi/14.2.1/../../../arm-none-eabi/lib/thumb/v7e-m/nofp/libg.a(libc_a-mlock.o)
 .comment       0x00000000       0x27 /usr/lib/gcc/arm-none-eabi/14.2.1/../../../arm-none-eabi/lib/thumb/v7e-m/nofp/libg.a(libc_a-mlock.o)
 .debug_frame   0x00000000       0x30 /usr/lib/gcc/arm-none-eabi/14.2.1/../../../arm-none-eabi/lib/thumb/v7e-m/nofp/libg.a(libc_a-mlock.o)
 .ARM.attributes
                0x00000000       0x2e /usr/lib/gcc/arm-none-eabi/14.2.1/../../../arm-none-eabi/lib/thumb/v7e-m/nofp/libg.a(libc_a-mlock.o)
 .text          0x00000000       0x24 /usr/lib/gcc/arm-none-eabi/14.2.1/../../../arm-none-eabi/lib/thumb/v7e-m/nofp/libg.a(libc_a-sbrkr.o)
 .data          0x00000000        0x0 /usr/lib/gcc/arm-none-eabi/14.2.1/../../../arm-none-eabi/lib/thumb/v7e-m/nofp/libg.a(libc_a-sbrkr.o)
 .bss           0x00000000        0x0 /usr/lib/gcc/arm-none-eabi/14.2.1/../../../arm-none-eabi/lib/thumb/v7e-m/nofp/libg.a(libc_a-sbrkr.o)
 .debug_info    0x00000000      0x7b3 /usr/lib/gcc/arm-none-eabi/14.2.1/../../../arm-none-eabi/lib/thumb/v7e-m/nofp/libg.a(libc_a-sbrkr.o)
 .debug_abbrev  0x00000000      0x216 /usr/lib/gcc/arm-none-eabi/14.2.1/../../../arm-none-eabi/lib/thumb/v7e-m/nofp/libg.a(libc_a-sbrkr.o)
 .debug_loclists
                0x00000000       0x4b /usr/lib/gcc/arm-none-eabi/14.2.1/../../../arm-none-eabi/lib/thumb/v7e-m/nofp/libg.a(libc_a-sbrkr.o)
 .debug_aranges
                0x00000000       0x20 /usr/lib/gcc/arm-none-eabi/14.2.1/../../../arm-none-eabi/lib/thumb/v7e-m/nofp/libg.a(libc_a-sbrkr.o)
 .debug_line    0x00000000      0x19b /usr/lib/gcc/arm-none-eabi/14.2.1/../../../arm-none-eabi/lib/thumb/v7e-m/nofp/libg.a(libc_a-sbrkr.o)
 .debug_str     0x00000000      0x4c3 /usr/lib/gcc/arm-none-eabi/14.2.1/../../../arm-none-eabi/lib/thumb/v7e-m/nofp/libg.a(libc_a-sbrkr.o)
 .comment       0x00000000       0x27 /usr/lib/gcc/arm-none-eabi/14.2.1/../../../arm-none-eabi/lib/thumb/v7e-m/nofp/libg.a(libc_a-sbrkr.o)
 .debug_frame   0x00000000       0x2c /usr/lib/gcc/arm-none-eabi/14.2.1/../../../arm-none-eabi/lib/thumb/v7e-m/nofp/libg.a(libc_a-sbrkr.o)
 .ARM.attributes
                0x00000000       0x2e /usr/lib/gcc/arm-none-eabi/14.2.1/../../../arm-none-eabi/lib/thumb/v7e-m/nofp/libg.a(libc_a-sbrkr.o)
 .text          0x00000000       0x94 /usr/lib/gcc/arm-none-eabi/14.2.1/../../../arm-none-eabi/lib/thumb/v7e-m/nofp/libg.a(libc_a-stdio.o)
 .data          0x00000000        0x0 /usr/lib/gcc/arm-none-eabi/14.2.1/../../../arm-none-eabi/lib/thumb/v7e-m/nofp/libg.a(libc_a-stdio.o)
 .bss           0x00000000        0x0 /usr/lib/gcc/arm-none-eabi/14.2.1/../../../arm-none-eabi/lib/thumb/v7e-m/nofp/libg.a(libc_a-stdio.o)
 .debug_info    0x00000000      0xabb /usr/lib/gcc/arm-none-eabi/14.2.1/../../../arm-none-eabi/lib/thumb/v7e-m/nofp/libg.a(libc_a-stdio.o)
 .debug_abbrev  0x00000000      0x260 /usr/lib/gcc/arm-none-eabi/14.2.1/../../../arm-none-eabi/lib/thumb/v7e-m/nofp/libg.a(libc_a-stdio.o)
 .debug_loclists
                0x00000000      0x23b /usr/lib/gcc/arm-none-eabi/14.2.1/../../../arm-none-eabi/lib/thumb/v7e-m/nofp/libg.a(libc_a-stdio.o)
 .debug_aranges
                0x00000000       0x20 /usr/lib/gcc/arm-none-eabi/14.2.1/../../../arm-none-eabi/lib/thumb/v7e-m/nofp/libg.a(libc_a-stdio.o)
 .debug_line    0x00000000      0x233 /usr/lib/gcc/arm-none-eabi/14.2.1/../../../arm-none-eabi/lib/thumb/v7e-m/nofp/libg.a(libc_a-stdio.o)
 .debug_str     0x00000000      0x527 /usr/lib/gcc/arm-none-eabi/14.2.1/../../../arm-none-eabi/lib/thumb/v7e-m/nofp/libg.a(libc_a-stdio.o)
 .comment       0x00000000       0x27 /usr/lib/gcc/arm-none-eabi/14.2.1/../../../arm-none-eabi/lib/thumb/v7e-m/nofp/libg.a(libc_a-stdio.o)
 .debug_frame   0x00000000       0x8c /usr/lib/gcc/arm-none-eabi/14.2.1/../../../arm-none-eabi/lib/thumb/v7e-m/nofp/libg.a(libc_a-stdio.o)
 .ARM.attributes
                0x00000000       0x2e /usr/lib/gcc/arm-none-eabi/14.2.1/../../../arm-none-eabi/lib/thumb/v7e-m/nofp/libg.a(libc_a-stdio.o)
 .text          0x00000000      0x19c /usr/lib/gcc/arm-none-eabi/14.2.1/../../../arm-none-eabi/lib/thumb/v7e-m/nofp/libg.a(libc_a-fflush.o)
 .data          0x00000000        0x0 /usr/lib/gcc/arm-none-eabi/14.2.1/../../../arm-none-eabi/lib/thumb/v7e-m/nofp/libg.a(libc_a-fflush.o)
 .bss           0x00000000        0x0 /usr/lib/gcc/arm-none-eabi/14.2.1/../../../arm-none-eabi/lib/thumb/v7e-m/nofp/libg.a(libc_a-fflush.o)
 .debug_info    0x00000000      0xa69 /usr/lib/gcc/arm-none-eabi/14.2.1/../../../arm-none-eabi/lib/thumb/v7e-m/nofp/libg.a(libc_a-fflush.o)
 .debug_abbrev  0x00000000      0x31f /usr/lib/gcc/arm-none-eabi/14.2.1/../../../arm-none-eabi/lib/thumb/v7e-m/nofp/libg.a(libc_a-fflush.o)
 .debug_loclists
                0x00000000      0x2a4 /usr/lib/gcc/arm-none-eabi/14.2.1/../../../arm-none-eabi/lib/thumb/v7e-m/nofp/libg.a(libc_a-fflush.o)
 .debug_aranges
                0x00000000       0x20 /usr/lib/gcc/arm-none-eabi/14.2.1/../../../arm-none-eabi/lib/thumb/v7e-m/nofp/libg.a(libc_a-fflush.o)
 .debug_rnglists
                0x00000000       0x59 /usr/lib/gcc/arm-none-eabi/14.2.1/../../../arm-none-eabi/lib/thumb/v7e-m/nofp/libg.a(libc_a-fflush.o)
 .debug_line    0x00000000      0x46c /usr/lib/gcc/arm-none-eabi/14.2.1/../../../arm-none-eabi/lib/thumb/v7e-m/nofp/libg.a(libc_a-fflush.o)
 .debug_str     0x00000000      0x541 /usr/lib/gcc/arm-none-eabi/14.2.1/../../../arm-none-eabi/lib/thumb/v7e-m/nofp/libg.a(libc_a-fflush.o)
 .comment       0x00000000       0x27 /usr/lib/gcc/arm-none-eabi/14.2.1/../../../arm-none-eabi/lib/thumb/v7e-m/nofp/libg.a(libc_a-fflush.o)
 .debug_frame   0x00000000       0x88 /usr/lib/gcc/arm-none-eabi/14.2.1/../../../arm-none-eabi/lib/thumb/v7e-m/nofp/libg.a(libc_a-fflush.o)
 .ARM.attributes
                0x00000000       0x2e /usr/lib/gcc/arm-none-eabi/14.2.1/../../../arm-none-eabi/lib/thumb/v7e-m/nofp/libg.a(libc_a-fflush.o)
 .text          0x00000000       0x44 /usr/lib/gcc/arm-none-eabi/14.2.1/../../../arm-none-eabi/lib/thumb/v7e-m/nofp/libg.a(libc_a-fwalk.o)
 .data          0x00000000        0x0 /usr/lib/gcc/arm-none-eabi/14.2.1/../../../arm-none-eabi/lib/thumb/v7e-m/nofp/libg.a(libc_a-fwalk.o)
 .bss           0x00000000        0x0 /usr/lib/gcc/arm-none-eabi/14.2.1/../../../arm-none-eabi/lib/thumb/v7e-m/nofp/libg.a(libc_a-fwalk.o)
 .debug_info    0x00000000      0x801 /usr/lib/gcc/arm-none-eabi/14.2.1/../../../arm-none-eabi/lib/thumb/v7e-m/nofp/libg.a(libc_a-fwalk.o)
 .debug_abbrev  0x00000000      0x1d9 /usr/lib/gcc/arm-none-eabi/14.2.1/../../../arm-none-eabi/lib/thumb/v7e-m/nofp/libg.a(libc_a-fwalk.o)
 .debug_loclists
                0x00000000       0x87 /usr/lib/gcc/arm-none-eabi/14.2.1/../../../arm-none-eabi/lib/thumb/v7e-m/nofp/libg.a(libc_a-fwalk.o)
 .debug_aranges
                0x00000000       0x20 /usr/lib/gcc/arm-none-eabi/14.2.1/../../../arm-none-eabi/lib/thumb/v7e-m/nofp/libg.a(libc_a-fwalk.o)
 .debug_line    0x00000000      0x1d9 /usr/lib/gcc/arm-none-eabi/14.2.1/../../../arm-none-eabi/lib/thumb/v7e-m/nofp/libg.a(libc_a-fwalk.o)
 .debug_str     0x00000000      0x4ca /usr/lib/gcc/arm-none-eabi/14.2.1/../../../arm-none-eabi/lib/thumb/v7e-m/nofp/libg.a(libc_a-fwalk.o)
 .comment       0x00000000       0x27 /usr/lib/gcc/arm-none-eabi/14.2.1/../../../arm-none-eabi/lib/thumb/v7e-m/nofp/libg.a(libc_a-fwalk.o)
 .debug_frame   0x00000000       0x34 /usr/lib/gcc/arm-none-eabi/14.2.1/../../../arm-none-eabi/lib/thumb/v7e-m/nofp/libg.a(libc_a-fwalk.o)
 .ARM.attributes
                0x00000000       0x2e /usr/lib/gcc/arm-none-eabi/14.2.1/../../../arm-none-eabi/lib/thumb/v7e-m/nofp/libg.a(libc_a-fwalk.o)
 .text          0x00000000        0x0 /usr/lib/gcc/arm-none-eabi/14.2.1/../../../arm-none-eabi/lib/thumb/v7e-m/nofp/libg.a(libc_a-impure.o)
 .data          0x00000000      0x148 /usr/lib/gcc/arm-none-eabi/14.2.1/../../../arm-none-eabi/lib/thumb/v7e-m/nofp/libg.a(libc_a-impure.o)
 .bss           0x00000000        0x0 /usr/lib/gcc/arm-none-eabi/14.2.1/../../../arm-none-eabi/lib/thumb/v7e-m/nofp/libg.a(libc_a-impure.o)
 .debug_info    0x00000000      0x746 /usr/lib/gcc/arm-none-eabi/14.2.1/../../../arm-none-eabi/lib/thumb/v7e-m/nofp/libg.a(libc_a-impure.o)
 .debug_abbrev  0x00000000      0x185 /usr/lib/gcc/arm-none-eabi/14.2.1/../../../arm-none-eabi/lib/thumb/v7e-m/nofp/libg.a(libc_a-impure.o)
 .debug_aranges
                0x00000000       0x18 /usr/lib/gcc/arm-none-eabi/14.2.1/../../../arm-none-eabi/lib/thumb/v7e-m/nofp/libg.a(libc_a-impure.o)
 .debug_line    0x00000000       0xeb /usr/lib/gcc/arm-none-eabi/14.2.1/../../../arm-none-eabi/lib/thumb/v7e-m/nofp/libg.a(libc_a-impure.o)
 .debug_str     0x00000000      0x4bf /usr/lib/gcc/arm-none-eabi/14.2.1/../../../arm-none-eabi/lib/thumb/v7e-m/nofp/libg.a(libc_a-impure.o)
 .comment       0x00000000       0x27 /usr/lib/gcc/arm-none-eabi/14.2.1/../../../arm-none-eabi/lib/thumb/v7e-m/nofp/libg.a(libc_a-impure.o)
 .ARM.attributes
                0x00000000       0x2e /usr/lib/gcc/arm-none-eabi/14.2.1/../../../arm-none-eabi/lib/thumb/v7e-m/nofp/libg.a(libc_a-impure.o)
 .text          0x00000000       0x1c /usr/lib/gcc/arm-none-eabi/14.2.1/../../../arm-none-eabi/lib/thumb/v7e-m/nofp/libg.a(libc_a-sysconf.o)
 .data          0x00000000        0x0 /usr/lib/gcc/arm-none-eabi/14.2.1/../../../arm-none-eabi/lib/thumb/v7e-m/nofp/libg.a(libc_a-sysconf.o)
 .bss           0x00000000        0x0 /usr/lib/gcc/arm-none-eabi/14.2.1/../../../arm-none-eabi/lib/thumb/v7e-m/nofp/libg.a(libc_a-sysconf.o)
 .debug_info    0x00000000       0xc1 /usr/lib/gcc/arm-none-eabi/14.2.1/../../../arm-none-eabi/lib/thumb/v7e-m/nofp/libg.a(libc_a-sysconf.o)
 .debug_abbrev  0x00000000       0x80 /usr/lib/gcc/arm-none-eabi/14.2.1/../../../arm-none-eabi/lib/thumb/v7e-m/nofp/libg.a(libc_a-sysconf.o)
 .debug_loclists
                0x00000000       0x3b /usr/lib/gcc/arm-none-eabi/14.2.1/../../../arm-none-eabi/lib/thumb/v7e-m/nofp/libg.a(libc_a-sysconf.o)
 .debug_aranges
                0x00000000       0x20 /usr/lib/gcc/arm-none-eabi/14.2.1/../../../arm-none-eabi/lib/thumb/v7e-m/nofp/libg.a(libc_a-sysconf.o)
 .debug_line    0x00000000       0xea /usr/lib/gcc/arm-none-eabi/14.2.1/../../../arm-none-eabi/lib/thumb/v7e-m/nofp/libg.a(libc_a-sysconf.o)
 .debug_str     0x00000000      0x19b /usr/lib/gcc/arm-none-eabi/14.2.1/../../../arm-none-eabi/lib/thumb/v7e-m/nofp/libg.a(libc_a-sysconf.o)
 .comment       0x00000000       0x27 /usr/lib/gcc/arm-none-eabi/14.2.1/../../../arm-none-eabi/lib/thumb/v7e-m/nofp/libg.a(libc_a-sysconf.o)
 .debug_frame   0x00000000       0x28 /usr/lib/gcc/arm-none-eabi/14.2.1/../../../arm-none-eabi/lib/thumb/v7e-m/nofp/libg.a(libc_a-sysconf.o)
 .ARM.attributes
                0x00000000       0x2e /usr/lib/gcc/arm-none-eabi/14.2.1/../../../arm-none-eabi/lib/thumb/v7e-m/nofp/libg.a(libc_a-sysconf.o)
 .text          0x00000000       0x6c /usr/lib/gcc/arm-none-eabi/14.2.1/../../../arm-none-eabi/lib/thumb/v7e-m/nofp/libg.a(libc_a-reent.o)
 .data          0x00000000        0x0 /usr/lib/gcc/arm-none-eabi/14.2.1/../../../arm-none-eabi/lib/thumb/v7e-m/nofp/libg.a(libc_a-reent.o)
 .bss           0x00000000        0x4 /usr/lib/gcc/arm-none-eabi/14.2.1/../../../arm-none-eabi/lib/thumb/v7e-m/nofp/libg.a(libc_a-reent.o)
 .debug_info    0x00000000      0x84e /usr/lib/gcc/arm-none-eabi/14.2.1/../../../arm-none-eabi/lib/thumb/v7e-m/nofp/libg.a(libc_a-reent.o)
 .debug_abbrev  0x00000000      0x22a /usr/lib/gcc/arm-none-eabi/14.2.1/../../../arm-none-eabi/lib/thumb/v7e-m/nofp/libg.a(libc_a-reent.o)
 .debug_loclists
                0x00000000       0x6e /usr/lib/gcc/arm-none-eabi/14.2.1/../../../arm-none-eabi/lib/thumb/v7e-m/nofp/libg.a(libc_a-reent.o)
 .debug_aranges
                0x00000000       0x20 /usr/lib/gcc/arm-none-eabi/14.2.1/../../../arm-none-eabi/lib/thumb/v7e-m/nofp/libg.a(libc_a-reent.o)
 .debug_line    0x00000000      0x1f8 /usr/lib/gcc/arm-none-eabi/14.2.1/../../../arm-none-eabi/lib/thumb/v7e-m/nofp/libg.a(libc_a-reent.o)
 .debug_str     0x00000000      0x4d9 /usr/lib/gcc/arm-none-eabi/14.2.1/../../../arm-none-eabi/lib/thumb/v7e-m/nofp/libg.a(libc_a-reent.o)
 .comment       0x00000000       0x27 /usr/lib/gcc/arm-none-eabi/14.2.1/../../../arm-none-eabi/lib/thumb/v7e-m/nofp/libg.a(libc_a-reent.o)
 .debug_frame   0x00000000       0x3c /usr/lib/gcc/arm-none-eabi/14.2.1/../../../arm-none-eabi/lib/thumb/v7e-m/nofp/libg.a(libc_a-reent.o)
 .ARM.attributes
                0x00000000       0x2e /usr/lib/gcc/arm-none-eabi/14.2.1/../../../arm-none-eabi/lib/thumb/v7e-m/nofp/libg.a(libc_a-reent.o)
 .text          0x00000000        0xc /usr/lib/gcc/arm-none-eabi/14.2.1/../../../arm-none-eabi/lib/thumb/v7e-m/nofp/libg.a(libc_a-errno.o)
 .data          0x00000000        0x0 /usr/lib/gcc/arm-none-eabi/14.2.1/../../../arm-none-eabi/lib/thumb/v7e-m/nofp/libg.a(libc_a-errno.o)
 .bss           0x00000000        0x0 /usr/lib/gcc/arm-none-eabi/14.2.1/../../../arm-none-eabi/lib/thumb/v7e-m/nofp/libg.a(libc_a-errno.o)
 .debug_info    0x00000000      0x72c /usr/lib/gcc/arm-none-eabi/14.2.1/../../../arm-none-eabi/lib/thumb/v7e-m/nofp/libg.a(libc_a-errno.o)
 .debug_abbrev  0x00000000      0x19a /usr/lib/gcc/arm-none-eabi/14.2.1/../../../arm-none-eabi/lib/thumb/v7e-m/nofp/libg.a(libc_a-errno.o)
 .debug_aranges
                0x00000000       0x20 /usr/lib/gcc/arm-none-eabi/14.2.1/../../../arm-none-eabi/lib/thumb/v7e-m/nofp/libg.a(libc_a-errno.o)
 .debug_line    0x00000000      0x110 /usr/lib/gcc/arm-none-eabi/14.2.1/../../../arm-none-eabi/lib/thumb/v7e-m/nofp/libg.a(libc_a-errno.o)
 .debug_str     0x00000000      0x4b4 /usr/lib/gcc/arm-none-eabi/14.2.1/../../../arm-none-eabi/lib/thumb/v7e-m/nofp/libg.a(libc_a-errno.o)
 .comment       0x00000000       0x27 /usr/lib/gcc/arm-none-eabi/14.2.1/../../../arm-none-eabi/lib/thumb/v7e-m/nofp/libg.a(libc_a-errno.o)
 .debug_frame   0x00000000       0x20 /usr/lib/gcc/arm-none-eabi/14.2.1/../../../arm-none-eabi/lib/thumb/v7e-m/nofp/libg.a(libc_a-errno.o)
 .ARM.attributes
                0x00000000       0x2e /usr/lib/gcc/arm-none-eabi/14.2.1/../../../arm-none-eabi/lib/thumb/v7e-m/nofp/libg.a(libc_a-errno.o)
 .text          0x00000000       0x2c /usr/lib/gcc/arm-none-eabi/14.2.1/../../../arm-none-eabi/lib/thumb/v7e-m/nofp/libg.a(libc_a-writer.o)
 .data          0x00000000        0x0 /usr/lib/gcc/arm-none-eabi/14.2.1/../../../arm-none-eabi/lib/thumb/v7e-m/nofp/libg.a(libc_a-writer.o)
 .bss           0x00000000        0x0 /usr/lib/gcc/arm-none-eabi/14.2.1/../../../arm-none-eabi/lib/thumb/v7e-m/nofp/libg.a(libc_a-writer.o)
 .debug_info    0x00000000      0x7f6 /usr/lib/gcc/arm-none-eabi/14.2.1/../../../arm-none-eabi/lib/thumb/v7e-m/nofp/libg.a(libc_a-writer.o)
 .debug_abbrev  0x00000000      0x1f1 /usr/lib/gcc/arm-none-eabi/14.2.1/../../../arm-none-eabi/lib/thumb/v7e-m/nofp/libg.a(libc_a-writer.o)
 .debug_loclists
                0x00000000       0x9e /usr/lib/gcc/arm-none-eabi/14.2.1/../../../arm-none-eabi/lib/thumb/v7e-m/nofp/libg.a(libc_a-writer.o)
 .debug_aranges
                0x00000000       0x20 /usr/lib/gcc/arm-none-eabi/14.2.1/../../../arm-none-eabi/lib/thumb/v7e-m/nofp/libg.a(libc_a-writer.o)
 .debug_line    0x00000000      0x1a1 /usr/lib/gcc/arm-none-eabi/14.2.1/../../../arm-none-eabi/lib/thumb/v7e-m/nofp/libg.a(libc_a-writer.o)
 .debug_str     0x00000000      0x4c0 /usr/lib/gcc/arm-none-eabi/14.2.1/../../../arm-none-eabi/lib/thumb/v7e-m/nofp/libg.a(libc_a-writer.o)
 .comment       0x00000000       0x27 /usr/lib/gcc/arm-none-eabi/14.2.1/../../../arm-none-eabi/lib/thumb/v7e-m/nofp/libg.a(libc_a-writer.o)
 .debug_frame   0x00000000       0x2c /usr/lib/gcc/arm-none-eabi/14.2.1/../../../arm-none-eabi/lib/thumb/v7e-m/nofp/libg.a(libc_a-writer.o)
 .ARM.attributes
                0x00000000       0x2e /usr/lib/gcc/arm-none-eabi/14.2.1/../../../arm-none-eabi/lib/thumb/v7e-m/nofp/libg.a(libc_a-writer.o)
 .text          0x00000000       0x24 /usr/lib/gcc/arm-none-eabi/14.2.1/../../../arm-none-eabi/lib/thumb/v7e-m/nofp/libg.a(libc_a-closer.o)
 .data          0x00000000        0x0 /usr/lib/gcc/arm-none-eabi/14.2.1/../../../arm-none-eabi/lib/thumb/v7e-m/nofp/libg.a(libc_a-closer.o)
 .bss           0x00000000        0x0 /usr/lib/gcc/arm-none-eabi/14.2.1/../../../arm-none-eabi/lib/thumb/v7e-m/nofp/libg.a(libc_a-closer.o)
 .debug_info    0x00000000      0x78e /usr/lib/gcc/arm-none-eabi/14.2.1/../../../arm-none-eabi/lib/thumb/v7e-m/nofp/libg.a(libc_a-closer.o)
 .debug_abbrev  0x00000000      0x1ec /usr/lib/gcc/arm-none-eabi/14.2.1/../../../arm-none-eabi/lib/thumb/v7e-m/nofp/libg.a(libc_a-closer.o)
 .debug_loclists
                0x00000000       0x4b /usr/lib/gcc/arm-none-eabi/14.2.1/../../../arm-none-eabi/lib/thumb/v7e-m/nofp/libg.a(libc_a-closer.o)
 .debug_aranges
                0x00000000       0x20 /usr/lib/gcc/arm-none-eabi/14.2.1/../../../arm-none-eabi/lib/thumb/v7e-m/nofp/libg.a(libc_a-closer.o)
 .debug_line    0x00000000      0x19b /usr/lib/gcc/arm-none-eabi/14.2.1/../../../arm-none-eabi/lib/thumb/v7e-m/nofp/libg.a(libc_a-closer.o)
 .debug_str     0x00000000      0x4b0 /usr/lib/gcc/arm-none-eabi/14.2.1/../../../arm-none-eabi/lib/thumb/v7e-m/nofp/libg.a(libc_a-closer.o)
 .comment       0x00000000       0x27 /usr/lib/gcc/arm-none-eabi/14.2.1/../../../arm-none-eabi/lib/thumb/v7e-m/nofp/libg.a(libc_a-closer.o)
 .debug_frame   0x00000000       0x2c /usr/lib/gcc/arm-none-eabi/14.2.1/../../../arm-none-eabi/lib/thumb/v7e-m/nofp/libg.a(libc_a-closer.o)
 .ARM.attributes
                0x00000000       0x2e /usr/lib/gcc/arm-none-eabi/14.2.1/../../../arm-none-eabi/lib/thumb/v7e-m/nofp/libg.a(libc_a-closer.o)
 .text          0x00000000       0x2c /usr/lib/gcc/arm-none-eabi/14.2.1/../../../arm-none-eabi/lib/thumb/v7e-m/nofp/libg.a(libc_a-lseekr.o)
 .data          0x00000000        0x0 /usr/lib/gcc/arm-none-eabi/14.2.1/../../../arm-none-eabi/lib/thumb/v7e-m/nofp/libg.a(libc_a-lseekr.o)
 .bss           0x00000000        0x0 /usr/lib/gcc/arm-none-eabi/14.2.1/../../../arm-none-eabi/lib/thumb/v7e-m/nofp/libg.a(libc_a-lseekr.o)
 .debug_info    0x00000000      0x7d9 /usr/lib/gcc/arm-none-eabi/14.2.1/../../../arm-none-eabi/lib/thumb/v7e-m/nofp/libg.a(libc_a-lseekr.o)
 .debug_abbrev  0x00000000      0x200 /usr/lib/gcc/arm-none-eabi/14.2.1/../../../arm-none-eabi/lib/thumb/v7e-m/nofp/libg.a(libc_a-lseekr.o)
 .debug_loclists
                0x00000000       0x9e /usr/lib/gcc/arm-none-eabi/14.2.1/../../../arm-none-eabi/lib/thumb/v7e-m/nofp/libg.a(libc_a-lseekr.o)
 .debug_aranges
                0x00000000       0x20 /usr/lib/gcc/arm-none-eabi/14.2.1/../../../arm-none-eabi/lib/thumb/v7e-m/nofp/libg.a(libc_a-lseekr.o)
 .debug_line    0x00000000      0x1a1 /usr/lib/gcc/arm-none-eabi/14.2.1/../../../arm-none-eabi/lib/thumb/v7e-m/nofp/libg.a(libc_a-lseekr.o)
 .debug_str     0x00000000      0x4be /usr/lib/gcc/arm-none-eabi/14.2.1/../../../arm-none-eabi/lib/thumb/v7e-m/nofp/libg.a(libc_a-lseekr.o)
 .comment       0x00000000       0x27 /usr/lib/gcc/arm-none-eabi/14.2.1/../../../arm-none-eabi/lib/thumb/v7e-m/nofp/libg.a(libc_a-lseekr.o)
 .debug_frame   0x00000000       0x2c /usr/lib/gcc/arm-none-eabi/14.2.1/../../../arm-none-eabi/lib/thumb/v7e-m/nofp/libg.a(libc_a-lseekr.o)
 .ARM.attributes
                0x00000000       0x2e /usr/lib/gcc/arm-none-eabi/14.2.1/../../../arm-none-eabi/lib/thumb/v7e-m/nofp/libg.a(libc_a-lseekr.o)
 .text          0x00000000       0x2c /usr/lib/gcc/arm-none-eabi/14.2.1/../../../arm-none-eabi/lib/thumb/v7e-m/nofp/libg.a(libc_a-readr.o)
 .data          0x00000000        0x0 /usr/lib/gcc/arm-none-eabi/14.2.1/../../../arm-none-eabi/lib/thumb/v7e-m/nofp/libg.a(libc_a-readr.o)
 .bss           0x00000000        0x0 /usr/lib/gcc/arm-none-eabi/14.2.1/../../../arm-none-eabi/lib/thumb/v7e-m/nofp/libg.a(libc_a-readr.o)
 .debug_info    0x00000000      0x7f0 /usr/lib/gcc/arm-none-eabi/14.2.1/../../../arm-none-eabi/lib/thumb/v7e-m/nofp/libg.a(libc_a-readr.o)
 .debug_abbrev  0x00000000      0x1ec /usr/lib/gcc/arm-none-eabi/14.2.1/../../../arm-none-eabi/lib/thumb/v7e-m/nofp/libg.a(libc_a-readr.o)
 .debug_loclists
                0x00000000       0x9e /usr/lib/gcc/arm-none-eabi/14.2.1/../../../arm-none-eabi/lib/thumb/v7e-m/nofp/libg.a(libc_a-readr.o)
 .debug_aranges
                0x00000000       0x20 /usr/lib/gcc/arm-none-eabi/14.2.1/../../../arm-none-eabi/lib/thumb/v7e-m/nofp/libg.a(libc_a-readr.o)
 .debug_line    0x00000000      0x1a0 /usr/lib/gcc/arm-none-eabi/14.2.1/../../../arm-none-eabi/lib/thumb/v7e-m/nofp/libg.a(libc_a-readr.o)
 .debug_str     0x00000000      0x4be /usr/lib/gcc/arm-none-eabi/14.2.1/../../../arm-none-eabi/lib/thumb/v7e-m/nofp/libg.a(libc_a-readr.o)
 .comment       0x00000000       0x27 /usr/lib/gcc/arm-none-eabi/14.2.1/../../../arm-none-eabi/lib/thumb/v7e-m/nofp/libg.a(libc_a-readr.o)
 .debug_frame   0x00000000       0x2c /usr/lib/gcc/arm-none-eabi/14.2.1/../../../arm-none-eabi/lib/thumb/v7e-m/nofp/libg.a(libc_a-readr.o)
 .ARM.attributes
                0x00000000       0x2e /usr/lib/gcc/arm-none-eabi/14.2.1/../../../arm-none-eabi/lib/thumb/v7e-m/nofp/libg.a(libc_a-readr.o)
 .text          0x00000000        0x0 /usr/lib/gcc/arm-none-eabi/14.2.1/thumb/v7e-m/nofp/crtend.o
 .data          0x00000000        0x0 /usr/lib/gcc/arm-none-eabi/14.2.1/thumb/v7e-m/nofp/crtend.o
 .bss           0x00000000        0x0 /usr/lib/gcc/arm-none-eabi/14.2.1/thumb/v7e-m/nofp/crtend.o
 .rodata        0x00000000       0x24 /usr/lib/gcc/arm-none-eabi/14.2.1/thumb/v7e-m/nofp/crtend.o
 .eh_frame      0x00000000        0x4 /usr/lib/gcc/arm-none-eabi/14.2.1/thumb/v7e-m/nofp/crtend.o
 .tm_clone_table
                0x00000000        0x0 /usr/lib/gcc/arm-none-eabi/14.2.1/thumb/v7e-m/nofp/crtend.o
 .comment       0x00000000       0x27 /usr/lib/gcc/arm-none-eabi/14.2.1/thumb/v7e-m/nofp/crtend.o
 .ARM.attributes
                0x00000000       0x2e /usr/lib/gcc/arm-none-eabi/14.2.1/thumb/v7e-m/nofp/crtend.o
 .text          0x00000000        0x0 /usr/lib/gcc/arm-none-eabi/14.2.1/thumb/v7e-m/nofp/crtn.o
 .data          0x00000000        0x0 /usr/lib/gcc/arm-none-eabi/14.2.1/thumb/v7e-m/nofp/crtn.o
 .bss           0x00000000        0x0 /usr/lib/gcc/arm-none-eabi/14.2.1/thumb/v7e-m/nofp/crtn.o

Memory Configuration

Name             Origin             Length             Attributes
FLASH            0x08000000         0x00100000         xr
SRAM             0x20000000         0x00020000         xrw
CCMRAM           0x10000000         0x00010000         xrw
*default*        0x00000000         0xffffffff

Linker script and memory map

LOAD /usr/lib/gcc/arm-none-eabi/14.2.1/thumb/v7e-m/nofp/crti.o
LOAD /usr/lib/gcc/arm-none-eabi/14.2.1/thumb/v7e-m/nofp/crtbegin.o
LOAD /usr/lib/gcc/arm-none-eabi/14.2.1/../../../arm-none-eabi/lib/thumb/v7e-m/nofp/crt0.o
LOAD ../Build_Result/Control/main_gdb.o
LOAD ../Build_Result/Driver/Static/Driver_Init/init_static_gdb.o
LOAD ../Build_Result/Driver/Config/Watchdog/IWDG_gdb.o
LOAD ../Build_Result/Driver/Config/Watchdog/WWDG_gdb.o
LOAD ../Build_Result/Driver/Config/Interrupt/Interrupt_gdb.o
LOAD ../Build_Result/Driver/Config/Timer/PWM/PWM_gdb.o
LOAD ../Build_Result/Driver/Config/Timer/Timer_Init_gdb.o
LOAD ../Build_Result/Driver/Config/Communication/I2C/I2C_gdb.o
LOAD ../Build_Result/Driver/Config/Communication/UART/UART_gdb.o
LOAD ../Build_Result/Driver/Config/GPIO/GPIO_gdb.o
LOAD ../Build_Result/Driver/Config/Driver_Init/init_gdb.o
LOAD ../Build_Result/Driver/Config/DMA/DMA_gdb.o
LOAD ../Build_Result/Algorithm/delay_us/delay_us_gdb.o
LOAD ../Build_Result/Algorithm/queue/queue_gdb.o
LOAD ../Build_Result/StartupCode/startup__stm32f407vet6_gdb.o
START GROUP
LOAD /usr/lib/gcc/arm-none-eabi/14.2.1/thumb/v7e-m/nofp/libgcc.a
LOAD /usr/lib/gcc/arm-none-eabi/14.2.1/../../../arm-none-eabi/lib/thumb/v7e-m/nofp/libg.a
LOAD /usr/lib/gcc/arm-none-eabi/14.2.1/../../../arm-none-eabi/lib/thumb/v7e-m/nofp/libc.a
END GROUP
LOAD /usr/lib/gcc/arm-none-eabi/14.2.1/thumb/v7e-m/nofp/crtend.o
LOAD /usr/lib/gcc/arm-none-eabi/14.2.1/thumb/v7e-m/nofp/crtn.o
                0x00000200                        _Min_heap_size = 0x200
                0x00000400                        _Min_stack_size = 0x400

.isr_vector     0x08000000      0x188
                0x08000000                        . = ALIGN (0x4)
 *(.isr_vector)
 .isr_vector    0x08000000      0x188 ../Build_Result/StartupCode/startup__stm32f407vet6_gdb.o
                0x08000000                isr_vector_arr
                0x08000188                        . = ALIGN (0x4)

.text           0x08000188     0x2da0
                0x08000188                        . = ALIGN (0x4)
 *(.text)
 .text          0x08000188       0xa4 /usr/lib/gcc/arm-none-eabi/14.2.1/../../../arm-none-eabi/lib/thumb/v7e-m/nofp/libg.a(libc_a-memset.o)
                0x08000188                memset
 *(.text*)
 .text.main     0x0800022c       0x64 ../Build_Result/Control/main_gdb.o
                0x0800022c                main
 .text.initConfig
                0x08000290       0x4e ../Build_Result/Driver/Static/Driver_Init/init_static_gdb.o
                0x08000290                initConfig
 *fill*         0x080002de        0x2 
 .text.prioritySetup
                0x080002e0       0x88 ../Build_Result/Driver/Static/Driver_Init/init_static_gdb.o
 .text.initTick
                0x08000368       0x94 ../Build_Result/Driver/Static/Driver_Init/init_static_gdb.o
 .text.getPriorityVal
                0x080003fc       0xdc ../Build_Result/Driver/Static/Driver_Init/init_static_gdb.o
 .text.oscSetup
                0x080004d8      0x32c ../Build_Result/Driver/Static/Driver_Init/init_static_gdb.o
 .text.clockSetup
                0x08000804      0x35c ../Build_Result/Driver/Static/Driver_Init/init_static_gdb.o
 .text.flashLatency_Setup
                0x08000b60       0x8c ../Build_Result/Driver/Static/Driver_Init/init_static_gdb.o
 .text.NVIC_ISER_setVal
                0x08000bec       0x48 ../Build_Result/Driver/Config/Interrupt/Interrupt_gdb.o
                0x08000bec                NVIC_ISER_setVal
 .text.PWM_Generation
                0x08000c34      0x754 ../Build_Result/Driver/Config/Timer/PWM/PWM_gdb.o
                0x08000c34                PWM_Generation
 .text.I2C_init
                0x08001388      0x2ec ../Build_Result/Driver/Config/Communication/I2C/I2C_gdb.o
                0x08001388                I2C_init
 .text.I2C_master_recv
                0x08001674      0x218 ../Build_Result/Driver/Config/Communication/I2C/I2C_gdb.o
                0x08001674                I2C_master_recv
 .text.I2C_bus_clean
                0x0800188c      0x228 ../Build_Result/Driver/Config/Communication/I2C/I2C_gdb.o
 .text.GPIO_setup
                0x08001ab4      0x2b0 ../Build_Result/Driver/Config/GPIO/GPIO_gdb.o
                0x08001ab4                GPIO_setup
 .text.GPIO_IN_getVal
                0x08001d64       0x54 ../Build_Result/Driver/Config/GPIO/GPIO_gdb.o
                0x08001d64                GPIO_IN_getVal
 .text.GPIO_OUT_setVal
                0x08001db8       0x80 ../Build_Result/Driver/Config/GPIO/GPIO_gdb.o
                0x08001db8                GPIO_OUT_setVal
 .text.GPIO_init
                0x08001e38       0x2c ../Build_Result/Driver/Config/GPIO/GPIO_gdb.o
 .text.SystemInit
                0x08001e64       0x60 ../Build_Result/Driver/Config/Driver_Init/init_gdb.o
                0x08001e64                SystemInit
 .text.DMA_direct_init
                0x08001ec4      0x5d8 ../Build_Result/Driver/Config/DMA/DMA_gdb.o
                0x08001ec4                DMA_direct_init
 .text.DMA_transfer
                0x0800249c      0x150 ../Build_Result/Driver/Config/DMA/DMA_gdb.o
                0x0800249c                DMA_transfer
 .text.Enable_DMA_interruptLine
                0x080025ec      0x148 ../Build_Result/Driver/Config/DMA/DMA_gdb.o
 .text.delay_us
                0x08002734       0xa8 ../Build_Result/Algorithm/delay_us/delay_us_gdb.o
                0x08002734                delay_us
 .text.Reset_Handler
                0x080027dc       0x6c ../Build_Result/StartupCode/startup__stm32f407vet6_gdb.o
                0x080027dc                Reset_Handler
 .text.EXTI3_Handler
                0x08002848       0x38 ../Build_Result/StartupCode/startup__stm32f407vet6_gdb.o
                0x08002848                EXTI3_Handler
 .text.EXTI4_Handler
                0x08002880       0x38 ../Build_Result/StartupCode/startup__stm32f407vet6_gdb.o
                0x08002880                EXTI4_Handler
 .text.USART1_Handler
                0x080028b8      0x110 ../Build_Result/StartupCode/startup__stm32f407vet6_gdb.o
                0x080028b8                USART1_Handler
 .text.I2C1_EV_Handler
                0x080029c8      0x1d4 ../Build_Result/StartupCode/startup__stm32f407vet6_gdb.o
                0x080029c8                I2C1_EV_Handler
 .text.I2C1_ER_Handler
                0x08002b9c      0x124 ../Build_Result/StartupCode/startup__stm32f407vet6_gdb.o
                0x08002b9c                I2C1_ER_Handler
 .text.DMA1_Stream5_Handler
                0x08002cc0       0x88 ../Build_Result/StartupCode/startup__stm32f407vet6_gdb.o
                0x08002cc0                DMA1_Stream5_Handler
 .text.DMA1_Stream7_Handler
                0x08002d48       0x78 ../Build_Result/StartupCode/startup__stm32f407vet6_gdb.o
                0x08002d48                DMA1_Stream7_Handler
 .text.DMA2_Stream5_Handler
                0x08002dc0       0x50 ../Build_Result/StartupCode/startup__stm32f407vet6_gdb.o
                0x08002dc0                DMA2_Stream5_Handler
 .text.DMA2_Stream7_Handler
                0x08002e10       0x5c ../Build_Result/StartupCode/startup__stm32f407vet6_gdb.o
                0x08002e10                DMA2_Stream7_Handler
 .text.SysTick_Handler
                0x08002e6c       0x1c ../Build_Result/StartupCode/startup__stm32f407vet6_gdb.o
                0x08002e6c                SysTick_Handler
 .text.Default_Handler
                0x08002e88        0x8 ../Build_Result/StartupCode/startup__stm32f407vet6_gdb.o
                0x08002e88                RTC_WKUP_Handler
                0x08002e88                FLASH_Handler
                0x08002e88                SVCall_Handler
                0x08002e88                OTG_HS_Handler
                0x08002e88                HardFault_Handler
                0x08002e88                DMA2_Stream3_Handler
                0x08002e88                USART3_Handler
                0x08002e88                PendSV_Handler
                0x08002e88                NMI_Handler
                0x08002e88                TIM6_DAC_Handler
                0x08002e88                CAN1_RX1_Handler
                0x08002e88                EXTI15_10_Handler
                0x08002e88                ADC_Handler
                0x08002e88                HASH_RNG_Handler
                0x08002e88                TAMP_STAMP_Handler
                0x08002e88                I2C3_ER_Handler
                0x08002e88                WWDG_Handler
                0x08002e88                I2C3_EV_Handler
                0x08002e88                DMA1_Stream1_Handler
                0x08002e88                DMA2_Stream4_Handler
                0x08002e88                OTG_FS_Handler
                0x08002e88                ETH_WKUP_Handler
                0x08002e88                TIM1_BRK_TIM9_Handler
                0x08002e88                DMA1_Stream3_Handler
                0x08002e88                UsageFault_Handler
                0x08002e88                TIM1_UP_TIM10_Handler
                0x08002e88                CAN1_RX0_Handler
                0x08002e88                TIM1_CC_Handler
                0x08002e88                I2C2_ER_Handler
                0x08002e88                USART6_Handler
                0x08002e88                TIM8_CC_Handler
                0x08002e88                CAN1_SCE_Handler
                0x08002e88                DMA1_Stream0_Handler
                0x08002e88                OTG_HS_EP1_OUT_Handler
                0x08002e88                FSMC_Handler
                0x08002e88                EXTI1_Handler
                0x08002e88                CRYP_Handler
                0x08002e88                EXTI2_Handler
                0x08002e88                UART4_Handler
                0x08002e88                CAN2_RX1_Handler
                0x08002e88                EXTI9_5_Handler
                0x08002e88                TIM2_Handler
                0x08002e88                CAN2_SCE_Handler
                0x08002e88                TIM3_Handler
                0x08002e88                DMA2_Stream6_Handler
                0x08002e88                Default_Handler
                0x08002e88                DCMI_Handler
                0x08002e88                TIM1_TRG_COM_TIM11_Handler
                0x08002e88                RTC_Alarm_Handler
                0x08002e88                TIM4_Handler
                0x08002e88                TIM8_UP_TIM13_Handler
                0x08002e88                CAN2_TX_Handler
                0x08002e88                SPI2_Handler
                0x08002e88                DMA2_Stream1_Handler
                0x08002e88                DMA1_Stream2_Handler
                0x08002e88                Debug_Handler
                0x08002e88                MemManage_Handler
                0x08002e88                EXTI0_Handler
                0x08002e88                TIM8_BRK_TIM12_Handler
                0x08002e88                CAN2_RX0_Handler
                0x08002e88                DMA1_Stream6_Handler
                0x08002e88                SDIO_Handler
                0x08002e88                USART2_Handler
                0x08002e88                ETH_Handler
                0x08002e88                SPI1_Handler
                0x08002e88                I2C2_EV_Handler
                0x08002e88                DMA2_Stream2_Handler
                0x08002e88                SPI3_Handler
                0x08002e88                DMA2_Stream0_Handler
                0x08002e88                RCC_Handler
                0x08002e88                PVD_Handler
                0x08002e88                UART5_Handler
                0x08002e88                TIM5_Handler
                0x08002e88                TIM7_Handler
                0x08002e88                TIM8_TRG_COM_TIM14_Handler
                0x08002e88                CAN1_TX_Handler
                0x08002e88                FPU_Handler
                0x08002e88                BusFault_Handler
                0x08002e88                DMA1_Stream4_Handler
                0x08002e88                OTG_HS_WKUP_Handler
                0x08002e88                OTG_FS_WKUP_Handler
                0x08002e88                OTG_HS_EP1_IN_Handler
 .text.LMAtoVMA
                0x08002e90       0x32 ../Build_Result/StartupCode/startup__stm32f407vet6_gdb.o
 .text.clear_bss
                0x08002ec2       0x2a ../Build_Result/StartupCode/startup__stm32f407vet6_gdb.o
 *(.init)
 .init          0x08002eec        0x4 /usr/lib/gcc/arm-none-eabi/14.2.1/thumb/v7e-m/nofp/crti.o
                0x08002eec                _init
 .init          0x08002ef0        0x8 /usr/lib/gcc/arm-none-eabi/14.2.1/thumb/v7e-m/nofp/crtn.o
 *(.fini)
 .fini          0x08002ef8        0x4 /usr/lib/gcc/arm-none-eabi/14.2.1/thumb/v7e-m/nofp/crti.o
                0x08002ef8                _fini
 .fini          0x08002efc        0x8 /usr/lib/gcc/arm-none-eabi/14.2.1/thumb/v7e-m/nofp/crtn.o
 *(.rodata)
 .rodata        0x08002f04       0x18 ../Build_Result/Driver/Config/Communication/I2C/I2C_gdb.o
 .rodata        0x08002f1c        0x8 ../Build_Result/Driver/Config/Driver_Init/init_gdb.o
 *(.rodata*)
 .rodata.clearFlag_shiftBit_arr
                0x08002f24        0x4 ../Build_Result/Driver/Config/DMA/DMA_gdb.o
                0x08002f24                clearFlag_shiftBit_arr
 *(.ARM.exidx .ARM.exidx.*)
                0x08002f28                        . = ALIGN (0x4)
                0x08002f28                        _etext = .
                0x08002f28                        _sidata = _etext

.glue_7         0x08002f28        0x0
 .glue_7        0x08002f28        0x0 linker stubs

.glue_7t        0x08002f28        0x0
 .glue_7t       0x08002f28        0x0 linker stubs

.vfp11_veneer   0x08002f28        0x0
 .vfp11_veneer  0x08002f28        0x0 linker stubs

.v4_bx          0x08002f28        0x0
 .v4_bx         0x08002f28        0x0 linker stubs

.iplt           0x08002f28        0x0
 .iplt          0x08002f28        0x0 ../Build_Result/Control/main_gdb.o

.rel.dyn        0x08002f28        0x0
 .rel.iplt      0x08002f28        0x0 ../Build_Result/Control/main_gdb.o

.data           0x20000000       0xb0 load address 0x08002f28
                0x20000000                        . = ALIGN (0x4)
                0x20000000                        _sdata = .
 *(.data)
 *(.data*)
 .data.FLASH_reg
                0x20000000        0x4 ../Build_Result/Driver/Static/Driver_Init/init_static_gdb.o
                0x20000000                FLASH_reg
 .data.SCB_reg  0x20000004        0x4 ../Build_Result/Driver/Static/Driver_Init/init_static_gdb.o
                0x20000004                SCB_reg
 .data.PWR_reg  0x20000008        0x4 ../Build_Result/Driver/Static/Driver_Init/init_static_gdb.o
                0x20000008                PWR_reg
 .data.SYSTICK_reg
                0x2000000c        0x4 ../Build_Result/Driver/Static/Driver_Init/init_static_gdb.o
                0x2000000c                SYSTICK_reg
 .data.RCC_reg  0x20000010        0x4 ../Build_Result/Driver/Static/Driver_Init/init_static_gdb.o
                0x20000010                RCC_reg
 .data.SysClock_Freq
                0x20000014        0x4 ../Build_Result/Driver/Static/Driver_Init/init_static_gdb.o
                0x20000014                SysClock_Freq
 .data.AHB_freq
                0x20000018        0x4 ../Build_Result/Driver/Static/Driver_Init/init_static_gdb.o
                0x20000018                AHB_freq
 .data.NVIC_reg
                0x2000001c        0x4 ../Build_Result/Driver/Config/Interrupt/Interrupt_gdb.o
                0x2000001c                NVIC_reg
 .data.EXTI_reg
                0x20000020        0x4 ../Build_Result/Driver/Config/Interrupt/Interrupt_gdb.o
                0x20000020                EXTI_reg
 .data.TIM1_reg
                0x20000024        0x4 ../Build_Result/Driver/Config/Timer/Timer_Init_gdb.o
                0x20000024                TIM1_reg
 .data.TIM2_reg
                0x20000028        0x4 ../Build_Result/Driver/Config/Timer/Timer_Init_gdb.o
                0x20000028                TIM2_reg
 .data.TIM3_reg
                0x2000002c        0x4 ../Build_Result/Driver/Config/Timer/Timer_Init_gdb.o
                0x2000002c                TIM3_reg
 .data.TIM4_reg
                0x20000030        0x4 ../Build_Result/Driver/Config/Timer/Timer_Init_gdb.o
                0x20000030                TIM4_reg
 .data.TIM8_reg
                0x20000034        0x4 ../Build_Result/Driver/Config/Timer/Timer_Init_gdb.o
                0x20000034                TIM8_reg
 .data.TIM9_reg
                0x20000038        0x4 ../Build_Result/Driver/Config/Timer/Timer_Init_gdb.o
                0x20000038                TIM9_reg
 .data.TIM10_reg
                0x2000003c        0x4 ../Build_Result/Driver/Config/Timer/Timer_Init_gdb.o
                0x2000003c                TIM10_reg
 .data.TIM11_reg
                0x20000040        0x4 ../Build_Result/Driver/Config/Timer/Timer_Init_gdb.o
                0x20000040                TIM11_reg
 .data.TIM12_reg
                0x20000044        0x4 ../Build_Result/Driver/Config/Timer/Timer_Init_gdb.o
                0x20000044                TIM12_reg
 .data.GPIO_SCL_st
                0x20000048        0x6 ../Build_Result/Driver/Config/Communication/I2C/I2C_gdb.o
                0x20000048                GPIO_SCL_st
 *fill*         0x2000004e        0x2 
 .data.GPIO_SDA_st
                0x20000050        0x6 ../Build_Result/Driver/Config/Communication/I2C/I2C_gdb.o
                0x20000050                GPIO_SDA_st
 *fill*         0x20000056        0x2 
 .data.I2C_reg  0x20000058        0xc ../Build_Result/Driver/Config/Communication/I2C/I2C_gdb.o
                0x20000058                I2C_reg
 .data.I2C_state_tx
                0x20000064        0x3 ../Build_Result/Driver/Config/Communication/I2C/I2C_gdb.o
                0x20000064                I2C_state_tx
 *fill*         0x20000067        0x1 
 .data.I2C_state_rx
                0x20000068        0x3 ../Build_Result/Driver/Config/Communication/I2C/I2C_gdb.o
                0x20000068                I2C_state_rx
 *fill*         0x2000006b        0x1 
 .data.USART_reg
                0x2000006c       0x18 ../Build_Result/Driver/Config/Communication/UART/UART_gdb.o
                0x2000006c                USART_reg
 .data.GPIO_reg
                0x20000084       0x24 ../Build_Result/Driver/Config/GPIO/GPIO_gdb.o
                0x20000084                GPIO_reg
 .data.DMA_reg  0x200000a8        0x8 ../Build_Result/Driver/Config/DMA/DMA_gdb.o
                0x200000a8                DMA_reg
                0x200000b0                        . = ALIGN (0x4)
                0x200000b0                        _edata = .

.igot.plt       0x200000b0        0x0 load address 0x08002fd8
 .igot.plt      0x200000b0        0x0 ../Build_Result/Control/main_gdb.o

.bss            0x200000b0      0x44c load address 0x08002fd8
                0x200000b0                        . = ALIGN (0x4)
                0x200000b0                        _sbss = .
 *(COMMON)
 *(.bss)
 *(.bss*)
 .bss.APB1_freq
                0x200000b0        0x4 ../Build_Result/Driver/Static/Driver_Init/init_static_gdb.o
                0x200000b0                APB1_freq
 .bss.APB2_freq
                0x200000b4        0x4 ../Build_Result/Driver/Static/Driver_Init/init_static_gdb.o
                0x200000b4                APB2_freq
 .bss.is_PWMinit
                0x200000b8       0x38 ../Build_Result/Driver/Config/Timer/PWM/PWM_gdb.o
                0x200000b8                is_PWMinit
 .bss.is_timerInit
                0x200000f0        0xe ../Build_Result/Driver/Config/Timer/Timer_Init_gdb.o
                0x200000f0                is_timerInit
 *fill*         0x200000fe        0x2 
 .bss.I2C_init_state
                0x20000100        0x3 ../Build_Result/Driver/Config/Communication/I2C/I2C_gdb.o
                0x20000100                I2C_init_state
 *fill*         0x20000103        0x1 
 .bss.I2C_recv_buf
                0x20000104       0xc0 ../Build_Result/Driver/Config/Communication/I2C/I2C_gdb.o
                0x20000104                I2C_recv_buf
 .bss.isUpdated_I2C
                0x200001c4        0x3 ../Build_Result/Driver/Config/Communication/I2C/I2C_gdb.o
                0x200001c4                isUpdated_I2C
 *fill*         0x200001c7        0x1 
 .bss.I2C_length
                0x200001c8        0x3 ../Build_Result/Driver/Config/Communication/I2C/I2C_gdb.o
                0x200001c8                I2C_length
 *fill*         0x200001cb        0x1 
 .bss.I2C_addr  0x200001cc        0x3 ../Build_Result/Driver/Config/Communication/I2C/I2C_gdb.o
                0x200001cc                I2C_addr
 *fill*         0x200001cf        0x1 
 .bss.is_Init_done_once.0
                0x200001d0        0x3 ../Build_Result/Driver/Config/Communication/I2C/I2C_gdb.o
 *fill*         0x200001d3        0x1 
 .bss.UART_recv_buf
                0x200001d4      0x324 ../Build_Result/Driver/Config/Communication/UART/UART_gdb.o
                0x200001d4                UART_recv_buf
 .bss.isLastByte_I2C.0
                0x200004f8        0x2 ../Build_Result/StartupCode/startup__stm32f407vet6_gdb.o
                0x200004fc                        . = ALIGN (0x4)
 *fill*         0x200004fa        0x2 
                0x200004fc                        _ebss = .
                0x08002fd8                        _sccm_lma = (_sidata + SIZEOF (.data))
                0x08002fd8                        _ccmram_sidata = _sccm_lma

.ccmram_data    0x10000000       0x20 load address 0x08002fd8
                0x10000000                        _ccmram_sdata = .
 *(.ccmram_data*)
 .ccmram_data   0x10000000       0x1e ../Build_Result/Driver/Config/Communication/UART/UART_gdb.o
                0x10000000                isUpdated_UART
                0x10000008                UART_init_state
                0x10000010                UART_state_tx
                0x10000018                UART_state_rx
                0x10000020                        . = ALIGN (0x4)
 *fill*         0x1000001e        0x2 
                0x10000020                        _ccmram_edata = .

.ccmram_bss     0x10000020        0x4 load address 0x08002ff8
                0x10000020                        _ccmram_sbss = .
 *(.ccmram_bss*)
 .ccmram_bss    0x10000020        0x4 ../Build_Result/StartupCode/startup__stm32f407vet6_gdb.o
                0x10000020                SysTick_cnt_u32
                0x10000024                        . = ALIGN (0x4)
                0x10000024                        _ccmram_ebss = .

.heap           0x200004fc      0x204 load address 0x08003424
                0x20000500                        . = ALIGN (0x8)
 *fill*         0x200004fc        0x4 
                0x20000500                        _heap_start = .
                0x20000700                        . = (. + _Min_heap_size)
 *fill*         0x20000500      0x200 
                0x20000700                        . = ALIGN (0x8)
                0x20000700                        _heap_end = .

.stack          0x20000700    0x1f900 load address 0x08003628
                0x20020000                        _estack = (ORIGIN (SRAM) + LENGTH (SRAM))
                0x2001fc00                        _stack_start = (_estack - _Min_stack_size)
                0x2001fc00                        . = _stack_start
 *fill*         0x20000700    0x1f500 
                0x20020000                        . = (. + _Min_stack_size)
 *fill*         0x2001fc00      0x400 
                0x00000001                        ASSERT ((_heap_end <= _stack_start), Heap and stack collision)
                0x00000001                        ASSERT (((((SIZEOF (.isr_vector) + SIZEOF (.text)) + SIZEOF (.data)) + SIZEOF (.ccmram_data)) <= LENGTH (FLASH)), Not enough FLASH)
                0x00000001                        ASSERT (((((SIZEOF (.data) + SIZEOF (.bss)) + _Min_heap_size) + _Min_stack_size) <= LENGTH (SRAM)), Not enough SRAM)
                0x00000001                        ASSERT (((SIZEOF (.ccmram_data) + SIZEOF (.ccmram_bss)) <= LENGTH (CCMRAM)), Not enough CCMRAM)
OUTPUT(../Build_Result/Hexapod_Robot_gdb.elf elf32-littlearm)
LOAD linker stubs

.ARM.attributes
                0x00000000       0x2a
 .ARM.attributes
                0x00000000       0x1e /usr/lib/gcc/arm-none-eabi/14.2.1/thumb/v7e-m/nofp/crti.o
 .ARM.attributes
                0x0000001e       0x2e ../Build_Result/Control/main_gdb.o
 .ARM.attributes
                0x0000004c       0x2e ../Build_Result/Driver/Static/Driver_Init/init_static_gdb.o
 .ARM.attributes
                0x0000007a       0x2e ../Build_Result/Driver/Config/Interrupt/Interrupt_gdb.o
 .ARM.attributes
                0x000000a8       0x2e ../Build_Result/Driver/Config/Timer/PWM/PWM_gdb.o
 .ARM.attributes
                0x000000d6       0x2e ../Build_Result/Driver/Config/Timer/Timer_Init_gdb.o
 .ARM.attributes
                0x00000104       0x2e ../Build_Result/Driver/Config/Communication/I2C/I2C_gdb.o
 .ARM.attributes
                0x00000132       0x2e ../Build_Result/Driver/Config/Communication/UART/UART_gdb.o
 .ARM.attributes
                0x00000160       0x2e ../Build_Result/Driver/Config/GPIO/GPIO_gdb.o
 .ARM.attributes
                0x0000018e       0x2e ../Build_Result/Driver/Config/Driver_Init/init_gdb.o
 .ARM.attributes
                0x000001bc       0x2e ../Build_Result/Driver/Config/DMA/DMA_gdb.o
 .ARM.attributes
                0x000001ea       0x2e ../Build_Result/Algorithm/delay_us/delay_us_gdb.o
 .ARM.attributes
                0x00000218       0x2e ../Build_Result/StartupCode/startup__stm32f407vet6_gdb.o
 .ARM.attributes
                0x00000246       0x2e /usr/lib/gcc/arm-none-eabi/14.2.1/../../../arm-none-eabi/lib/thumb/v7e-m/nofp/libg.a(libc_a-memset.o)
 .ARM.attributes
                0x00000274       0x1e /usr/lib/gcc/arm-none-eabi/14.2.1/thumb/v7e-m/nofp/crtn.o

.comment        0x00000000       0x4c
 .comment       0x00000000       0x4c ../Build_Result/Control/main_gdb.o
                                 0x27 (size before relaxing)
 .comment       0x0000004c       0x27 ../Build_Result/Driver/Static/Driver_Init/init_static_gdb.o
 .comment       0x0000004c       0x27 ../Build_Result/Driver/Config/Interrupt/Interrupt_gdb.o
 .comment       0x0000004c       0x27 ../Build_Result/Driver/Config/Timer/PWM/PWM_gdb.o
 .comment       0x0000004c       0x27 ../Build_Result/Driver/Config/Timer/Timer_Init_gdb.o
 .comment       0x0000004c       0x27 ../Build_Result/Driver/Config/Communication/I2C/I2C_gdb.o
 .comment       0x0000004c       0x27 ../Build_Result/Driver/Config/Communication/UART/UART_gdb.o
 .comment       0x0000004c       0x27 ../Build_Result/Driver/Config/GPIO/GPIO_gdb.o
 .comment       0x0000004c       0x27 ../Build_Result/Driver/Config/Driver_Init/init_gdb.o
 .comment       0x0000004c       0x27 ../Build_Result/Driver/Config/DMA/DMA_gdb.o
 .comment       0x0000004c       0x27 ../Build_Result/Algorithm/delay_us/delay_us_gdb.o
 .comment       0x0000004c       0x27 ../Build_Result/StartupCode/startup__stm32f407vet6_gdb.o
 .comment       0x0000004c       0x27 /usr/lib/gcc/arm-none-eabi/14.2.1/../../../arm-none-eabi/lib/thumb/v7e-m/nofp/libg.a(libc_a-memset.o)

.debug_info     0x00000000     0x5f98
 .debug_info    0x00000000      0x2b0 ../Build_Result/Control/main_gdb.o
 .debug_info    0x000002b0      0x904 ../Build_Result/Driver/Static/Driver_Init/init_static_gdb.o
 .debug_info    0x00000bb4      0x913 ../Build_Result/Driver/Config/Interrupt/Interrupt_gdb.o
 .debug_info    0x000014c7      0x7e1 ../Build_Result/Driver/Config/Timer/PWM/PWM_gdb.o
 .debug_info    0x00001ca8      0x887 ../Build_Result/Driver/Config/Timer/Timer_Init_gdb.o
 .debug_info    0x0000252f      0xdf6 ../Build_Result/Driver/Config/Communication/I2C/I2C_gdb.o
 .debug_info    0x00003325      0xdf5 ../Build_Result/Driver/Config/Communication/UART/UART_gdb.o
 .debug_info    0x0000411a      0x5a7 ../Build_Result/Driver/Config/GPIO/GPIO_gdb.o
 .debug_info    0x000046c1      0x2ec ../Build_Result/Driver/Config/Driver_Init/init_gdb.o
 .debug_info    0x000049ad      0xad5 ../Build_Result/Driver/Config/DMA/DMA_gdb.o
 .debug_info    0x00005482      0x14d ../Build_Result/Algorithm/delay_us/delay_us_gdb.o
 .debug_info    0x000055cf      0x894 ../Build_Result/StartupCode/startup__stm32f407vet6_gdb.o
 .debug_info    0x00005e63      0x135 /usr/lib/gcc/arm-none-eabi/14.2.1/../../../arm-none-eabi/lib/thumb/v7e-m/nofp/libg.a(libc_a-memset.o)

.debug_abbrev   0x00000000     0x123a
 .debug_abbrev  0x00000000       0x9a ../Build_Result/Control/main_gdb.o
 .debug_abbrev  0x0000009a      0x1d4 ../Build_Result/Driver/Static/Driver_Init/init_static_gdb.o
 .debug_abbrev  0x0000026e      0x1c0 ../Build_Result/Driver/Config/Interrupt/Interrupt_gdb.o
 .debug_abbrev  0x0000042e      0x181 ../Build_Result/Driver/Config/Timer/PWM/PWM_gdb.o
 .debug_abbrev  0x000005af      0x10f ../Build_Result/Driver/Config/Timer/Timer_Init_gdb.o
 .debug_abbrev  0x000006be      0x212 ../Build_Result/Driver/Config/Communication/I2C/I2C_gdb.o
 .debug_abbrev  0x000008d0      0x1fe ../Build_Result/Driver/Config/Communication/UART/UART_gdb.o
 .debug_abbrev  0x00000ace      0x154 ../Build_Result/Driver/Config/GPIO/GPIO_gdb.o
 .debug_abbrev  0x00000c22       0xe1 ../Build_Result/Driver/Config/Driver_Init/init_gdb.o
 .debug_abbrev  0x00000d03      0x1d5 ../Build_Result/Driver/Config/DMA/DMA_gdb.o
 .debug_abbrev  0x00000ed8       0xce ../Build_Result/Algorithm/delay_us/delay_us_gdb.o
 .debug_abbrev  0x00000fa6      0x1dd ../Build_Result/StartupCode/startup__stm32f407vet6_gdb.o
 .debug_abbrev  0x00001183       0xb7 /usr/lib/gcc/arm-none-eabi/14.2.1/../../../arm-none-eabi/lib/thumb/v7e-m/nofp/libg.a(libc_a-memset.o)

.debug_aranges  0x00000000      0x2a8
 .debug_aranges
                0x00000000       0x20 ../Build_Result/Control/main_gdb.o
 .debug_aranges
                0x00000020       0x50 ../Build_Result/Driver/Static/Driver_Init/init_static_gdb.o
 .debug_aranges
                0x00000070       0x30 ../Build_Result/Driver/Config/Interrupt/Interrupt_gdb.o
 .debug_aranges
                0x000000a0       0x28 ../Build_Result/Driver/Config/Timer/PWM/PWM_gdb.o
 .debug_aranges
                0x000000c8       0x20 ../Build_Result/Driver/Config/Timer/Timer_Init_gdb.o
 .debug_aranges
                0x000000e8       0x38 ../Build_Result/Driver/Config/Communication/I2C/I2C_gdb.o
 .debug_aranges
                0x00000120       0x30 ../Build_Result/Driver/Config/Communication/UART/UART_gdb.o
 .debug_aranges
                0x00000150       0x38 ../Build_Result/Driver/Config/GPIO/GPIO_gdb.o
 .debug_aranges
                0x00000188       0x20 ../Build_Result/Driver/Config/Driver_Init/init_gdb.o
 .debug_aranges
                0x000001a8       0x38 ../Build_Result/Driver/Config/DMA/DMA_gdb.o
 .debug_aranges
                0x000001e0       0x20 ../Build_Result/Algorithm/delay_us/delay_us_gdb.o
 .debug_aranges
                0x00000200       0x88 ../Build_Result/StartupCode/startup__stm32f407vet6_gdb.o
 .debug_aranges
                0x00000288       0x20 /usr/lib/gcc/arm-none-eabi/14.2.1/../../../arm-none-eabi/lib/thumb/v7e-m/nofp/libg.a(libc_a-memset.o)

.debug_rnglists
                0x00000000      0x1d5
 .debug_rnglists
                0x00000000       0x13 ../Build_Result/Control/main_gdb.o
 .debug_rnglists
                0x00000013       0x3d ../Build_Result/Driver/Static/Driver_Init/init_static_gdb.o
 .debug_rnglists
                0x00000050       0x20 ../Build_Result/Driver/Config/Interrupt/Interrupt_gdb.o
 .debug_rnglists
                0x00000070       0x1b ../Build_Result/Driver/Config/Timer/PWM/PWM_gdb.o
 .debug_rnglists
                0x0000008b       0x14 ../Build_Result/Driver/Config/Timer/Timer_Init_gdb.o
 .debug_rnglists
                0x0000009f       0x29 ../Build_Result/Driver/Config/Communication/I2C/I2C_gdb.o
 .debug_rnglists
                0x000000c8       0x31 ../Build_Result/Driver/Config/Communication/UART/UART_gdb.o
 .debug_rnglists
                0x000000f9       0x27 ../Build_Result/Driver/Config/GPIO/GPIO_gdb.o
 .debug_rnglists
                0x00000120       0x13 ../Build_Result/Driver/Config/Driver_Init/init_gdb.o
 .debug_rnglists
                0x00000133       0x29 ../Build_Result/Driver/Config/DMA/DMA_gdb.o
 .debug_rnglists
                0x0000015c       0x14 ../Build_Result/Algorithm/delay_us/delay_us_gdb.o
 .debug_rnglists
                0x00000170       0x65 ../Build_Result/StartupCode/startup__stm32f407vet6_gdb.o

.debug_line     0x00000000     0x2ccf
 .debug_line    0x00000000       0xf1 ../Build_Result/Control/main_gdb.o
 .debug_line    0x000000f1      0x54a ../Build_Result/Driver/Static/Driver_Init/init_static_gdb.o
 .debug_line    0x0000063b      0x1d6 ../Build_Result/Driver/Config/Interrupt/Interrupt_gdb.o
 .debug_line    0x00000811      0x8b1 ../Build_Result/Driver/Config/Timer/PWM/PWM_gdb.o
 .debug_line    0x000010c2      0x29e ../Build_Result/Driver/Config/Timer/Timer_Init_gdb.o
 .debug_line    0x00001360      0x53b ../Build_Result/Driver/Config/Communication/I2C/I2C_gdb.o
 .debug_line    0x0000189b      0x4ff ../Build_Result/Driver/Config/Communication/UART/UART_gdb.o
 .debug_line    0x00001d9a      0x1b6 ../Build_Result/Driver/Config/GPIO/GPIO_gdb.o
 .debug_line    0x00001f50       0xd9 ../Build_Result/Driver/Config/Driver_Init/init_gdb.o
 .debug_line    0x00002029      0x3de ../Build_Result/Driver/Config/DMA/DMA_gdb.o
 .debug_line    0x00002407      0x146 ../Build_Result/Algorithm/delay_us/delay_us_gdb.o
 .debug_line    0x0000254d      0x5c8 ../Build_Result/StartupCode/startup__stm32f407vet6_gdb.o
 .debug_line    0x00002b15      0x1ba /usr/lib/gcc/arm-none-eabi/14.2.1/../../../arm-none-eabi/lib/thumb/v7e-m/nofp/libg.a(libc_a-memset.o)

.debug_str      0x00000000     0x1b25
 .debug_str     0x00000000     0x1b25 ../Build_Result/Control/main_gdb.o
                                0x2ac (size before relaxing)
 .debug_str     0x00001b25      0x726 ../Build_Result/Driver/Static/Driver_Init/init_static_gdb.o
 .debug_str     0x00001b25      0x861 ../Build_Result/Driver/Config/Interrupt/Interrupt_gdb.o
 .debug_str     0x00001b25      0x46d ../Build_Result/Driver/Config/Timer/PWM/PWM_gdb.o
 .debug_str     0x00001b25      0x484 ../Build_Result/Driver/Config/Timer/Timer_Init_gdb.o
 .debug_str     0x00001b25      0xb7b ../Build_Result/Driver/Config/Communication/I2C/I2C_gdb.o
 .debug_str     0x00001b25      0xb91 ../Build_Result/Driver/Config/Communication/UART/UART_gdb.o
 .debug_str     0x00001b25      0x47c ../Build_Result/Driver/Config/GPIO/GPIO_gdb.o
 .debug_str     0x00001b25      0x40a ../Build_Result/Driver/Config/Driver_Init/init_gdb.o
 .debug_str     0x00001b25      0xa96 ../Build_Result/Driver/Config/DMA/DMA_gdb.o
 .debug_str     0x00001b25      0x22b ../Build_Result/Algorithm/delay_us/delay_us_gdb.o
 .debug_str     0x00001b25      0x5a6 ../Build_Result/StartupCode/startup__stm32f407vet6_gdb.o
 .debug_str     0x00001b25      0x1a6 /usr/lib/gcc/arm-none-eabi/14.2.1/../../../arm-none-eabi/lib/thumb/v7e-m/nofp/libg.a(libc_a-memset.o)

.debug_frame    0x00000000      0x76c
 .debug_frame   0x00000000       0x30 ../Build_Result/Control/main_gdb.o
 .debug_frame   0x00000030      0x124 ../Build_Result/Driver/Static/Driver_Init/init_static_gdb.o
 .debug_frame   0x00000154       0x88 ../Build_Result/Driver/Config/Interrupt/Interrupt_gdb.o
 .debug_frame   0x000001dc       0x64 ../Build_Result/Driver/Config/Timer/PWM/PWM_gdb.o
 .debug_frame   0x00000240       0x38 ../Build_Result/Driver/Config/Timer/Timer_Init_gdb.o
 .debug_frame   0x00000278       0xa8 ../Build_Result/Driver/Config/Communication/I2C/I2C_gdb.o
 .debug_frame   0x00000320       0x84 ../Build_Result/Driver/Config/Communication/UART/UART_gdb.o
 .debug_frame   0x000003a4       0xb0 ../Build_Result/Driver/Config/GPIO/GPIO_gdb.o
 .debug_frame   0x00000454       0x34 ../Build_Result/Driver/Config/Driver_Init/init_gdb.o
 .debug_frame   0x00000488       0xac ../Build_Result/Driver/Config/DMA/DMA_gdb.o
 .debug_frame   0x00000534       0x38 ../Build_Result/Algorithm/delay_us/delay_us_gdb.o
 .debug_frame   0x0000056c      0x1d4 ../Build_Result/StartupCode/startup__stm32f407vet6_gdb.o
 .debug_frame   0x00000740       0x2c /usr/lib/gcc/arm-none-eabi/14.2.1/../../../arm-none-eabi/lib/thumb/v7e-m/nofp/libg.a(libc_a-memset.o)

.debug_loclists
                0x00000000      0x1c2
 .debug_loclists
                0x00000000      0x1c2 /usr/lib/gcc/arm-none-eabi/14.2.1/../../../arm-none-eabi/lib/thumb/v7e-m/nofp/libg.a(libc_a-memset.o)
